Archive member included to satisfy reference by file (symbol)

d:/software/mounriver/mounriver_studio2/resources/app/resources/win32/components/wch/toolchain/risc-v embedded gcc12/bin/../lib/gcc/riscv-wch-elf/12.2.0/rv32ec_zmmul_xw/ilp32e\libgcc.a(_divdi3.o)
                              ./Common/C_Traj_Planner.o (__divdi3)
d:/software/mounriver/mounriver_studio2/resources/app/resources/win32/components/wch/toolchain/risc-v embedded gcc12/bin/../lib/gcc/riscv-wch-elf/12.2.0/rv32ec_zmmul_xw/ilp32e\libgcc.a(_udivdi3.o)
                              ./Common/C_Traj_Planner.o (__udivdi3)
d:/software/mounriver/mounriver_studio2/resources/app/resources/win32/components/wch/toolchain/risc-v embedded gcc12/bin/../lib/gcc/riscv-wch-elf/12.2.0/rv32ec_zmmul_xw/ilp32e\libgcc.a(save-restore.o)
                              ./System/flash.o (__riscv_save_2)
d:/software/mounriver/mounriver_studio2/resources/app/resources/win32/components/wch/toolchain/risc-v embedded gcc12/bin/../lib/gcc/riscv-wch-elf/12.2.0/rv32ec_zmmul_xw/ilp32e\libgcc.a(div.o)
                              ./System/system_ch32v00X.o (__divsi3)
d:/software/mounriver/mounriver_studio2/resources/app/resources/win32/components/wch/toolchain/risc-v embedded gcc12/bin/../lib/gcc/riscv-wch-elf/12.2.0/rv32ec_zmmul_xw/ilp32e\libgcc.a(_clz.o)
                              d:/software/mounriver/mounriver_studio2/resources/app/resources/win32/components/wch/toolchain/risc-v embedded gcc12/bin/../lib/gcc/riscv-wch-elf/12.2.0/rv32ec_zmmul_xw/ilp32e\libgcc.a(_divdi3.o) (__clz_tab)
d:/software/mounriver/mounriver_studio2/resources/app/resources/win32/components/wch/toolchain/risc-v embedded gcc12/bin/../lib/gcc/riscv-wch-elf/12.2.0/../../../../riscv-wch-elf/lib/rv32ec_zmmul_xw/ilp32e\libg_nano.a(lib_a-memcmp.o)
                              ./System/flash.o (memcmp)
d:/software/mounriver/mounriver_studio2/resources/app/resources/win32/components/wch/toolchain/risc-v embedded gcc12/bin/../lib/gcc/riscv-wch-elf/12.2.0/../../../../riscv-wch-elf/lib/rv32ec_zmmul_xw/ilp32e\libg_nano.a(lib_a-memcpy-asm.o)
                              ./System/flash.o (memcpy)
d:/software/mounriver/mounriver_studio2/resources/app/resources/win32/components/wch/toolchain/risc-v embedded gcc12/bin/../lib/gcc/riscv-wch-elf/12.2.0/../../../../riscv-wch-elf/lib/rv32ec_zmmul_xw/ilp32e\libg_nano.a(lib_a-memset.o)
                              ./System/flash.o (memset)
d:/software/mounriver/mounriver_studio2/resources/app/resources/win32/components/wch/toolchain/risc-v embedded gcc12/bin/../lib/gcc/riscv-wch-elf/12.2.0/../../../../riscv-wch-elf/lib/rv32ec_zmmul_xw/ilp32e\libg_nano.a(lib_a-printf.o)
                              ./Application/A_Calib_Min.o (printf)
d:/software/mounriver/mounriver_studio2/resources/app/resources/win32/components/wch/toolchain/risc-v embedded gcc12/bin/../lib/gcc/riscv-wch-elf/12.2.0/../../../../riscv-wch-elf/lib/rv32ec_zmmul_xw/ilp32e\libg_nano.a(lib_a-puts.o)
                              ./Application/A_Calib_Min.o (puts)
d:/software/mounriver/mounriver_studio2/resources/app/resources/win32/components/wch/toolchain/risc-v embedded gcc12/bin/../lib/gcc/riscv-wch-elf/12.2.0/../../../../riscv-wch-elf/lib/rv32ec_zmmul_xw/ilp32e\libg_nano.a(lib_a-strlen.o)
                              ./Application/A_UartCmd.o (strlen)
d:/software/mounriver/mounriver_studio2/resources/app/resources/win32/components/wch/toolchain/risc-v embedded gcc12/bin/../lib/gcc/riscv-wch-elf/12.2.0/../../../../riscv-wch-elf/lib/rv32ec_zmmul_xw/ilp32e\libg_nano.a(lib_a-wbuf.o)
                              d:/software/mounriver/mounriver_studio2/resources/app/resources/win32/components/wch/toolchain/risc-v embedded gcc12/bin/../lib/gcc/riscv-wch-elf/12.2.0/../../../../riscv-wch-elf/lib/rv32ec_zmmul_xw/ilp32e\libg_nano.a(lib_a-puts.o) (__swbuf_r)
d:/software/mounriver/mounriver_studio2/resources/app/resources/win32/components/wch/toolchain/risc-v embedded gcc12/bin/../lib/gcc/riscv-wch-elf/12.2.0/../../../../riscv-wch-elf/lib/rv32ec_zmmul_xw/ilp32e\libg_nano.a(lib_a-wsetup.o)
                              d:/software/mounriver/mounriver_studio2/resources/app/resources/win32/components/wch/toolchain/risc-v embedded gcc12/bin/../lib/gcc/riscv-wch-elf/12.2.0/../../../../riscv-wch-elf/lib/rv32ec_zmmul_xw/ilp32e\libg_nano.a(lib_a-puts.o) (__swsetup_r)
d:/software/mounriver/mounriver_studio2/resources/app/resources/win32/components/wch/toolchain/risc-v embedded gcc12/bin/../lib/gcc/riscv-wch-elf/12.2.0/../../../../riscv-wch-elf/lib/rv32ec_zmmul_xw/ilp32e\libg_nano.a(lib_a-fflush.o)
                              d:/software/mounriver/mounriver_studio2/resources/app/resources/win32/components/wch/toolchain/risc-v embedded gcc12/bin/../lib/gcc/riscv-wch-elf/12.2.0/../../../../riscv-wch-elf/lib/rv32ec_zmmul_xw/ilp32e\libg_nano.a(lib_a-wbuf.o) (_fflush_r)
[...]
Memory Configuration

Name             Origin             Length             Attributes
FLASH            0x0000000000000000 0x000000000000f500 xr
RAM              0x0000000020000000 0x0000000000002000 xrw
*default*        0x0000000000000000 0xffffffffffffffff

Linker script and memory map

LOAD ./User/ch32v00X_it.o
LOAD ./User/main.o
LOAD ./System/flash.o
LOAD ./System/iap.o
LOAD ./System/system_ch32v00X.o
LOAD ./SRC/Startup/startup_ch32v00X.o
LOAD ./SRC/Peripheral/src/ch32v00X_adc.o
LOAD ./SRC/Peripheral/src/ch32v00X_dbgmcu.o
LOAD ./SRC/Peripheral/src/ch32v00X_dma.o
LOAD ./SRC/Peripheral/src/ch32v00X_exti.o
LOAD ./SRC/Peripheral/src/ch32v00X_flash.o
LOAD ./SRC/Peripheral/src/ch32v00X_gpio.o
LOAD ./SRC/Peripheral/src/ch32v00X_i2c.o
LOAD ./SRC/Peripheral/src/ch32v00X_iwdg.o
LOAD ./SRC/Peripheral/src/ch32v00X_misc.o
LOAD ./SRC/Peripheral/src/ch32v00X_opa.o
LOAD ./SRC/Peripheral/src/ch32v00X_pwr.o
LOAD ./SRC/Peripheral/src/ch32v00X_rcc.o
LOAD ./SRC/Peripheral/src/ch32v00X_spi.o
LOAD ./SRC/Peripheral/src/ch32v00X_tim.o
LOAD ./SRC/Peripheral/src/ch32v00X_usart.o
LOAD ./SRC/Peripheral/src/ch32v00X_wwdg.o
LOAD ./SRC/Debug/debug.o
LOAD ./SRC/Core/core_riscv.o
LOAD ./Drivers/D_adc.o
LOAD ./Drivers/D_i2c.o
LOAD ./Drivers/D_iwdg.o
LOAD ./Drivers/D_motor.o
LOAD ./Drivers/D_mt6701.o
LOAD ./Drivers/D_opa.o
LOAD ./Drivers/D_spi.o
LOAD ./Drivers/D_tim.o
LOAD ./Drivers/D_tmp112.o
LOAD ./Drivers/D_uart.o
LOAD ./Drivers/D_ws2812.o
LOAD ./Common/C_Pos_Ctrl.o
LOAD ./Common/C_Ring_Buf.o
LOAD ./Common/C_Speed_Observer.o
LOAD ./Common/C_Task_Scheduler.o
LOAD ./Common/C_Traj_Planner.o
LOAD ./Application/A_Calib_Min.o
LOAD ./Application/A_Config.o
LOAD ./Application/A_Protect.o
LOAD ./Application/A_Sensor.o
LOAD ./Application/A_Servo.o
LOAD ./Application/A_Tasks.o
LOAD ./Application/A_UartCmd.o
LOAD d:/software/mounriver/mounriver_studio2/resources/app/resources/win32/components/wch/toolchain/risc-v embedded gcc12/bin/../lib/gcc/riscv-wch-elf/12.2.0/../../../../riscv-wch-elf/lib/rv32ec_zmmul_xw/ilp32e\libm_nano.a
LOAD d:/software/mounriver/mounriver_studio2/resources/app/resources/win32/components/wch/toolchain/risc-v embedded gcc12/bin/../lib/gcc/riscv-wch-elf/12.2.0/rv32ec_zmmul_xw/ilp32e\libgcc.a
LOAD d:/software/mounriver/mounriver_studio2/resources/app/resources/win32/components/wch/toolchain/risc-v embedded gcc12/bin/../lib/gcc/riscv-wch-elf/12.2.0/../../../../riscv-wch-elf/lib/rv32ec_zmmul_xw/ilp32e\libg_nano.a
LOAD d:/software/mounriver/mounriver_studio2/resources/app/resources/win32/components/wch/toolchain/risc-v embedded gcc12/bin/../lib/gcc/riscv-wch-elf/12.2.0/../../../../riscv-wch-elf/lib/rv32ec_zmmul_xw/ilp32e\libc_nano.a
LOAD d:/software/mounriver/mounriver_studio2/resources/app/resources/win32/components/wch/toolchain/risc-v embedded gcc12/bin/../lib/gcc/riscv-wch-elf/12.2.0/rv32ec_zmmul_xw/ilp32e\libgcc.a
START GROUP
LOAD d:/software/mounriver/mounriver_studio2/resources/app/resources/win32/components/wch/toolchain/risc-v embedded gcc12/bin/../lib/gcc/riscv-wch-elf/12.2.0/rv32ec_zmmul_xw/ilp32e\libgcc.a
LOAD d:/software/mounriver/mounriver_studio2/resources/app/resources/win32/components/wch/toolchain/risc-v embedded gcc12/bin/../lib/gcc/riscv-wch-elf/12.2.0/../../../../riscv-wch-elf/lib/rv32ec_zmmul_xw/ilp32e\libc_nano.a
LOAD d:/software/mounriver/mounriver_studio2/resources/app/resources/win32/components/wch/toolchain/risc-v embedded gcc12/bin/../lib/gcc/riscv-wch-elf/12.2.0/../../../../riscv-wch-elf/lib/rv32ec_zmmul_xw/ilp32e\libnosys.a
END GROUP
START GROUP
LOAD d:/software/mounriver/mounriver_studio2/resources/app/resources/win32/components/wch/toolchain/risc-v embedded gcc12/bin/../lib/gcc/riscv-wch-elf/12.2.0/rv32ec_zmmul_xw/ilp32e\libgcc.a
LOAD d:/software/mounriver/mounriver_studio2/resources/app/resources/win32/components/wch/toolchain/risc-v embedded gcc12/bin/../lib/gcc/riscv-wch-elf/12.2.0/../../../../riscv-wch-elf/lib/rv32ec_zmmul_xw/ilp32e\libc_nano.a
LOAD d:/software/mounriver/mounriver_studio2/resources/app/resources/win32/components/wch/toolchain/risc-v embedded gcc12/bin/../lib/gcc/riscv-wch-elf/12.2.0/../../../../riscv-wch-elf/lib/rv32ec_zmmul_xw/ilp32e\libnosys.a
END GROUP
                0x0000000000000800                __stack_size = 0x800
                [!provide]                        PROVIDE (_stack_size = __stack_size)

.init           0x0000000000000000       0xa8
                0x0000000000000000                _sinit = .
                0x0000000000000000                . = ALIGN (0x4)
 *(SORT_NONE(.init))
 .init          0x0000000000000000       0xa6 ./SRC/Startup/startup_ch32v00X.o
                0x0000000000000000                _start
                0x00000000000000a8                . = ALIGN (0x4)
 *fill*         0x00000000000000a6        0x2 
                0x00000000000000a8                _einit = .

.text           0x00000000000000a8     0x6dd0
                0x00000000000000a8                . = ALIGN (0x4)
 *(.text)
 .text          0x00000000000000a8       0x14 d:/software/mounriver/mounriver_studio2/resources/app/resources/win32/components/wch/toolchain/risc-v embedded gcc12/bin/../lib/gcc/riscv-wch-elf/12.2.0/rv32ec_zmmul_xw/ilp32e\libgcc.a(save-restore.o)
                0x00000000000000a8                __riscv_save_1
                0x00000000000000a8                __riscv_save_2
                0x00000000000000a8                __riscv_save_0
                0x00000000000000b2                __riscv_restore_0
                0x00000000000000b2                __riscv_restore_1
                0x00000000000000b2                __riscv_restore_2
 .text          0x00000000000000bc       0x7e d:/software/mounriver/mounriver_studio2/resources/app/resources/win32/components/wch/toolchain/risc-v embedded gcc12/bin/../lib/gcc/riscv-wch-elf/12.2.0/rv32ec_zmmul_xw/ilp32e\libgcc.a(div.o)
                0x00000000000000bc                __divsi3
                0x00000000000000c4                __udivsi3
                0x00000000000000c4                __hidden___udivsi3
                0x00000000000000f0                __umodsi3
                0x0000000000000114                __modsi3
 .text          0x000000000000013a       0x16 d:/software/mounriver/mounriver_studio2/resources/app/resources/win32/components/wch/toolchain/risc-v embedded gcc12/bin/../lib/gcc/riscv-wch-elf/12.2.0/../../../../riscv-wch-elf/lib/rv32ec_zmmul_xw/ilp32e\libg_nano.a(lib_a-memcpy-asm.o)
                0x000000000000013a                memcpy
 .text          0x0000000000000150       0x10 d:/software/mounriver/mounriver_studio2/resources/app/resources/win32/components/wch/toolchain/risc-v embedded gcc12/bin/../lib/gcc/riscv-wch-elf/12.2.0/../../../../riscv-wch-elf/lib/rv32ec_zmmul_xw/ilp32e\libg_nano.a(lib_a-memset.o)
                0x0000000000000150                memset
 *(.text.*)
 .text.NMI_Handler
                0x0000000000000160       0x10 ./User/ch32v00X_it.o
                0x0000000000000160                NMI_Handler
 .text.HardFault_Handler
                0x0000000000000170       0x10 ./User/ch32v00X_it.o
                0x0000000000000170                HardFault_Handler
 .text.USART1_IRQHandler
                0x0000000000000180        0x8 ./User/ch32v00X_it.o
                0x0000000000000180                USART1_IRQHandler
 .text.TIM1_CC_IRQHandler
                0x0000000000000188        0x8 ./User/ch32v00X_it.o
                0x0000000000000188                TIM1_CC_IRQHandler
 .text.TIM1_UP_IRQHandler
                0x0000000000000190       0x3a ./User/ch32v00X_it.o
                0x0000000000000190                TIM1_UP_IRQHandler
 .text.DMA1_Channel1_IRQHandler
                0x00000000000001ca        0x8 ./User/ch32v00X_it.o
                0x00000000000001ca                DMA1_Channel1_IRQHandler
 .text.startup.main
                0x00000000000001d2       0x6a ./User/main.o
                0x00000000000001d2                main
 .text.Flash_Crc16
                0x000000000000023c       0x46 ./System/flash.o
 .text.Flash_RecordValid
                0x0000000000000282       0x52 ./System/flash.o
 .text.FLASH_Config_Load
                0x00000000000002d4       0x66 ./System/flash.o
                0x00000000000002d4                FLASH_Config_Load
 .text.FLASH_Config_Save
                0x000000000000033a       0xe4 ./System/flash.o
                0x000000000000033a                FLASH_Config_Save
 .text.RecData_Deal
                0x000000000000041e       0x3c ./System/iap.o
                0x000000000000041e                RecData_Deal
 .text.IAP_Rx_Deal
                0x000000000000045a      0x190 ./System/iap.o
                0x000000000000045a                IAP_Rx_Deal
 .text.SystemInit
                0x00000000000005ea       0xc2 ./System/system_ch32v00X.o
                0x00000000000005ea                SystemInit
 .text.SystemCoreClockUpdate
                0x00000000000006ac       0x62 ./System/system_ch32v00X.o
                0x00000000000006ac                SystemCoreClockUpdate
 .text.vector_handler
                0x000000000000070e        0x2 ./SRC/Startup/startup_ch32v00X.o
                0x000000000000070e                OPCM_IRQHandler
                0x000000000000070e                SysTick_Handler
                0x000000000000070e                PVD_IRQHandler
                0x000000000000070e                SPI1_IRQHandler
                0x000000000000070e                AWU_IRQHandler
                0x000000000000070e                EXTI7_0_IRQHandler
                0x000000000000070e                DMA1_Channel4_IRQHandler
                0x000000000000070e                ADC1_IRQHandler
                0x000000000000070e                DMA1_Channel7_IRQHandler
                0x000000000000070e                I2C1_EV_IRQHandler
                0x000000000000070e                DMA1_Channel6_IRQHandler
                0x000000000000070e                RCC_IRQHandler
                0x000000000000070e                TIM1_TRG_COM_IRQHandler
                0x000000000000070e                DMA1_Channel5_IRQHandler
                0x000000000000070e                DMA1_Channel3_IRQHandler
                0x000000000000070e                WWDG_IRQHandler
                0x000000000000070e                TIM2_IRQHandler
                0x000000000000070e                SW_Handler
                0x000000000000070e                TIM1_BRK_IRQHandler
                0x000000000000070e                USART2_IRQHandler
                0x000000000000070e                DMA1_Channel2_IRQHandler
                0x000000000000070e                FLASH_IRQHandler
                0x000000000000070e                I2C1_ER_IRQHandler
 .text.handle_reset
                0x0000000000000710       0x8a ./SRC/Startup/startup_ch32v00X.o
                0x0000000000000710                handle_reset
 .text.ADC_DeInit
                0x000000000000079a       0x2a ./SRC/Peripheral/src/ch32v00X_adc.o
                0x000000000000079a                ADC_DeInit
 .text.ADC_Init
                0x00000000000007c4       0x4e ./SRC/Peripheral/src/ch32v00X_adc.o
                0x00000000000007c4                ADC_Init
 .text.ADC_Cmd  0x0000000000000812       0x10 ./SRC/Peripheral/src/ch32v00X_adc.o
                0x0000000000000812                ADC_Cmd
 .text.ADC_DMACmd
                0x0000000000000822       0x12 ./SRC/Peripheral/src/ch32v00X_adc.o
                0x0000000000000822                ADC_DMACmd
 .text.ADC_RegularChannelConfig
                0x0000000000000834       0x8c ./SRC/Peripheral/src/ch32v00X_adc.o
                0x0000000000000834                ADC_RegularChannelConfig
 .text.ADC_ExternalTrigConvCmd
                0x00000000000008c0       0x18 ./SRC/Peripheral/src/ch32v00X_adc.o
                0x00000000000008c0                ADC_ExternalTrigConvCmd
 .text.ADC_AutoInjectedConvCmd
                0x00000000000008d8       0x12 ./SRC/Peripheral/src/ch32v00X_adc.o
                0x00000000000008d8                ADC_AutoInjectedConvCmd
 .text.ADC_ExternalTrigInjectedConvConfig
                0x00000000000008ea        0xe ./SRC/Peripheral/src/ch32v00X_adc.o
                0x00000000000008ea                ADC_ExternalTrigInjectedConvConfig
 .text.ADC_ExternalTrigInjectedConvCmd
                0x00000000000008f8       0x14 ./SRC/Peripheral/src/ch32v00X_adc.o
                0x00000000000008f8                ADC_ExternalTrigInjectedConvCmd
 .text.ADC_SoftwareStartInjectedConvCmd
                0x000000000000090c       0x18 ./SRC/Peripheral/src/ch32v00X_adc.o
                0x000000000000090c                ADC_SoftwareStartInjectedConvCmd
 .text.ADC_InjectedChannelConfig
                0x0000000000000924       0x4e ./SRC/Peripheral/src/ch32v00X_adc.o
                0x0000000000000924                ADC_InjectedChannelConfig
 .text.ADC_InjectedSequencerLengthConfig
                0x0000000000000972       0x14 ./SRC/Peripheral/src/ch32v00X_adc.o
                0x0000000000000972                ADC_InjectedSequencerLengthConfig
 .text.ADC_GetInjectedConversionValue
                0x0000000000000986       0x1c ./SRC/Peripheral/src/ch32v00X_adc.o
                0x0000000000000986                ADC_GetInjectedConversionValue
 .text.ADC_GetFlagStatus
                0x00000000000009a2        0xc ./SRC/Peripheral/src/ch32v00X_adc.o
                0x00000000000009a2                ADC_GetFlagStatus
 .text.ADC_ClearFlag
                0x00000000000009ae        0x8 ./SRC/Peripheral/src/ch32v00X_adc.o
                0x00000000000009ae                ADC_ClearFlag
 .text.ADC_BufferCmd
                0x00000000000009b6       0x18 ./SRC/Peripheral/src/ch32v00X_adc.o
                0x00000000000009b6                ADC_BufferCmd
 .text.ADC_Sample_ModeConfig
                0x00000000000009ce        0xe ./SRC/Peripheral/src/ch32v00X_adc.o
                0x00000000000009ce                ADC_Sample_ModeConfig
 .text.DMA_DeInit
                0x00000000000009dc       0x92 ./SRC/Peripheral/src/ch32v00X_dma.o
                0x00000000000009dc                DMA_DeInit
 .text.DMA_Init
                0x0000000000000a6e       0x38 ./SRC/Peripheral/src/ch32v00X_dma.o
                0x0000000000000a6e                DMA_Init
 .text.DMA_Cmd  0x0000000000000aa6       0x14 ./SRC/Peripheral/src/ch32v00X_dma.o
                0x0000000000000aa6                DMA_Cmd
 .text.DMA_ITConfig
                0x0000000000000aba       0x14 ./SRC/Peripheral/src/ch32v00X_dma.o
                0x0000000000000aba                DMA_ITConfig
 .text.DMA_GetFlagStatus
                0x0000000000000ace        0xe ./SRC/Peripheral/src/ch32v00X_dma.o
                0x0000000000000ace                DMA_GetFlagStatus
 .text.DMA_ClearFlag
                0x0000000000000adc        0x8 ./SRC/Peripheral/src/ch32v00X_dma.o
                0x0000000000000adc                DMA_ClearFlag
 .text.DMA_GetITStatus
                0x0000000000000ae4        0x2 ./SRC/Peripheral/src/ch32v00X_dma.o
                0x0000000000000ae4                DMA_GetITStatus
 .text.DMA_ClearITPendingBit
                0x0000000000000ae6        0x8 ./SRC/Peripheral/src/ch32v00X_dma.o
                0x0000000000000ae6                DMA_ClearITPendingBit
 .text.ROM_ERASE
                0x0000000000000aee       0xae ./SRC/Peripheral/src/ch32v00X_flash.o
 .text.FLASH_Unlock_Fast
                0x0000000000000b9c       0x1e ./SRC/Peripheral/src/ch32v00X_flash.o
                0x0000000000000b9c                FLASH_Unlock_Fast
 .text.FLASH_ErasePage_Fast
                0x0000000000000bba       0x46 ./SRC/Peripheral/src/ch32v00X_flash.o
                0x0000000000000bba                FLASH_ErasePage_Fast
 .text.FLASH_ROM_ERASE
                0x0000000000000c00      0x1bc ./SRC/Peripheral/src/ch32v00X_flash.o
                0x0000000000000c00                FLASH_ROM_ERASE
 .text.FLASH_ROM_WRITE
                0x0000000000000dbc       0xfe ./SRC/Peripheral/src/ch32v00X_flash.o
                0x0000000000000dbc                FLASH_ROM_WRITE
 .text.GPIO_Init
                0x0000000000000eba       0x76 ./SRC/Peripheral/src/ch32v00X_gpio.o
                0x0000000000000eba                GPIO_Init
 .text.GPIO_ReadInputDataBit
                0x0000000000000f30        0xc ./SRC/Peripheral/src/ch32v00X_gpio.o
                0x0000000000000f30                GPIO_ReadInputDataBit
 .text.GPIO_SetBits
                0x0000000000000f3c        0x4 ./SRC/Peripheral/src/ch32v00X_gpio.o
                0x0000000000000f3c                GPIO_SetBits
 .text.GPIO_PinRemapConfig
                0x0000000000000f40       0xa2 ./SRC/Peripheral/src/ch32v00X_gpio.o
                0x0000000000000f40                GPIO_PinRemapConfig
 .text.GPIO_IPD_Unused
                0x0000000000000fe2      0x2de ./SRC/Peripheral/src/ch32v00X_gpio.o
                0x0000000000000fe2                GPIO_IPD_Unused
 .text.I2C_Init
                0x00000000000012c0       0xde ./SRC/Peripheral/src/ch32v00X_i2c.o
                0x00000000000012c0                I2C_Init
 .text.I2C_Cmd  0x000000000000139e       0x18 ./SRC/Peripheral/src/ch32v00X_i2c.o
                0x000000000000139e                I2C_Cmd
 .text.I2C_GenerateSTART
                0x00000000000013b6       0x1a ./SRC/Peripheral/src/ch32v00X_i2c.o
                0x00000000000013b6                I2C_GenerateSTART
 .text.I2C_GenerateSTOP
                0x00000000000013d0       0x1a ./SRC/Peripheral/src/ch32v00X_i2c.o
                0x00000000000013d0                I2C_GenerateSTOP
 .text.I2C_AcknowledgeConfig
                0x00000000000013ea       0x1a ./SRC/Peripheral/src/ch32v00X_i2c.o
                0x00000000000013ea                I2C_AcknowledgeConfig
 .text.I2C_SendData
                0x0000000000001404        0x4 ./SRC/Peripheral/src/ch32v00X_i2c.o
                0x0000000000001404                I2C_SendData
 .text.I2C_ReceiveData
                0x0000000000001408        0x8 ./SRC/Peripheral/src/ch32v00X_i2c.o
                0x0000000000001408                I2C_ReceiveData
 .text.I2C_Send7bitAddress
                0x0000000000001410        0xe ./SRC/Peripheral/src/ch32v00X_i2c.o
                0x0000000000001410                I2C_Send7bitAddress
 .text.I2C_SoftwareResetCmd
                0x000000000000141e       0x12 ./SRC/Peripheral/src/ch32v00X_i2c.o
                0x000000000000141e                I2C_SoftwareResetCmd
 .text.I2C_NACKPositionConfig
                0x0000000000001430       0x22 ./SRC/Peripheral/src/ch32v00X_i2c.o
                0x0000000000001430                I2C_NACKPositionConfig
 .text.I2C_CheckEvent
                0x0000000000001452       0x16 ./SRC/Peripheral/src/ch32v00X_i2c.o
                0x0000000000001452                I2C_CheckEvent
 .text.I2C_GetFlagStatus
                0x0000000000001468       0x32 ./SRC/Peripheral/src/ch32v00X_i2c.o
                0x0000000000001468                I2C_GetFlagStatus
 .text.IWDG_WriteAccessCmd
                0x000000000000149a        0x8 ./SRC/Peripheral/src/ch32v00X_iwdg.o
                0x000000000000149a                IWDG_WriteAccessCmd
 .text.IWDG_SetPrescaler
                0x00000000000014a2        0x8 ./SRC/Peripheral/src/ch32v00X_iwdg.o
                0x00000000000014a2                IWDG_SetPrescaler
 .text.IWDG_SetReload
                0x00000000000014aa        0x8 ./SRC/Peripheral/src/ch32v00X_iwdg.o
                0x00000000000014aa                IWDG_SetReload
 .text.IWDG_ReloadCounter
                0x00000000000014b2        0xe ./SRC/Peripheral/src/ch32v00X_iwdg.o
                0x00000000000014b2                IWDG_ReloadCounter
 .text.IWDG_Enable
                0x00000000000014c0       0x18 ./SRC/Peripheral/src/ch32v00X_iwdg.o
                0x00000000000014c0                IWDG_Enable
 .text.NVIC_PriorityGroupConfig
                0x00000000000014d8        0x6 ./SRC/Peripheral/src/ch32v00X_misc.o
                0x00000000000014d8                NVIC_PriorityGroupConfig
 .text.NVIC_Init
                0x00000000000014de       0x62 ./SRC/Peripheral/src/ch32v00X_misc.o
                0x00000000000014de                NVIC_Init
 .text.OPA_Unlock
                0x0000000000001540       0x1a ./SRC/Peripheral/src/ch32v00X_opa.o
                0x0000000000001540                OPA_Unlock
 .text.OPA_Lock
                0x000000000000155a       0x10 ./SRC/Peripheral/src/ch32v00X_opa.o
                0x000000000000155a                OPA_Lock
 .text.OPA_Init
                0x000000000000156a       0x98 ./SRC/Peripheral/src/ch32v00X_opa.o
                0x000000000000156a                OPA_Init
 .text.OPA_Cmd  0x0000000000001602       0x1a ./SRC/Peripheral/src/ch32v00X_opa.o
                0x0000000000001602                OPA_Cmd
 .text.RCC_ADCCLKConfig
                0x000000000000161c       0x16 ./SRC/Peripheral/src/ch32v00X_rcc.o
                0x000000000000161c                RCC_ADCCLKConfig
 .text.RCC_LSICmd
                0x0000000000001632       0x14 ./SRC/Peripheral/src/ch32v00X_rcc.o
                0x0000000000001632                RCC_LSICmd
 .text.RCC_GetClocksFreq
                0x0000000000001646       0xa2 ./SRC/Peripheral/src/ch32v00X_rcc.o
                0x0000000000001646                RCC_GetClocksFreq
 .text.RCC_HBPeriphClockCmd
                0x00000000000016e8       0x1e ./SRC/Peripheral/src/ch32v00X_rcc.o
                0x00000000000016e8                RCC_HBPeriphClockCmd
 .text.RCC_PB2PeriphClockCmd
                0x0000000000001706       0x1e ./SRC/Peripheral/src/ch32v00X_rcc.o
                0x0000000000001706                RCC_PB2PeriphClockCmd
 .text.RCC_PB1PeriphClockCmd
                0x0000000000001724       0x1e ./SRC/Peripheral/src/ch32v00X_rcc.o
                0x0000000000001724                RCC_PB1PeriphClockCmd
 .text.RCC_PB2PeriphResetCmd
                0x0000000000001742       0x1e ./SRC/Peripheral/src/ch32v00X_rcc.o
                0x0000000000001742                RCC_PB2PeriphResetCmd
 .text.RCC_GetFlagStatus
                0x0000000000001760       0x20 ./SRC/Peripheral/src/ch32v00X_rcc.o
                0x0000000000001760                RCC_GetFlagStatus
 .text.RCC_ClearFlag
                0x0000000000001780       0x10 ./SRC/Peripheral/src/ch32v00X_rcc.o
                0x0000000000001780                RCC_ClearFlag
 .text.SPI_Init
                0x0000000000001790       0x34 ./SRC/Peripheral/src/ch32v00X_spi.o
                0x0000000000001790                SPI_Init
 .text.SPI_Cmd  0x00000000000017c4       0x1a ./SRC/Peripheral/src/ch32v00X_spi.o
                0x00000000000017c4                SPI_Cmd
 .text.SPI_I2S_SendData
                0x00000000000017de        0x4 ./SRC/Peripheral/src/ch32v00X_spi.o
                0x00000000000017de                SPI_I2S_SendData
 .text.SPI_I2S_GetFlagStatus
                0x00000000000017e2        0xa ./SRC/Peripheral/src/ch32v00X_spi.o
                0x00000000000017e2                SPI_I2S_GetFlagStatus
 .text.TI1_Config
                0x00000000000017ec       0x56 ./SRC/Peripheral/src/ch32v00X_tim.o
 .text.TI2_Config
                0x0000000000001842       0x66 ./SRC/Peripheral/src/ch32v00X_tim.o
 .text.TIM_TimeBaseInit
                0x00000000000018a8       0x6c ./SRC/Peripheral/src/ch32v00X_tim.o
                0x00000000000018a8                TIM_TimeBaseInit
 .text.TIM_OC1Init
                0x0000000000001914       0xa8 ./SRC/Peripheral/src/ch32v00X_tim.o
                0x0000000000001914                TIM_OC1Init
 .text.TIM_OC2Init
                0x00000000000019bc       0xd8 ./SRC/Peripheral/src/ch32v00X_tim.o
                0x00000000000019bc                TIM_OC2Init
 .text.TIM_OC4Init
                0x0000000000001a94       0x68 ./SRC/Peripheral/src/ch32v00X_tim.o
                0x0000000000001a94                TIM_OC4Init
 .text.TIM_OCStructInit
                0x0000000000001afc       0x22 ./SRC/Peripheral/src/ch32v00X_tim.o
                0x0000000000001afc                TIM_OCStructInit
 .text.TIM_ICStructInit
                0x0000000000001b1e       0x16 ./SRC/Peripheral/src/ch32v00X_tim.o
                0x0000000000001b1e                TIM_ICStructInit
 .text.TIM_Cmd  0x0000000000001b34       0x56 ./SRC/Peripheral/src/ch32v00X_tim.o
                0x0000000000001b34                TIM_Cmd
 .text.TIM_CtrlPWMOutputs
                0x0000000000001b8a       0x16 ./SRC/Peripheral/src/ch32v00X_tim.o
                0x0000000000001b8a                TIM_CtrlPWMOutputs
 .text.TIM_ITConfig
                0x0000000000001ba0       0x12 ./SRC/Peripheral/src/ch32v00X_tim.o
                0x0000000000001ba0                TIM_ITConfig
 .text.TIM_SelectInputTrigger
                0x0000000000001bb2       0x10 ./SRC/Peripheral/src/ch32v00X_tim.o
                0x0000000000001bb2                TIM_SelectInputTrigger
 .text.TIM_ARRPreloadConfig
                0x0000000000001bc2       0x58 ./SRC/Peripheral/src/ch32v00X_tim.o
                0x0000000000001bc2                TIM_ARRPreloadConfig
 .text.TIM_OC1PreloadConfig
                0x0000000000001c1a       0x3e ./SRC/Peripheral/src/ch32v00X_tim.o
                0x0000000000001c1a                TIM_OC1PreloadConfig
 .text.TIM_OC2PreloadConfig
                0x0000000000001c58       0x46 ./SRC/Peripheral/src/ch32v00X_tim.o
                0x0000000000001c58                TIM_OC2PreloadConfig
 .text.TIM_OC4PreloadConfig
                0x0000000000001c9e       0x46 ./SRC/Peripheral/src/ch32v00X_tim.o
                0x0000000000001c9e                TIM_OC4PreloadConfig
 .text.TIM_OC2PolarityConfig
                0x0000000000001ce4       0x16 ./SRC/Peripheral/src/ch32v00X_tim.o
                0x0000000000001ce4                TIM_OC2PolarityConfig
 .text.TIM_CCxCmd
                0x0000000000001cfa       0x20 ./SRC/Peripheral/src/ch32v00X_tim.o
                0x0000000000001cfa                TIM_CCxCmd
 .text.TIM_SelectOutputTrigger
                0x0000000000001d1a       0x18 ./SRC/Peripheral/src/ch32v00X_tim.o
                0x0000000000001d1a                TIM_SelectOutputTrigger
 .text.TIM_SelectSlaveMode
                0x0000000000001d32       0x54 ./SRC/Peripheral/src/ch32v00X_tim.o
                0x0000000000001d32                TIM_SelectSlaveMode
 .text.TIM_SetCompare1
                0x0000000000001d86       0x28 ./SRC/Peripheral/src/ch32v00X_tim.o
                0x0000000000001d86                TIM_SetCompare1
 .text.TIM_SetCompare2
                0x0000000000001dae       0x28 ./SRC/Peripheral/src/ch32v00X_tim.o
                0x0000000000001dae                TIM_SetCompare2
 .text.TIM_SetCompare4
                0x0000000000001dd6       0x28 ./SRC/Peripheral/src/ch32v00X_tim.o
                0x0000000000001dd6                TIM_SetCompare4
 .text.TIM_SetIC1Prescaler
                0x0000000000001dfe       0x16 ./SRC/Peripheral/src/ch32v00X_tim.o
                0x0000000000001dfe                TIM_SetIC1Prescaler
 .text.TIM_SetIC2Prescaler
                0x0000000000001e14       0x1a ./SRC/Peripheral/src/ch32v00X_tim.o
                0x0000000000001e14                TIM_SetIC2Prescaler
 .text.TIM_SetIC3Prescaler
                0x0000000000001e2e       0x16 ./SRC/Peripheral/src/ch32v00X_tim.o
                0x0000000000001e2e                TIM_SetIC3Prescaler
 .text.TIM_SetIC4Prescaler
                0x0000000000001e44       0x1a ./SRC/Peripheral/src/ch32v00X_tim.o
                0x0000000000001e44                TIM_SetIC4Prescaler
 .text.TIM_ICInit
                0x0000000000001e5e      0x10a ./SRC/Peripheral/src/ch32v00X_tim.o
                0x0000000000001e5e                TIM_ICInit
 .text.TIM_GetCapture2
                0x0000000000001f68       0x30 ./SRC/Peripheral/src/ch32v00X_tim.o
                0x0000000000001f68                TIM_GetCapture2
 .text.TIM_ClearFlag
                0x0000000000001f98        0xc ./SRC/Peripheral/src/ch32v00X_tim.o
                0x0000000000001f98                TIM_ClearFlag
 .text.TIM_GetITStatus
                0x0000000000001fa4       0x18 ./SRC/Peripheral/src/ch32v00X_tim.o
                0x0000000000001fa4                TIM_GetITStatus
 .text.TIM_ClearITPendingBit
                0x0000000000001fbc        0xc ./SRC/Peripheral/src/ch32v00X_tim.o
                0x0000000000001fbc                TIM_ClearITPendingBit
 .text.USART_Init
                0x0000000000001fc8       0x9c ./SRC/Peripheral/src/ch32v00X_usart.o
                0x0000000000001fc8                USART_Init
 .text.USART_Cmd
                0x0000000000002064       0x14 ./SRC/Peripheral/src/ch32v00X_usart.o
                0x0000000000002064                USART_Cmd
 .text.USART_ITConfig
                0x0000000000002078       0x38 ./SRC/Peripheral/src/ch32v00X_usart.o
                0x0000000000002078                USART_ITConfig
 .text.USART_SendData
                0x00000000000020b0        0x8 ./SRC/Peripheral/src/ch32v00X_usart.o
                0x00000000000020b0                USART_SendData
 .text.USART_ReceiveData
                0x00000000000020b8        0x8 ./SRC/Peripheral/src/ch32v00X_usart.o
                0x00000000000020b8                USART_ReceiveData
 .text.USART_HalfDuplexCmd
                0x00000000000020c0       0x18 ./SRC/Peripheral/src/ch32v00X_usart.o
                0x00000000000020c0                USART_HalfDuplexCmd
 .text.USART_GetFlagStatus
                0x00000000000020d8        0xa ./SRC/Peripheral/src/ch32v00X_usart.o
                0x00000000000020d8                USART_GetFlagStatus
 .text.USART_GetITStatus
                0x00000000000020e2       0x3c ./SRC/Peripheral/src/ch32v00X_usart.o
                0x00000000000020e2                USART_GetITStatus
 .text.Delay_Init
                0x000000000000211e       0x30 ./SRC/Debug/debug.o
                0x000000000000211e                Delay_Init
 .text.Delay_Us
                0x000000000000214e       0x2e ./SRC/Debug/debug.o
                0x000000000000214e                Delay_Us
 .text.Delay_Ms
                0x000000000000217c       0x2e ./SRC/Debug/debug.o
                0x000000000000217c                Delay_Ms
 .text.__get_MSTATUS
                0x00000000000021aa        0x6 ./SRC/Core/core_riscv.o
                0x00000000000021aa                __get_MSTATUS
 .text.__set_MSTATUS
                0x00000000000021b0        0x6 ./SRC/Core/core_riscv.o
                0x00000000000021b0                __set_MSTATUS
 .text.ADC_Block_Sum
                0x00000000000021b6       0x28 ./Drivers/D_adc.o
 .text.D_ADC_DMA_ISR
                0x00000000000021de       0xdc ./Drivers/D_adc.o
                0x00000000000021de                D_ADC_DMA_ISR
 .text.D_ADC_Current_Filter_Reset
                0x00000000000022ba       0x2a ./Drivers/D_adc.o
                0x00000000000022ba                D_ADC_Current_Filter_Reset
 .text.D_ADC_Current_Window_Set
                0x00000000000022e4       0x34 ./Drivers/D_adc.o
                0x00000000000022e4                D_ADC_Current_Window_Set
 .text.D_ADC_DMA_Init
                0x0000000000002318      0x200 ./Drivers/D_adc.o
                0x0000000000002318                D_ADC_DMA_Init
 .text.D_ADC_Current_Read
                0x0000000000002518       0x58 ./Drivers/D_adc.o
                0x0000000000002518                D_ADC_Current_Read
 .text.D_ADC_Encoder_Read
                0x0000000000002570       0x42 ./Drivers/D_adc.o
                0x0000000000002570                D_ADC_Encoder_Read
 .text.D_ADC_Voltage_Read
                0x00000000000025b2       0x78 ./Drivers/D_adc.o
                0x00000000000025b2                D_ADC_Voltage_Read
 .text.I2C_BusDelay
                0x000000000000262a       0x1c ./Drivers/D_i2c.o
 .text.I2C_ConfigPins
                0x0000000000002646       0x2a ./Drivers/D_i2c.o
 .text.I2C_WaitStar1.constprop.0
                0x0000000000002670       0x2a ./Drivers/D_i2c.o
 .text.I2C_ApplyConfig.constprop.0
                0x000000000000269a       0x4c ./Drivers/D_i2c.o
 .text.I2C_SoftReset.constprop.0
                0x00000000000026e6       0x7e ./Drivers/D_i2c.o
 .text.D_Bus_I2C_Init
                0x0000000000002764       0x46 ./Drivers/D_i2c.o
                0x0000000000002764                D_Bus_I2C_Init
 .text.D_I2C_Write
                0x00000000000027aa      0x166 ./Drivers/D_i2c.o
                0x00000000000027aa                D_I2C_Write
 .text.D_I2C_Read
                0x0000000000002910      0x29c ./Drivers/D_i2c.o
                0x0000000000002910                D_I2C_Read
 .text.D_IWDG_Init
                0x0000000000002bac       0x44 ./Drivers/D_iwdg.o
                0x0000000000002bac                D_IWDG_Init
 .text.D_IWDG_Feed
                0x0000000000002bf0        0x4 ./Drivers/D_iwdg.o
                0x0000000000002bf0                D_IWDG_Feed
 .text.D_Motor_Set
                0x0000000000002bf4      0x110 ./Drivers/D_motor.o
                0x0000000000002bf4                D_Motor_Set
 .text.D_Motor_Release
                0x0000000000002d04       0x5e ./Drivers/D_motor.o
                0x0000000000002d04                D_Motor_Release
 .text.D_MT6701_Init
                0x0000000000002d62       0x18 ./Drivers/D_mt6701.o
                0x0000000000002d62                D_MT6701_Init
 .text.D_OPA1_Init
                0x0000000000002d7a       0x64 ./Drivers/D_opa.o
                0x0000000000002d7a                D_OPA1_Init
 .text.SPI1_Recover
                0x0000000000002dde       0x1c ./Drivers/D_spi.o
 .text.D_SPI1_Init
                0x0000000000002dfa       0x7a ./Drivers/D_spi.o
                0x0000000000002dfa                D_SPI1_Init
 .text.D_SPI1_Send_Buf
                0x0000000000002e74       0x5e ./Drivers/D_spi.o
                0x0000000000002e74                D_SPI1_Send_Buf
 .text.PWM_ResetCaptureState
                0x0000000000002ed2       0x1e ./Drivers/D_tim.o
 .text.D_TIM2_PWM_Init
                0x0000000000002ef0       0xfa ./Drivers/D_tim.o
                0x0000000000002ef0                D_TIM2_PWM_Init
 .text.D_TIM2_ADC_Trigger_Set
                0x0000000000002fea       0x54 ./Drivers/D_tim.o
                0x0000000000002fea                D_TIM2_ADC_Trigger_Set
 .text.D_TIM1_PWM_IC_Init
                0x000000000000303e      0x146 ./Drivers/D_tim.o
                0x000000000000303e                D_TIM1_PWM_IC_Init
 .text.D_PWM_Read
                0x0000000000003184       0x2a ./Drivers/D_tim.o
                0x0000000000003184                D_PWM_Read
 .text.D_PWM_Input_Enable
                0x00000000000031ae       0xc4 ./Drivers/D_tim.o
                0x00000000000031ae                D_PWM_Input_Enable
 .text.D_TIM1_CC_ISR
                0x0000000000003272       0xee ./Drivers/D_tim.o
                0x0000000000003272                D_TIM1_CC_ISR
 .text.D_TIM1_UP_ISR
                0x0000000000003360       0x44 ./Drivers/D_tim.o
                0x0000000000003360                D_TIM1_UP_ISR
 .text.D_TMP112_Init
                0x00000000000033a4       0x36 ./Drivers/D_tmp112.o
                0x00000000000033a4                D_TMP112_Init
 .text.D_TMP112_Read_Temp
                0x00000000000033da       0x44 ./Drivers/D_tmp112.o
                0x00000000000033da                D_TMP112_Read_Temp
 .text.Uart_ApplyParams
                0x000000000000341e       0x44 ./Drivers/D_uart.o
 .text.Uart_TxDone
                0x0000000000003462       0x38 ./Drivers/D_uart.o
 .text.D_USART1_Cfg
                0x000000000000349a       0x88 ./Drivers/D_uart.o
                0x000000000000349a                D_USART1_Cfg
 .text.D_UART_Enable
                0x0000000000003522       0xba ./Drivers/D_uart.o
                0x0000000000003522                D_UART_Enable
 .text.D_UART1_Rx_Get
                0x00000000000035dc        0xa ./Drivers/D_uart.o
                0x00000000000035dc                D_UART1_Rx_Get
 .text.D_UART1_Tx_Write
                0x00000000000035e6       0xb6 ./Drivers/D_uart.o
                0x00000000000035e6                D_UART1_Tx_Write
 .text.D_UART_SetBaud_Deferred
                0x000000000000369c        0x6 ./Drivers/D_uart.o
                0x000000000000369c                D_UART_SetBaud_Deferred
 .text.D_UART_Service
                0x00000000000036a2       0x28 ./Drivers/D_uart.o
                0x00000000000036a2                D_UART_Service
 .text.D_UART1_ISR
                0x00000000000036ca       0xb0 ./Drivers/D_uart.o
                0x00000000000036ca                D_UART1_ISR
 .text.WS2812_Encode
                0x000000000000377a       0x2a ./Drivers/D_ws2812.o
 .text.D_WS2812_Send
                0x00000000000037a4       0x40 ./Drivers/D_ws2812.o
                0x00000000000037a4                D_WS2812_Send
 .text.D_WS2812_Off
                0x00000000000037e4        0xa ./Drivers/D_ws2812.o
                0x00000000000037e4                D_WS2812_Off
 .text.D_WS2812_Init
                0x00000000000037ee        0x4 ./Drivers/D_ws2812.o
                0x00000000000037ee                D_WS2812_Init
 .text.C_PosCtrl_Reset
                0x00000000000037f2       0x16 ./Common/C_Pos_Ctrl.o
                0x00000000000037f2                C_PosCtrl_Reset
 .text.C_PosCtrl_Init
                0x0000000000003808       0x1a ./Common/C_Pos_Ctrl.o
                0x0000000000003808                C_PosCtrl_Init
 .text.C_PosCtrl_Set_Output_Limit
                0x0000000000003822       0x1c ./Common/C_Pos_Ctrl.o
                0x0000000000003822                C_PosCtrl_Set_Output_Limit
 .text.C_PosCtrl_Update
                0x000000000000383e      0x474 ./Common/C_Pos_Ctrl.o
                0x000000000000383e                C_PosCtrl_Update
 .text.C_Ring_Buf_Init
                0x0000000000003cb2        0xc ./Common/C_Ring_Buf.o
                0x0000000000003cb2                C_Ring_Buf_Init
 .text.C_Ring_Buf_Put
                0x0000000000003cbe       0x2c ./Common/C_Ring_Buf.o
                0x0000000000003cbe                C_Ring_Buf_Put
 .text.C_Ring_Buf_Get
                0x0000000000003cea       0x32 ./Common/C_Ring_Buf.o
                0x0000000000003cea                C_Ring_Buf_Get
 .text.C_Ring_Buf_Get_Count
                0x0000000000003d1c       0x34 ./Common/C_Ring_Buf.o
                0x0000000000003d1c                C_Ring_Buf_Get_Count
 .text.C_SpeedObs_Init
                0x0000000000003d50       0x3e ./Common/C_Speed_Observer.o
                0x0000000000003d50                C_SpeedObs_Init
 .text.C_SpeedObs_Update
                0x0000000000003d8e      0x198 ./Common/C_Speed_Observer.o
                0x0000000000003d8e                C_SpeedObs_Update
 .text.C_Task_Init
                0x0000000000003f26       0x2e ./Common/C_Task_Scheduler.o
                0x0000000000003f26                C_Task_Init
 .text.C_Task_Tick_Update
                0x0000000000003f54       0x50 ./Common/C_Task_Scheduler.o
                0x0000000000003f54                C_Task_Tick_Update
 .text.C_Task_Run
                0x0000000000003fa4       0x8e ./Common/C_Task_Scheduler.o
                0x0000000000003fa4                C_Task_Run
 .text.Traj_Sqrt_Ceil
                0x0000000000004032       0x2c ./Common/C_Traj_Planner.o
 .text.Traj_Div_U64
                0x000000000000405e       0x68 ./Common/C_Traj_Planner.o
 .text.Traj_Acc_Coef
                0x00000000000040c6       0x76 ./Common/C_Traj_Planner.o
 .text.Traj_Emit
                0x000000000000413c       0x3e ./Common/C_Traj_Planner.o
 .text.Traj_SCurve
                0x000000000000417a      0x16c ./Common/C_Traj_Planner.o
 .text.Traj_TblLerp
                0x00000000000042e6       0x6e ./Common/C_Traj_Planner.o
 .text.C_Traj_Init
                0x0000000000004354      0x13c ./Common/C_Traj_Planner.o
                0x0000000000004354                C_Traj_Init
 .text.C_Traj_Set_Range
                0x0000000000004490       0x4a ./Common/C_Traj_Planner.o
                0x0000000000004490                C_Traj_Set_Range
 .text.C_Traj_Hold
                0x00000000000044da       0x50 ./Common/C_Traj_Planner.o
                0x00000000000044da                C_Traj_Hold
 .text.C_Traj_Plan
                0x000000000000452a      0x798 ./Common/C_Traj_Planner.o
                0x000000000000452a                C_Traj_Plan
 .text.C_Traj_Step
                0x0000000000004cc2      0x17e ./Common/C_Traj_Planner.o
                0x0000000000004cc2                C_Traj_Step
 .text.C_Traj_Is_Done
                0x0000000000004e40       0x16 ./Common/C_Traj_Planner.o
                0x0000000000004e40                C_Traj_Is_Done
 .text.C_Traj_Get_Ticks
                0x0000000000004e56       0x14 ./Common/C_Traj_Planner.o
                0x0000000000004e56                C_Traj_Get_Ticks
 .text.A_Config_MarkDirty
                0x0000000000004e6a       0x10 ./Application/A_Config.o
                0x0000000000004e6a                A_Config_MarkDirty
 .text.A_Config_Default
                0x0000000000004e7a       0x30 ./Application/A_Config.o
                0x0000000000004e7a                A_Config_Default
 .text.A_Config_BindSaveEvent
                0x0000000000004eaa       0x12 ./Application/A_Config.o
                0x0000000000004eaa                A_Config_BindSaveEvent
 .text.A_Config_SaveTask
                0x0000000000004ebc       0x2e ./Application/A_Config.o
                0x0000000000004ebc                A_Config_SaveTask
 .text.A_Config_Init
                0x0000000000004eea       0xa8 ./Application/A_Config.o
                0x0000000000004eea                A_Config_Init
 .text.A_Config_Baudrate
                0x0000000000004f92       0x22 ./Application/A_Config.o
                0x0000000000004f92                A_Config_Baudrate
 .text.Protect_ApplyTorqueSetting
                0x0000000000004fb4       0x66 ./Application/A_Protect.o
 .text.A_Protect_SetTorque
                0x000000000000501a       0x22 ./Application/A_Protect.o
                0x000000000000501a                A_Protect_SetTorque
 .text.A_Protect_GetTorque
                0x000000000000503c        0x6 ./Application/A_Protect.o
                0x000000000000503c                A_Protect_GetTorque
 .text.A_Protect_Fault
                0x0000000000005042        0x6 ./Application/A_Protect.o
                0x0000000000005042                A_Protect_Fault
 .text.A_Protect_Init
                0x0000000000005048       0x14 ./Application/A_Protect.o
                0x0000000000005048                A_Protect_Init
 .text.A_Protect_Task
                0x000000000000505c      0x14e ./Application/A_Protect.o
                0x000000000000505c                A_Protect_Task
 .text.A_Encoder_Read
                0x00000000000051aa       0x8a ./Application/A_Sensor.o
                0x00000000000051aa                A_Encoder_Read
 .text.A_Voltage_Read
                0x0000000000005234       0x24 ./Application/A_Sensor.o
                0x0000000000005234                A_Voltage_Read
 .text.A_Temperature_Read
                0x0000000000005258        0x4 ./Application/A_Sensor.o
                0x0000000000005258                A_Temperature_Read
 .text.A_Current_Read
                0x000000000000525c       0x42 ./Application/A_Sensor.o
                0x000000000000525c                A_Current_Read
 .text.Servo_IsPosition
                0x000000000000529e       0x14 ./Application/A_Servo.o
 .text.Servo_Offset
                0x00000000000052b2       0x28 ./Application/A_Servo.o
 .text.Servo_EscapeStart
                0x00000000000052da       0x1c ./Application/A_Servo.o
 .text.Servo_PositionToPwm
                0x00000000000052f6       0x40 ./Application/A_Servo.o
 .text.Servo_ResyncLoops
                0x0000000000005336       0x3a ./Application/A_Servo.o
 .text.Servo_SetModeFields
                0x0000000000005370       0x5a ./Application/A_Servo.o
 .text.Servo_SetTrajRange
                0x00000000000053ca       0x6a ./Application/A_Servo.o
 .text.Servo_ReadPosition
                0x0000000000005434       0x46 ./Application/A_Servo.o
 .text.Servo_ApplyTorqueOutput
                0x000000000000547a       0x2a ./Application/A_Servo.o
 .text.A_Servo_SetOutputLimit
                0x00000000000054a4       0x28 ./Application/A_Servo.o
                0x00000000000054a4                A_Servo_SetOutputLimit
 .text.A_Servo_TorqueOn
                0x00000000000054cc        0xa ./Application/A_Servo.o
                0x00000000000054cc                A_Servo_TorqueOn
 .text.A_Servo_ApplyConfig
                0x00000000000054d6       0x60 ./Application/A_Servo.o
                0x00000000000054d6                A_Servo_ApplyConfig
 .text.A_Servo_Pause
                0x0000000000005536       0x4e ./Application/A_Servo.o
                0x0000000000005536                A_Servo_Pause
 .text.A_Servo_Resume
                0x0000000000005584       0x4c ./Application/A_Servo.o
                0x0000000000005584                A_Servo_Resume
 .text.A_Servo_Stop
                0x00000000000055d0       0x46 ./Application/A_Servo.o
                0x00000000000055d0                A_Servo_Stop
 .text.A_Servo_Release
                0x0000000000005616        0xe ./Application/A_Servo.o
                0x0000000000005616                A_Servo_Release
 .text.A_Servo_RestoreTorque
                0x0000000000005624       0x38 ./Application/A_Servo.o
                0x0000000000005624                A_Servo_RestoreTorque
 .text.A_Servo_Submit
                0x000000000000565c      0x200 ./Application/A_Servo.o
                0x000000000000565c                A_Servo_Submit
 .text.Servo_ApplyBootAction
                0x000000000000585c       0x46 ./Application/A_Servo.o
 .text.A_Servo_Init
                0x00000000000058a2       0xc8 ./Application/A_Servo.o
                0x00000000000058a2                A_Servo_Init
 .text.A_Servo_SetMode
                0x000000000000596a       0x44 ./Application/A_Servo.o
                0x000000000000596a                A_Servo_SetMode
 .text.A_Servo_GetPositionPwm
                0x00000000000059ae       0x16 ./Application/A_Servo.o
                0x00000000000059ae                A_Servo_GetPositionPwm
 .text.A_Servo_CalibrateMid
                0x00000000000059c4       0x98 ./Application/A_Servo.o
                0x00000000000059c4                A_Servo_CalibrateMid
 .text.A_Servo_SetTravelEnd
                0x0000000000005a5c       0xc2 ./Application/A_Servo.o
                0x0000000000005a5c                A_Servo_SetTravelEnd
 .text.A_Servo_SaveStartup
                0x0000000000005b1e       0x26 ./Application/A_Servo.o
                0x0000000000005b1e                A_Servo_SaveStartup
 .text.A_Servo_Control
                0x0000000000005b44      0x2fa ./Application/A_Servo.o
                0x0000000000005b44                A_Servo_Control
 .text.Task_State
                0x0000000000005e3e       0x4e ./Application/A_Tasks.o
 .text.Task_Protect
                0x0000000000005e8c        0x4 ./Application/A_Tasks.o
 .text.Task_Uart
                0x0000000000005e90        0x2 ./Application/A_Tasks.o
 .text.Task_ServoControl
                0x0000000000005e92        0x4 ./Application/A_Tasks.o
 .text.A_Tasks_Init
                0x0000000000005e96       0x22 ./Application/A_Tasks.o
                0x0000000000005e96                A_Tasks_Init
 .text.Reply_Begin
                0x0000000000005eb8       0x58 ./Application/A_UartCmd.o
 .text.Reply_Char
                0x0000000000005f10       0x1e ./Application/A_UartCmd.o
 .text.Reply_Text
                0x0000000000005f2e       0x28 ./Application/A_UartCmd.o
 .text.Reply_UInt
                0x0000000000005f56       0x98 ./Application/A_UartCmd.o
 .text.Uart_BodyIs
                0x0000000000005fee       0x32 ./Application/A_UartCmd.o
 .text.Reply_Send
                0x0000000000006020       0x20 ./Application/A_UartCmd.o
 .text.Reply_Value
                0x0000000000006040       0x28 ./Application/A_UartCmd.o
 .text.Reply_OK
                0x0000000000006068       0x1a ./Application/A_UartCmd.o
 .text.Uart_ParseDigits.part.0
                0x0000000000006082       0x40 ./Application/A_UartCmd.o
 .text.A_Uart_Process
                0x00000000000060c2      0x5f2 ./Application/A_UartCmd.o
                0x00000000000060c2                A_Uart_Process
 .text.__divdi3
                0x00000000000066b4      0x4cc d:/software/mounriver/mounriver_studio2/resources/app/resources/win32/components/wch/toolchain/risc-v embedded gcc12/bin/../lib/gcc/riscv-wch-elf/12.2.0/rv32ec_zmmul_xw/ilp32e\libgcc.a(_divdi3.o)
                0x00000000000066b4                __divdi3
 .text.memcmp   0x0000000000006b80       0x24 d:/software/mounriver/mounriver_studio2/resources/app/resources/win32/components/wch/toolchain/risc-v embedded gcc12/bin/../lib/gcc/riscv-wch-elf/12.2.0/../../../../riscv-wch-elf/lib/rv32ec_zmmul_xw/ilp32e\libg_nano.a(lib_a-memcmp.o)
                0x0000000000006b80                memcmp
 .text.strlen   0x0000000000006ba4       0x10 d:/software/mounriver/mounriver_studio2/resources/app/resources/win32/components/wch/toolchain/risc-v embedded gcc12/bin/../lib/gcc/riscv-wch-elf/12.2.0/../../../../riscv-wch-elf/lib/rv32ec_zmmul_xw/ilp32e\libg_nano.a(lib_a-strlen.o)
                0x0000000000006ba4                strlen
 *(.rodata)
 *(.rodata*)
 *fill*         0x0000000000006bb4        0x0 
 .rodata.IAP_Rx_Deal
                0x0000000000006bb4       0x28 ./System/iap.o
 .rodata.TRAJ_G_Q15
                0x0000000000006bdc       0x30 ./Common/C_Traj_Planner.o
 .rodata.TRAJ_H_Q12
                0x0000000000006c0c       0x30 ./Common/C_Traj_Planner.o
 .rodata.TRAJ_F_Q15
                0x0000000000006c3c       0x30 ./Common/C_Traj_Planner.o
 .rodata.baud.0
                0x0000000000006c6c       0x20 ./Application/A_Config.o
 .rodata.span.0
                0x0000000000006c8c        0x6 ./Application/A_Servo.o
 *fill*         0x0000000000006c92        0x2 
 .rodata.Reply_OK.str1.4
                0x0000000000006c94        0x3 ./Application/A_UartCmd.o
 *fill*         0x0000000000006c97        0x1 
 .rodata.A_Uart_Process.str1.4
                0x0000000000006c98       0x77 ./Application/A_UartCmd.o
                                         0x7b (size before relaxing)
 *fill*         0x0000000000006d0f        0x1 
 .rodata.A_Uart_Process
                0x0000000000006d10       0x68 ./Application/A_UartCmd.o
 .rodata.__clz_tab
                0x0000000000006d78      0x100 d:/software/mounriver/mounriver_studio2/resources/app/resources/win32/components/wch/toolchain/risc-v embedded gcc12/bin/../lib/gcc/riscv-wch-elf/12.2.0/rv32ec_zmmul_xw/ilp32e\libgcc.a(_clz.o)
                0x0000000000006d78                __clz_tab
 *(.gnu.linkonce.t.*)
                0x0000000000006e78                . = ALIGN (0x4)

.rela.dyn       0x0000000000006e78        0x0
 .rela.init     0x0000000000006e78        0x0 ./User/ch32v00X_it.o
 .rela.text.handle_reset
                0x0000000000006e78        0x0 ./User/ch32v00X_it.o

.fini           0x0000000000006e78        0x0
 *(SORT_NONE(.fini))
                0x0000000000006e78                . = ALIGN (0x4)
                [!provide]                        PROVIDE (_etext = .)
                [!provide]                        PROVIDE (_eitcm = .)

.preinit_array  0x0000000000006e78        0x0
                [!provide]                        PROVIDE (__preinit_array_start = .)
 *(.preinit_array)
                [!provide]                        PROVIDE (__preinit_array_end = .)

.init_array     0x0000000000006e78        0x0
                [!provide]                        PROVIDE (__init_array_start = .)
 *(SORT_BY_INIT_PRIORITY(.init_array.*) SORT_BY_INIT_PRIORITY(.ctors.*))
 *(.init_array EXCLUDE_FILE(*crtend?.o *crtend.o *crtbegin?.o *crtbegin.o) .ctors)
                [!provide]                        PROVIDE (__init_array_end = .)

.fini_array     0x0000000000006e78        0x0
                [!provide]                        PROVIDE (__fini_array_start = .)
 *(SORT_BY_INIT_PRIORITY(.fini_array.*) SORT_BY_INIT_PRIORITY(.dtors.*))
 *(.fini_array EXCLUDE_FILE(*crtend?.o *crtend.o *crtbegin?.o *crtbegin.o) .dtors)
                [!provide]                        PROVIDE (__fini_array_end = .)

.ctors
 *crtbegin.o(.ctors)
 *crtbegin?.o(.ctors)
 *(EXCLUDE_FILE(*crtend?.o *crtend.o) .ctors)
 *(SORT_BY_NAME(.ctors.*))
 *(.ctors)

.dtors
 *crtbegin.o(.dtors)
 *crtbegin?.o(.dtors)
 *(EXCLUDE_FILE(*crtend?.o *crtend.o) .dtors)
 *(SORT_BY_NAME(.dtors.*))
 *(.dtors)

.dalign         0x0000000020000000        0x0 load address 0x0000000000006e78
                0x0000000020000000                . = ALIGN (0x4)
                0x0000000020000000                PROVIDE (_data_vma = .)

.dlalign        0x0000000000006e78        0x0
                0x0000000000006e78                . = ALIGN (0x4)
                0x0000000000006e78                PROVIDE (_data_lma = .)

.data           0x0000000020000000       0x90 load address 0x0000000000006e78
                0x0000000020000000                . = ALIGN (0x4)
 *(.gnu.linkonce.r.*)
 *(.data .data.*)
 .data.HBPrescTable
                0x0000000020000000       0x10 ./System/system_ch32v00X.o
                0x0000000020000000                HBPrescTable
 .data.SystemCoreClock
                0x0000000020000010        0x4 ./System/system_ch32v00X.o
                0x0000000020000010                SystemCoreClock
 .data.ADCPrescTable
                0x0000000020000014       0x14 ./SRC/Peripheral/src/ch32v00X_rcc.o
 .data.PBHBPrescTable
                0x0000000020000028       0x10 ./SRC/Peripheral/src/ch32v00X_rcc.o
 .data.s_motor_pwm
                0x0000000020000038        0x2 ./Drivers/D_motor.o
 *fill*         0x000000002000003a        0x2 
 .data.s_tasks  0x000000002000003c       0x50 ./Application/A_Tasks.o
 *(.gnu.linkonce.d.*)
                0x0000000020000090                . = ALIGN (0x8)
 *fill*         0x000000002000008c        0x4 
                0x0000000020000890                PROVIDE (__global_pointer$ = (. + 0x800))
 *(.sdata .sdata.*)
 *(.sdata2*)
 *(.gnu.linkonce.s.*)
                0x0000000020000090                . = ALIGN (0x8)
 *(.srodata.cst16)
 *(.srodata.cst8)
 *(.srodata.cst4)
 *(.srodata.cst2)
 *(.srodata .srodata.*)
                0x0000000020000090                . = ALIGN (0x4)
                0x0000000020000090                PROVIDE (_edata = .)

.bss            0x0000000020000090      0x3d0 load address 0x0000000000006f08
                0x0000000020000090                . = ALIGN (0x4)
                0x0000000020000090                PROVIDE (_sbss = .)
 *(.sbss*)
 *(.gnu.linkonce.sb.*)
 *(.bss*)
 .bss.tick_cnt.0
                0x0000000020000090        0x1 ./User/ch32v00X_it.o
 *fill*         0x0000000020000091        0x1 
 .bss.rx_cksum  0x0000000020000092        0x2 ./System/iap.o
 .bss.rx_idx    0x0000000020000094        0x1 ./System/iap.o
 .bss.rx_state  0x0000000020000095        0x1 ./System/iap.o
 *fill*         0x0000000020000096        0x2 
 .bss.EP2_Rx_Buffer
                0x0000000020000098       0x44 ./System/iap.o
                0x0000000020000098                EP2_Rx_Buffer
 .bss.NVIC_Priority_Group
                0x00000000200000dc        0x4 ./SRC/Peripheral/src/ch32v00X_misc.o
                0x00000000200000dc                NVIC_Priority_Group
 .bss.p_ms      0x00000000200000e0        0x2 ./SRC/Debug/debug.o
 .bss.p_us      0x00000000200000e2        0x1 ./SRC/Debug/debug.o
 .bss.s_encoder_valid
                0x00000000200000e3        0x1 ./Drivers/D_adc.o
 .bss.s_encoder_q4
                0x00000000200000e4        0x2 ./Drivers/D_adc.o
 *fill*         0x00000000200000e6        0x2 
 .bss.s_encoder_half_sum
                0x00000000200000e8        0x4 ./Drivers/D_adc.o
 .bss.s_current_window_off
                0x00000000200000ec        0x1 ./Drivers/D_adc.o
 .bss.s_discard_dma_block
                0x00000000200000ed        0x1 ./Drivers/D_adc.o
 .bss.s_current_valid
                0x00000000200000ee        0x1 ./Drivers/D_adc.o
 *fill*         0x00000000200000ef        0x1 
 .bss.s_current_offset
                0x00000000200000f0        0x2 ./Drivers/D_adc.o
 .bss.s_current_filtered
                0x00000000200000f2        0x2 ./Drivers/D_adc.o
 .bss.s_current_half_sum
                0x00000000200000f4        0x4 ./Drivers/D_adc.o
 .bss.s_adc_dma_buffer
                0x00000000200000f8       0x50 ./Drivers/D_adc.o
 .bss.s_i2c_initialized
                0x0000000020000148        0x1 ./Drivers/D_i2c.o
 .bss.s_adc_window
                0x0000000020000149        0x1 ./Drivers/D_motor.o
 .bss.s_motor_direction
                0x000000002000014a        0x1 ./Drivers/D_motor.o
 *fill*         0x000000002000014b        0x1 
 .bss.s_pulse_us
                0x000000002000014c        0x2 ./Drivers/D_tim.o
 *fill*         0x000000002000014e        0x2 
 .bss.s_ic_overflow
                0x0000000020000150        0x4 ./Drivers/D_tim.o
 .bss.s_ic_period_valid
                0x0000000020000154        0x1 ./Drivers/D_tim.o
 *fill*         0x0000000020000155        0x3 
 .bss.s_ic_rise_time
                0x0000000020000158        0x4 ./Drivers/D_tim.o
 .bss.s_ic_have_rise
                0x000000002000015c        0x1 ./Drivers/D_tim.o
 .bss.s_ic_wait_falling
                0x000000002000015d        0x1 ./Drivers/D_tim.o
 *fill*         0x000000002000015e        0x2 
 .bss.s_pending_baud
                0x0000000020000160        0x4 ./Drivers/D_uart.o
 .bss.s_enabled
                0x0000000020000164        0x1 ./Drivers/D_uart.o
 .bss.s_tx_busy
                0x0000000020000165        0x1 ./Drivers/D_uart.o
 *fill*         0x0000000020000166        0x2 
 .bss.s_tx_rb   0x0000000020000168       0x82 ./Drivers/D_uart.o
 *fill*         0x00000000200001ea        0x2 
 .bss.s_rx_rb   0x00000000200001ec       0x82 ./Drivers/D_uart.o
 *fill*         0x000000002000026e        0x2 
 .bss.s_frame   0x0000000020000270       0x18 ./Drivers/D_ws2812.o
 .bss.s_ctl     0x0000000020000288       0x14 ./Common/C_Pos_Ctrl.o
 .bss.s_obs     0x000000002000029c       0x2c ./Common/C_Speed_Observer.o
 .bss.s_task_count
                0x00000000200002c8        0x1 ./Common/C_Task_Scheduler.o
 *fill*         0x00000000200002c9        0x3 
 .bss.s_tasks   0x00000000200002cc        0x4 ./Common/C_Task_Scheduler.o
 .bss.s_tj      0x00000000200002d0       0x98 ./Common/C_Traj_Planner.o
 .bss.s_save_event
                0x0000000020000368        0x4 ./Application/A_Config.o
 .bss.s_dirty   0x000000002000036c        0x1 ./Application/A_Config.o
 *fill*         0x000000002000036d        0x3 
 .bss.s_sequence
                0x0000000020000370        0x4 ./Application/A_Config.o
 .bss.g_config  0x0000000020000374        0xe ./Application/A_Config.o
                0x0000000020000374                g_config
 *fill*         0x0000000020000382        0x2 
 .bss.s_prot    0x0000000020000384        0xc ./Application/A_Protect.o
 .bss.s_servo   0x0000000020000390       0x78 ./Application/A_Servo.o
 .bss.led_on.0  0x0000000020000408        0x1 ./Application/A_Tasks.o
 .bss.led_div.1
                0x0000000020000409        0x1 ./Application/A_Tasks.o
 *fill*         0x000000002000040a        0x2 
 .bss.s_reply   0x000000002000040c       0x31 ./Application/A_UartCmd.o
 .bss.s_framing
                0x000000002000043d        0x1 ./Application/A_UartCmd.o
 .bss.s_frame_idx
                0x000000002000043e        0x1 ./Application/A_UartCmd.o
 *fill*         0x000000002000043f        0x1 
 .bss.s_frame   0x0000000020000440       0x20 ./Application/A_UartCmd.o
 *(.gnu.linkonce.b.*)
 *(COMMON*)
                0x0000000020000460                . = ALIGN (0x4)
                0x0000000020000460                PROVIDE (_ebss = .)
                0x0000000020000460                PROVIDE (_end = _ebss)
                [!provide]                        PROVIDE (end = .)

.stack          0x0000000020001800      0x800
                0x0000000020001800                PROVIDE (_heap_end = .)
                0x0000000020001800                . = ALIGN (0x4)
                [!provide]                        PROVIDE (_susrstack = .)
                0x0000000020002000                . = (. + __stack_size)
 *fill*         0x0000000020001800      0x800 
                0x0000000020002000                PROVIDE (_eusrstack = .)
OUTPUT(CH32V00X_APP.elf elf32-littleriscv)

.debug_info     0x0000000000000000    0x16001
 .debug_info    0x0000000000000000      0x6ca ./User/ch32v00X_it.o
 .debug_info    0x00000000000006ca      0x284 ./User/main.o
 .debug_info    0x000000000000094e      0x5e6 ./System/flash.o
 .debug_info    0x0000000000000f34      0x697 ./System/iap.o
 .debug_info    0x00000000000015cb      0x328 ./System/system_ch32v00X.o
 .debug_info    0x00000000000018f3       0x23 ./SRC/Startup/startup_ch32v00X.o
 .debug_info    0x0000000000001916      0xdf6 ./SRC/Peripheral/src/ch32v00X_adc.o
 .debug_info    0x000000000000270c      0x430 ./SRC/Peripheral/src/ch32v00X_dma.o
 .debug_info    0x0000000000002b3c      0xb4c ./SRC/Peripheral/src/ch32v00X_flash.o
 .debug_info    0x0000000000003688      0x90a ./SRC/Peripheral/src/ch32v00X_gpio.o
 .debug_info    0x0000000000003f92      0xb0d ./SRC/Peripheral/src/ch32v00X_i2c.o
 .debug_info    0x0000000000004a9f      0x277 ./SRC/Peripheral/src/ch32v00X_iwdg.o
 .debug_info    0x0000000000004d16      0x4fe ./SRC/Peripheral/src/ch32v00X_misc.o
 .debug_info    0x0000000000005214      0xba9 ./SRC/Peripheral/src/ch32v00X_opa.o
 .debug_info    0x0000000000005dbd      0x8d7 ./SRC/Peripheral/src/ch32v00X_rcc.o
 .debug_info    0x0000000000006694      0x769 ./SRC/Peripheral/src/ch32v00X_spi.o
 .debug_info    0x0000000000006dfd     0x1fd4 ./SRC/Peripheral/src/ch32v00X_tim.o
 .debug_info    0x0000000000008dd1      0x887 ./SRC/Peripheral/src/ch32v00X_usart.o
 .debug_info    0x0000000000009658      0x702 ./SRC/Debug/debug.o
 .debug_info    0x0000000000009d5a      0x2eb ./SRC/Core/core_riscv.o
 .debug_info    0x000000000000a045     0x1255 ./Drivers/D_adc.o
 .debug_info    0x000000000000b29a      0xfaf ./Drivers/D_i2c.o
 .debug_info    0x000000000000c249      0x225 ./Drivers/D_iwdg.o
 .debug_info    0x000000000000c46e      0x603 ./Drivers/D_motor.o
 .debug_info    0x000000000000ca71      0x1bd ./Drivers/D_mt6701.o
 .debug_info    0x000000000000cc2e      0x796 ./Drivers/D_opa.o
 .debug_info    0x000000000000d3c4      0x604 ./Drivers/D_spi.o
 .debug_info    0x000000000000d9c8     0x1491 ./Drivers/D_tim.o
 .debug_info    0x000000000000ee59      0x2bd ./Drivers/D_tmp112.o
 .debug_info    0x000000000000f116     0x1017 ./Drivers/D_uart.o
 .debug_info    0x000000000001012d      0x24e ./Drivers/D_ws2812.o
 .debug_info    0x000000000001037b      0x75f ./Common/C_Pos_Ctrl.o
 .debug_info    0x0000000000010ada      0x1be ./Common/C_Ring_Buf.o
 .debug_info    0x0000000000010c98      0x339 ./Common/C_Speed_Observer.o
 .debug_info    0x0000000000010fd1      0x32c ./Common/C_Task_Scheduler.o
 .debug_info    0x00000000000112fd     0x1267 ./Common/C_Traj_Planner.o
 .debug_info    0x0000000000012564      0x3df ./Application/A_Config.o
 .debug_info    0x0000000000012943      0x516 ./Application/A_Protect.o
 .debug_info    0x0000000000012e59      0x279 ./Application/A_Sensor.o
 .debug_info    0x00000000000130d2     0x1882 ./Application/A_Servo.o
 .debug_info    0x0000000000014954      0x320 ./Application/A_Tasks.o
 .debug_info    0x0000000000014c74     0x138d ./Application/A_UartCmd.o

.debug_abbrev   0x0000000000000000     0x55a6
 .debug_abbrev  0x0000000000000000      0x217 ./User/ch32v00X_it.o
 .debug_abbrev  0x0000000000000217       0xb5 ./User/main.o
 .debug_abbrev  0x00000000000002cc      0x1b8 ./System/flash.o
 .debug_abbrev  0x0000000000000484      0x29f ./System/iap.o
 .debug_abbrev  0x0000000000000723      0x164 ./System/system_ch32v00X.o
 .debug_abbrev  0x0000000000000887       0x12 ./SRC/Startup/startup_ch32v00X.o
 .debug_abbrev  0x0000000000000899      0x1bd ./SRC/Peripheral/src/ch32v00X_adc.o
 .debug_abbrev  0x0000000000000a56      0x18d ./SRC/Peripheral/src/ch32v00X_dma.o
 .debug_abbrev  0x0000000000000be3      0x3af ./SRC/Peripheral/src/ch32v00X_flash.o
 .debug_abbrev  0x0000000000000f92      0x1f0 ./SRC/Peripheral/src/ch32v00X_gpio.o
 .debug_abbrev  0x0000000000001182      0x256 ./SRC/Peripheral/src/ch32v00X_i2c.o
 .debug_abbrev  0x00000000000013d8      0x12a ./SRC/Peripheral/src/ch32v00X_iwdg.o
 .debug_abbrev  0x0000000000001502      0x1c0 ./SRC/Peripheral/src/ch32v00X_misc.o
 .debug_abbrev  0x00000000000016c2      0x1cc ./SRC/Peripheral/src/ch32v00X_opa.o
 .debug_abbrev  0x000000000000188e      0x23c ./SRC/Peripheral/src/ch32v00X_rcc.o
 .debug_abbrev  0x0000000000001aca      0x20a ./SRC/Peripheral/src/ch32v00X_spi.o
 .debug_abbrev  0x0000000000001cd4      0x330 ./SRC/Peripheral/src/ch32v00X_tim.o
 .debug_abbrev  0x0000000000002004      0x1ff ./SRC/Peripheral/src/ch32v00X_usart.o
 .debug_abbrev  0x0000000000002203      0x283 ./SRC/Debug/debug.o
 .debug_abbrev  0x0000000000002486       0xe5 ./SRC/Core/core_riscv.o
 .debug_abbrev  0x000000000000256b      0x354 ./Drivers/D_adc.o
 .debug_abbrev  0x00000000000028bf      0x300 ./Drivers/D_i2c.o
 .debug_abbrev  0x0000000000002bbf      0x118 ./Drivers/D_iwdg.o
 .debug_abbrev  0x0000000000002cd7      0x1b9 ./Drivers/D_motor.o
 .debug_abbrev  0x0000000000002e90       0xed ./Drivers/D_mt6701.o
 .debug_abbrev  0x0000000000002f7d      0x13e ./Drivers/D_opa.o
 .debug_abbrev  0x00000000000030bb      0x1bd ./Drivers/D_spi.o
 .debug_abbrev  0x0000000000003278      0x3a6 ./Drivers/D_tim.o
 .debug_abbrev  0x000000000000361e      0x158 ./Drivers/D_tmp112.o
 .debug_abbrev  0x0000000000003776      0x321 ./Drivers/D_uart.o
 .debug_abbrev  0x0000000000003a97      0x131 ./Drivers/D_ws2812.o
 .debug_abbrev  0x0000000000003bc8      0x299 ./Common/C_Pos_Ctrl.o
 .debug_abbrev  0x0000000000003e61      0x10c ./Common/C_Ring_Buf.o
 .debug_abbrev  0x0000000000003f6d      0x185 ./Common/C_Speed_Observer.o
 .debug_abbrev  0x00000000000040f2      0x17e ./Common/C_Task_Scheduler.o
 .debug_abbrev  0x0000000000004270      0x381 ./Common/C_Traj_Planner.o
 .debug_abbrev  0x00000000000045f1      0x230 ./Application/A_Config.o
 .debug_abbrev  0x0000000000004821      0x258 ./Application/A_Protect.o
 .debug_abbrev  0x0000000000004a79      0x11e ./Application/A_Sensor.o
 .debug_abbrev  0x0000000000004b97      0x49e ./Application/A_Servo.o
 .debug_abbrev  0x0000000000005035      0x185 ./Application/A_Tasks.o
 .debug_abbrev  0x00000000000051ba      0x3ec ./Application/A_UartCmd.o

.debug_aranges  0x0000000000000000     0x13f8
 .debug_aranges
                0x0000000000000000       0x48 ./User/ch32v00X_it.o
 .debug_aranges
                0x0000000000000048       0x20 ./User/main.o
 .debug_aranges
                0x0000000000000068       0x38 ./System/flash.o
 .debug_aranges
                0x00000000000000a0       0x38 ./System/iap.o
 .debug_aranges
                0x00000000000000d8       0x28 ./System/system_ch32v00X.o
 .debug_aranges
                0x0000000000000100       0x30 ./SRC/Startup/startup_ch32v00X.o
 .debug_aranges
                0x0000000000000130      0x180 ./SRC/Peripheral/src/ch32v00X_adc.o
 .debug_aranges
                0x00000000000002b0       0x70 ./SRC/Peripheral/src/ch32v00X_dma.o
 .debug_aranges
                0x0000000000000320      0x118 ./SRC/Peripheral/src/ch32v00X_flash.o
 .debug_aranges
                0x0000000000000438       0x98 ./SRC/Peripheral/src/ch32v00X_gpio.o
 .debug_aranges
                0x00000000000004d0      0x118 ./SRC/Peripheral/src/ch32v00X_i2c.o
 .debug_aranges
                0x00000000000005e8       0x48 ./SRC/Peripheral/src/ch32v00X_iwdg.o
 .debug_aranges
                0x0000000000000630       0x28 ./SRC/Peripheral/src/ch32v00X_misc.o
 .debug_aranges
                0x0000000000000658       0xc0 ./SRC/Peripheral/src/ch32v00X_opa.o
 .debug_aranges
                0x0000000000000718      0x108 ./SRC/Peripheral/src/ch32v00X_rcc.o
 .debug_aranges
                0x0000000000000820       0xc0 ./SRC/Peripheral/src/ch32v00X_spi.o
 .debug_aranges
                0x00000000000008e0      0x2f0 ./SRC/Peripheral/src/ch32v00X_tim.o
 .debug_aranges
                0x0000000000000bd0       0xc8 ./SRC/Peripheral/src/ch32v00X_usart.o
 .debug_aranges
                0x0000000000000c98       0x50 ./SRC/Debug/debug.o
 .debug_aranges
                0x0000000000000ce8       0xa0 ./SRC/Core/core_riscv.o
 .debug_aranges
                0x0000000000000d88       0x60 ./Drivers/D_adc.o
 .debug_aranges
                0x0000000000000de8       0x58 ./Drivers/D_i2c.o
 .debug_aranges
                0x0000000000000e40       0x28 ./Drivers/D_iwdg.o
 .debug_aranges
                0x0000000000000e68       0x28 ./Drivers/D_motor.o
 .debug_aranges
                0x0000000000000e90       0x30 ./Drivers/D_mt6701.o
 .debug_aranges
                0x0000000000000ec0       0x20 ./Drivers/D_opa.o
 .debug_aranges
                0x0000000000000ee0       0x30 ./Drivers/D_spi.o
 .debug_aranges
                0x0000000000000f10       0x58 ./Drivers/D_tim.o
 .debug_aranges
                0x0000000000000f68       0x28 ./Drivers/D_tmp112.o
 .debug_aranges
                0x0000000000000f90       0x68 ./Drivers/D_uart.o
 .debug_aranges
                0x0000000000000ff8       0x38 ./Drivers/D_ws2812.o
 .debug_aranges
                0x0000000000001030       0x40 ./Common/C_Pos_Ctrl.o
 .debug_aranges
                0x0000000000001070       0x38 ./Common/C_Ring_Buf.o
 .debug_aranges
                0x00000000000010a8       0x28 ./Common/C_Speed_Observer.o
 .debug_aranges
                0x00000000000010d0       0x40 ./Common/C_Task_Scheduler.o
 .debug_aranges
                0x0000000000001110       0x80 ./Common/C_Traj_Planner.o
 .debug_aranges
                0x0000000000001190       0x48 ./Application/A_Config.o
 .debug_aranges
                0x00000000000011d8       0x48 ./Application/A_Protect.o
 .debug_aranges
                0x0000000000001220       0x38 ./Application/A_Sensor.o
 .debug_aranges
                0x0000000000001258       0xf8 ./Application/A_Servo.o
 .debug_aranges
                0x0000000000001350       0x40 ./Application/A_Tasks.o
 .debug_aranges
                0x0000000000001390       0x68 ./Application/A_UartCmd.o

.debug_rnglists
                0x0000000000000000     0x1a2b
 .debug_rnglists
                0x0000000000000000       0x43 ./User/ch32v00X_it.o
 .debug_rnglists
                0x0000000000000043       0x16 ./User/main.o
 .debug_rnglists
                0x0000000000000059       0x31 ./System/flash.o
 .debug_rnglists
                0x000000000000008a       0x31 ./System/iap.o
 .debug_rnglists
                0x00000000000000bb       0x1f ./System/system_ch32v00X.o
 .debug_rnglists
                0x00000000000000da       0x21 ./SRC/Startup/startup_ch32v00X.o
 .debug_rnglists
                0x00000000000000fb      0x1a2 ./SRC/Peripheral/src/ch32v00X_adc.o
 .debug_rnglists
                0x000000000000029d       0x70 ./SRC/Peripheral/src/ch32v00X_dma.o
 .debug_rnglists
                0x000000000000030d      0x12d ./SRC/Peripheral/src/ch32v00X_flash.o
 .debug_rnglists
                0x000000000000043a       0x9d ./SRC/Peripheral/src/ch32v00X_gpio.o
 .debug_rnglists
                0x00000000000004d7      0x12d ./SRC/Peripheral/src/ch32v00X_i2c.o
 .debug_rnglists
                0x0000000000000604       0x43 ./SRC/Peripheral/src/ch32v00X_iwdg.o
 .debug_rnglists
                0x0000000000000647       0x45 ./SRC/Peripheral/src/ch32v00X_misc.o
 .debug_rnglists
                0x000000000000068c       0xca ./SRC/Peripheral/src/ch32v00X_opa.o
 .debug_rnglists
                0x0000000000000756      0x11b ./SRC/Peripheral/src/ch32v00X_rcc.o
 .debug_rnglists
                0x0000000000000871       0xca ./SRC/Peripheral/src/ch32v00X_spi.o
 .debug_rnglists
                0x000000000000093b      0x340 ./SRC/Peripheral/src/ch32v00X_tim.o
 .debug_rnglists
                0x0000000000000c7b       0xd3 ./SRC/Peripheral/src/ch32v00X_usart.o
 .debug_rnglists
                0x0000000000000d4e       0x4c ./SRC/Debug/debug.o
 .debug_rnglists
                0x0000000000000d9a       0xa6 ./SRC/Core/core_riscv.o
 .debug_rnglists
                0x0000000000000e40       0x84 ./Drivers/D_adc.o
 .debug_rnglists
                0x0000000000000ec4       0x97 ./Drivers/D_i2c.o
 .debug_rnglists
                0x0000000000000f5b       0x1f ./Drivers/D_iwdg.o
 .debug_rnglists
                0x0000000000000f7a       0x1f ./Drivers/D_motor.o
 .debug_rnglists
                0x0000000000000f99       0x28 ./Drivers/D_mt6701.o
 .debug_rnglists
                0x0000000000000fc1       0x16 ./Drivers/D_opa.o
 .debug_rnglists
                0x0000000000000fd7       0x3b ./Drivers/D_spi.o
 .debug_rnglists
                0x0000000000001012       0x68 ./Drivers/D_tim.o
 .debug_rnglists
                0x000000000000107a       0x4e ./Drivers/D_tmp112.o
 .debug_rnglists
                0x00000000000010c8       0x67 ./Drivers/D_uart.o
 .debug_rnglists
                0x000000000000112f       0x31 ./Drivers/D_ws2812.o
 .debug_rnglists
                0x0000000000001160       0xf4 ./Common/C_Pos_Ctrl.o
 .debug_rnglists
                0x0000000000001254       0x31 ./Common/C_Ring_Buf.o
 .debug_rnglists
                0x0000000000001285       0x5f ./Common/C_Speed_Observer.o
 .debug_rnglists
                0x00000000000012e4       0x3a ./Common/C_Task_Scheduler.o
 .debug_rnglists
                0x000000000000131e      0x256 ./Common/C_Traj_Planner.o
 .debug_rnglists
                0x0000000000001574       0x43 ./Application/A_Config.o
 .debug_rnglists
                0x00000000000015b7       0xd7 ./Application/A_Protect.o
 .debug_rnglists
                0x000000000000168e       0x31 ./Application/A_Sensor.o
 .debug_rnglists
                0x00000000000016bf      0x23e ./Application/A_Servo.o
 .debug_rnglists
                0x00000000000018fd       0x4d ./Application/A_Tasks.o
 .debug_rnglists
                0x000000000000194a       0xe1 ./Application/A_UartCmd.o

.debug_line     0x0000000000000000    0x199ba
 .debug_line    0x0000000000000000      0x1dd ./User/ch32v00X_it.o
 .debug_line    0x00000000000001dd      0x178 ./User/main.o
 .debug_line    0x0000000000000355      0x597 ./System/flash.o
 .debug_line    0x00000000000008ec      0x5c2 ./System/iap.o
 .debug_line    0x0000000000000eae      0x41b ./System/system_ch32v00X.o
 .debug_line    0x00000000000012c9      0x10e ./SRC/Startup/startup_ch32v00X.o
 .debug_line    0x00000000000013d7     0x1440 ./SRC/Peripheral/src/ch32v00X_adc.o
 .debug_line    0x0000000000002817      0x5bc ./SRC/Peripheral/src/ch32v00X_dma.o
 .debug_line    0x0000000000002dd3     0x1d3b ./SRC/Peripheral/src/ch32v00X_flash.o
 .debug_line    0x0000000000004b0e      0xec3 ./SRC/Peripheral/src/ch32v00X_gpio.o
 .debug_line    0x00000000000059d1      0xe9c ./SRC/Peripheral/src/ch32v00X_i2c.o
 .debug_line    0x000000000000686d      0x1c0 ./SRC/Peripheral/src/ch32v00X_iwdg.o
 .debug_line    0x0000000000006a2d      0x1d7 ./SRC/Peripheral/src/ch32v00X_misc.o
 .debug_line    0x0000000000006c04      0xaca ./SRC/Peripheral/src/ch32v00X_opa.o
 .debug_line    0x00000000000076ce      0xe41 ./SRC/Peripheral/src/ch32v00X_rcc.o
 .debug_line    0x000000000000850f      0x827 ./SRC/Peripheral/src/ch32v00X_spi.o
 .debug_line    0x0000000000008d36     0x39b8 ./SRC/Peripheral/src/ch32v00X_tim.o
 .debug_line    0x000000000000c6ee      0xa78 ./SRC/Peripheral/src/ch32v00X_usart.o
 .debug_line    0x000000000000d166      0x57c ./SRC/Debug/debug.o
 .debug_line    0x000000000000d6e2      0x332 ./SRC/Core/core_riscv.o
 .debug_line    0x000000000000da14      0xc7e ./Drivers/D_adc.o
 .debug_line    0x000000000000e692      0xcfd ./Drivers/D_i2c.o
 .debug_line    0x000000000000f38f      0x11d ./Drivers/D_iwdg.o
 .debug_line    0x000000000000f4ac      0x319 ./Drivers/D_motor.o
 .debug_line    0x000000000000f7c5      0x178 ./Drivers/D_mt6701.o
 .debug_line    0x000000000000f93d      0x1a1 ./Drivers/D_opa.o
 .debug_line    0x000000000000fade      0x2bf ./Drivers/D_spi.o
 .debug_line    0x000000000000fd9d      0xb57 ./Drivers/D_tim.o
 .debug_line    0x00000000000108f4      0x1ad ./Drivers/D_tmp112.o
 .debug_line    0x0000000000010aa1      0x887 ./Drivers/D_uart.o
 .debug_line    0x0000000000011328      0x1a7 ./Drivers/D_ws2812.o
 .debug_line    0x00000000000114cf      0xbf3 ./Common/C_Pos_Ctrl.o
 .debug_line    0x00000000000120c2      0x2d2 ./Common/C_Ring_Buf.o
 .debug_line    0x0000000000012394      0x4a0 ./Common/C_Speed_Observer.o
 .debug_line    0x0000000000012834      0x5a8 ./Common/C_Task_Scheduler.o
 .debug_line    0x0000000000012ddc     0x2690 ./Common/C_Traj_Planner.o
 .debug_line    0x000000000001546c      0x3b6 ./Application/A_Config.o
 .debug_line    0x0000000000015822      0x6df ./Application/A_Protect.o
 .debug_line    0x0000000000015f01      0x2f1 ./Application/A_Sensor.o
 .debug_line    0x00000000000161f2     0x25d1 ./Application/A_Servo.o
 .debug_line    0x00000000000187c3      0x1a5 ./Application/A_Tasks.o
 .debug_line    0x0000000000018968     0x1052 ./Application/A_UartCmd.o

.debug_str      0x0000000000000000     0x56ab
 .debug_str     0x0000000000000000      0x3e2 ./User/ch32v00X_it.o
                                        0x481 (size before relaxing)
 .debug_str     0x00000000000003e2      0x146 ./User/main.o
                                        0x2d2 (size before relaxing)
 .debug_str     0x0000000000000528      0x17c ./System/flash.o
                                        0x342 (size before relaxing)
 .debug_str     0x00000000000006a4      0x134 ./System/iap.o
                                        0x3c1 (size before relaxing)
 .debug_str     0x00000000000007d8       0xd6 ./System/system_ch32v00X.o
                                        0x2df (size before relaxing)
 .debug_str     0x00000000000008ae       0x56 ./SRC/Startup/startup_ch32v00X.o
 .debug_str     0x0000000000000904      0x6cb ./SRC/Peripheral/src/ch32v00X_adc.o
                                        0x8b5 (size before relaxing)
 .debug_str     0x0000000000000fcf      0x1d5 ./SRC/Peripheral/src/ch32v00X_dma.o
                                        0x3ca (size before relaxing)
 .debug_str     0x00000000000011a4      0x324 ./SRC/Peripheral/src/ch32v00X_flash.o
                                        0x67b (size before relaxing)
 .debug_str     0x00000000000014c8      0x2c5 ./SRC/Peripheral/src/ch32v00X_gpio.o
                                        0x509 (size before relaxing)
 .debug_str     0x000000000000178d      0x403 ./SRC/Peripheral/src/ch32v00X_i2c.o
                                        0x692 (size before relaxing)
 .debug_str     0x0000000000001b90       0xa8 ./SRC/Peripheral/src/ch32v00X_iwdg.o
                                        0x2ca (size before relaxing)
 .debug_str     0x0000000000001c38      0x288 ./SRC/Peripheral/src/ch32v00X_misc.o
                                        0x4fd (size before relaxing)
 .debug_str     0x0000000000001ec0      0xa23 ./SRC/Peripheral/src/ch32v00X_opa.o
                                        0xc3d (size before relaxing)
 .debug_str     0x00000000000028e3      0x2a6 ./SRC/Peripheral/src/ch32v00X_rcc.o
                                        0x64c (size before relaxing)
 .debug_str     0x0000000000002b89      0x274 ./SRC/Peripheral/src/ch32v00X_spi.o
                                        0x51d (size before relaxing)
 .debug_str     0x0000000000002dfd      0xaa6 ./SRC/Peripheral/src/ch32v00X_tim.o
                                        0xec3 (size before relaxing)
 .debug_str     0x00000000000038a3      0x2ed ./SRC/Peripheral/src/ch32v00X_usart.o
                                        0x5eb (size before relaxing)
 .debug_str     0x0000000000003b90       0x98 ./SRC/Debug/debug.o
                                        0x51f (size before relaxing)
 .debug_str     0x0000000000003c28       0xda ./SRC/Core/core_riscv.o
                                        0x25c (size before relaxing)
 .debug_str     0x0000000000003d02      0x206 ./Drivers/D_adc.o
                                        0xb8a (size before relaxing)
 .debug_str     0x0000000000003f08       0xc0 ./Drivers/D_i2c.o
                                        0x65a (size before relaxing)
 .debug_str     0x0000000000003fc8        0xc ./Drivers/D_iwdg.o
                                        0x261 (size before relaxing)
 .debug_str     0x0000000000003fd4       0x8b ./Drivers/D_motor.o
                                        0x44a (size before relaxing)
 .debug_str     0x000000000000405f       0x26 ./Drivers/D_mt6701.o
                                        0x1df (size before relaxing)
 .debug_str     0x0000000000004085       0x12 ./Drivers/D_opa.o
                                        0x8d2 (size before relaxing)
 .debug_str     0x0000000000004097       0x2f ./Drivers/D_spi.o
                                        0x4b5 (size before relaxing)
 .debug_str     0x00000000000040c6      0x124 ./Drivers/D_tim.o
                                        0xc07 (size before relaxing)
 .debug_str     0x00000000000041ea       0x6b ./Drivers/D_tmp112.o
                                        0x247 (size before relaxing)
 .debug_str     0x0000000000004255      0x11b ./Drivers/D_uart.o
                                        0x8d2 (size before relaxing)
 .debug_str     0x0000000000004370       0x37 ./Drivers/D_ws2812.o
                                        0x1fe (size before relaxing)
 .debug_str     0x00000000000043a7      0x203 ./Common/C_Pos_Ctrl.o
                                        0x3ec (size before relaxing)
 .debug_str     0x00000000000045aa        0x5 ./Common/C_Ring_Buf.o
                                        0x1ee (size before relaxing)
 .debug_str     0x00000000000045af       0xf9 ./Common/C_Speed_Observer.o
                                        0x2d0 (size before relaxing)
 .debug_str     0x00000000000046a8       0x8e ./Common/C_Task_Scheduler.o
                                        0x296 (size before relaxing)
 .debug_str     0x0000000000004736      0x3a3 ./Common/C_Traj_Planner.o
                                        0x5d7 (size before relaxing)
 .debug_str     0x0000000000004ad9      0x22b ./Application/A_Config.o
                                        0x41a (size before relaxing)
 .debug_str     0x0000000000004d04      0x188 ./Application/A_Protect.o
                                        0x433 (size before relaxing)
 .debug_str     0x0000000000004e8c       0x38 ./Application/A_Sensor.o
                                        0x282 (size before relaxing)
 .debug_str     0x0000000000004ec4      0x4a8 ./Application/A_Servo.o
                                        0xafc (size before relaxing)
 .debug_str     0x000000000000536c       0xc1 ./Application/A_Tasks.o
                                        0x30f (size before relaxing)
 .debug_str     0x000000000000542d      0x27e ./Application/A_UartCmd.o
                                        0x815 (size before relaxing)

.debug_line_str
                0x0000000000000000      0xb85
 .debug_line_str
                0x0000000000000000      0x286 ./User/ch32v00X_it.o
                                        0x2d5 (size before relaxing)
 .debug_line_str
                0x0000000000000286      0x13e ./User/main.o
                                        0x39b (size before relaxing)
 .debug_line_str
                0x00000000000003c4      0x16f ./System/flash.o
                                        0x343 (size before relaxing)
 .debug_line_str
                0x0000000000000533       0x16 ./System/iap.o
                                        0x28a (size before relaxing)
 .debug_line_str
                0x0000000000000549       0x2c ./System/system_ch32v00X.o
                                        0x266 (size before relaxing)
 .debug_line_str
                0x0000000000000575       0x22 ./SRC/Startup/startup_ch32v00X.o
                                         0x5d (size before relaxing)
 .debug_line_str
                0x0000000000000597       0x4a ./SRC/Peripheral/src/ch32v00X_adc.o
                                        0x280 (size before relaxing)
 .debug_line_str
                0x00000000000005e1       0x34 ./SRC/Peripheral/src/ch32v00X_dma.o
                                        0x271 (size before relaxing)
 .debug_line_str
                0x0000000000000615       0x27 ./SRC/Peripheral/src/ch32v00X_flash.o
                                        0x279 (size before relaxing)
 .debug_line_str
                0x000000000000063c       0x26 ./SRC/Peripheral/src/ch32v00X_gpio.o
                                        0x284 (size before relaxing)
 .debug_line_str
                0x0000000000000662       0x34 ./SRC/Peripheral/src/ch32v00X_i2c.o
                                        0x280 (size before relaxing)
 .debug_line_str
                0x0000000000000696       0x26 ./SRC/Peripheral/src/ch32v00X_iwdg.o
                                        0x265 (size before relaxing)
 .debug_line_str
                0x00000000000006bc       0x26 ./SRC/Peripheral/src/ch32v00X_misc.o
                                        0x275 (size before relaxing)
 .debug_line_str
                0x00000000000006e2       0x34 ./SRC/Peripheral/src/ch32v00X_opa.o
                                        0x271 (size before relaxing)
 .debug_line_str
                0x0000000000000716       0x25 ./SRC/Peripheral/src/ch32v00X_rcc.o
                                        0x271 (size before relaxing)
 .debug_line_str
                0x000000000000073b       0x34 ./SRC/Peripheral/src/ch32v00X_spi.o
                                        0x280 (size before relaxing)
 .debug_line_str
                0x000000000000076f       0x25 ./SRC/Peripheral/src/ch32v00X_tim.o
                                        0x280 (size before relaxing)
 .debug_line_str
                0x0000000000000794       0x38 ./SRC/Peripheral/src/ch32v00X_usart.o
                                        0x288 (size before relaxing)
 .debug_line_str
                0x00000000000007cc       0x22 ./SRC/Debug/debug.o
                                        0x34b (size before relaxing)
 .debug_line_str
                0x00000000000007ee       0x25 ./SRC/Core/core_riscv.o
                                        0x1cc (size before relaxing)
 .debug_line_str
                0x0000000000000813       0x1e ./Drivers/D_adc.o
                                        0x2cd (size before relaxing)
 .debug_line_str
                0x0000000000000831       0x13 ./Drivers/D_i2c.o
                                        0x265 (size before relaxing)
 .debug_line_str
                0x0000000000000844       0x24 ./Drivers/D_iwdg.o
                                        0x24e (size before relaxing)
 .debug_line_str
                0x0000000000000868       0x15 ./Drivers/D_motor.o
                                        0x222 (size before relaxing)
 .debug_line_str
                0x000000000000087d       0x16 ./Drivers/D_mt6701.o
                                        0x1cc (size before relaxing)
 .debug_line_str
                0x0000000000000893       0x13 ./Drivers/D_opa.o
                                        0x270 (size before relaxing)
 .debug_line_str
                0x00000000000008a6       0x13 ./Drivers/D_spi.o
                                        0x265 (size before relaxing)
 .debug_line_str
                0x00000000000008b9       0x13 ./Drivers/D_tim.o
                                        0x275 (size before relaxing)
 .debug_line_str
                0x00000000000008cc       0x16 ./Drivers/D_tmp112.o
                                        0x1cc (size before relaxing)
 .debug_line_str
                0x00000000000008e2       0x21 ./Drivers/D_uart.o
                                        0x2b2 (size before relaxing)
 .debug_line_str
                0x0000000000000903       0x16 ./Drivers/D_ws2812.o
                                        0x202 (size before relaxing)
 .debug_line_str
                0x0000000000000919       0x7c ./Common/C_Pos_Ctrl.o
                                        0x1fd (size before relaxing)
 .debug_line_str
                0x0000000000000995       0x17 ./Common/C_Ring_Buf.o
                                        0x1d5 (size before relaxing)
 .debug_line_str
                0x00000000000009ac       0x1d ./Common/C_Speed_Observer.o
                                        0x1f1 (size before relaxing)
 .debug_line_str
                0x00000000000009c9       0x1d ./Common/C_Task_Scheduler.o
                                        0x227 (size before relaxing)
 .debug_line_str
                0x00000000000009e6       0x1b ./Common/C_Traj_Planner.o
                                        0x1e9 (size before relaxing)
 .debug_line_str
                0x0000000000000a01       0x56 ./Application/A_Config.o
                                        0x210 (size before relaxing)
 .debug_line_str
                0x0000000000000a57       0x26 ./Application/A_Protect.o
                                        0x32a (size before relaxing)
 .debug_line_str
                0x0000000000000a7d       0x48 ./Application/A_Sensor.o
                                        0x211 (size before relaxing)
 .debug_line_str
                0x0000000000000ac5       0x80 ./Application/A_Servo.o
                                        0x410 (size before relaxing)
 .debug_line_str
                0x0000000000000b45       0x25 ./Application/A_Tasks.o
                                        0x27c (size before relaxing)
 .debug_line_str
                0x0000000000000b6a       0x1b ./Application/A_UartCmd.o
                                        0x3ab (size before relaxing)

.comment        0x0000000000000000       0x31
 .comment       0x0000000000000000       0x31 ./User/ch32v00X_it.o
                                         0x32 (size before relaxing)
 .comment       0x0000000000000031       0x32 ./User/main.o
 .comment       0x0000000000000031       0x32 ./System/flash.o
 .comment       0x0000000000000031       0x32 ./System/iap.o
 .comment       0x0000000000000031       0x32 ./System/system_ch32v00X.o
 .comment       0x0000000000000031       0x32 ./SRC/Peripheral/src/ch32v00X_adc.o
 .comment       0x0000000000000031       0x32 ./SRC/Peripheral/src/ch32v00X_dma.o
 .comment       0x0000000000000031       0x32 ./SRC/Peripheral/src/ch32v00X_flash.o
 .comment       0x0000000000000031       0x32 ./SRC/Peripheral/src/ch32v00X_gpio.o
 .comment       0x0000000000000031       0x32 ./SRC/Peripheral/src/ch32v00X_i2c.o
 .comment       0x0000000000000031       0x32 ./SRC/Peripheral/src/ch32v00X_iwdg.o
 .comment       0x0000000000000031       0x32 ./SRC/Peripheral/src/ch32v00X_misc.o
 .comment       0x0000000000000031       0x32 ./SRC/Peripheral/src/ch32v00X_opa.o
 .comment       0x0000000000000031       0x32 ./SRC/Peripheral/src/ch32v00X_rcc.o
 .comment       0x0000000000000031       0x32 ./SRC/Peripheral/src/ch32v00X_spi.o
 .comment       0x0000000000000031       0x32 ./SRC/Peripheral/src/ch32v00X_tim.o
 .comment       0x0000000000000031       0x32 ./SRC/Peripheral/src/ch32v00X_usart.o
 .comment       0x0000000000000031       0x32 ./SRC/Debug/debug.o
 .comment       0x0000000000000031       0x32 ./SRC/Core/core_riscv.o
 .comment       0x0000000000000031       0x32 ./Drivers/D_adc.o
 .comment       0x0000000000000031       0x32 ./Drivers/D_i2c.o
 .comment       0x0000000000000031       0x32 ./Drivers/D_iwdg.o
 .comment       0x0000000000000031       0x32 ./Drivers/D_motor.o
 .comment       0x0000000000000031       0x32 ./Drivers/D_mt6701.o
 .comment       0x0000000000000031       0x32 ./Drivers/D_opa.o
 .comment       0x0000000000000031       0x32 ./Drivers/D_spi.o
 .comment       0x0000000000000031       0x32 ./Drivers/D_tim.o
 .comment       0x0000000000000031       0x32 ./Drivers/D_tmp112.o
 .comment       0x0000000000000031       0x32 ./Drivers/D_uart.o
 .comment       0x0000000000000031       0x32 ./Drivers/D_ws2812.o
 .comment       0x0000000000000031       0x32 ./Common/C_Pos_Ctrl.o
 .comment       0x0000000000000031       0x32 ./Common/C_Ring_Buf.o
 .comment       0x0000000000000031       0x32 ./Common/C_Speed_Observer.o
 .comment       0x0000000000000031       0x32 ./Common/C_Task_Scheduler.o
 .comment       0x0000000000000031       0x32 ./Common/C_Traj_Planner.o
 .comment       0x0000000000000031       0x32 ./Application/A_Config.o
 .comment       0x0000000000000031       0x32 ./Application/A_Protect.o
 .comment       0x0000000000000031       0x32 ./Application/A_Sensor.o
 .comment       0x0000000000000031       0x32 ./Application/A_Servo.o
 .comment       0x0000000000000031       0x32 ./Application/A_Tasks.o
 .comment       0x0000000000000031       0x32 ./Application/A_UartCmd.o
 .comment       0x0000000000000031       0x32 d:/software/mounriver/mounriver_studio2/resources/app/resources/win32/components/wch/toolchain/risc-v embedded gcc12/bin/../lib/gcc/riscv-wch-elf/12.2.0/rv32ec_zmmul_xw/ilp32e\libgcc.a(_divdi3.o)
 .comment       0x0000000000000031       0x32 d:/software/mounriver/mounriver_studio2/resources/app/resources/win32/components/wch/toolchain/risc-v embedded gcc12/bin/../lib/gcc/riscv-wch-elf/12.2.0/rv32ec_zmmul_xw/ilp32e\libgcc.a(_clz.o)
 .comment       0x0000000000000031       0x32 d:/software/mounriver/mounriver_studio2/resources/app/resources/win32/components/wch/toolchain/risc-v embedded gcc12/bin/../lib/gcc/riscv-wch-elf/12.2.0/../../../../riscv-wch-elf/lib/rv32ec_zmmul_xw/ilp32e\libg_nano.a(lib_a-memcmp.o)
 .comment       0x0000000000000031       0x32 d:/software/mounriver/mounriver_studio2/resources/app/resources/win32/components/wch/toolchain/risc-v embedded gcc12/bin/../lib/gcc/riscv-wch-elf/12.2.0/../../../../riscv-wch-elf/lib/rv32ec_zmmul_xw/ilp32e\libg_nano.a(lib_a-strlen.o)

.riscv.attributes
                0x0000000000000000       0x30
 .riscv.attributes
                0x0000000000000000       0x30 ./User/ch32v00X_it.o
 .riscv.attributes
                0x0000000000000030       0x30 ./User/main.o
 .riscv.attributes
                0x0000000000000060       0x30 ./System/flash.o
 .riscv.attributes
                0x0000000000000090       0x30 ./System/iap.o
 .riscv.attributes
                0x00000000000000c0       0x30 ./System/system_ch32v00X.o
 .riscv.attributes
                0x00000000000000f0       0x2e ./SRC/Startup/startup_ch32v00X.o
 .riscv.attributes
                0x000000000000011e       0x30 ./SRC/Peripheral/src/ch32v00X_adc.o
 .riscv.attributes