Archive member included to satisfy reference by file (symbol)

d:/software/mounriver/mounriver_studio2/resources/app/resources/win32/components/wch/toolchain/risc-v embedded gcc12/bin/../lib/gcc/riscv-wch-elf/12.2.0/rv32ec_zmmul_xw/ilp32e\libgcc.a(_divdi3.o)
                              ./Common/C_Traj_Planner.o (__divdi3)
d:/software/mounriver/mounriver_studio2/resources/app/resources/win32/components/wch/toolchain/risc-v embedded gcc12/bin/../lib/gcc/riscv-wch-elf/12.2.0/rv32ec_zmmul_xw/ilp32e\libgcc.a(_udivdi3.o)
                              ./Common/C_Traj_Planner.o (__udivdi3)
d:/software/mounriver/mounriver_studio2/resources/app/resources/win32/components/wch/toolchain/risc-v embedded gcc12/bin/../lib/gcc/riscv-wch-elf/12.2.0/rv32ec_zmmul_xw/ilp32e\libgcc.a(save-restore.o)
                              ./System/flash.o (__riscv_save_2)
d:/software/mounriver/mounriver_studio2/resources/app/resources/win32/components/wch/toolchain/risc-v embedded gcc12/bin/../lib/gcc/riscv-wch-elf/12.2.0/rv32ec_zmmul_xw/ilp32e\libgcc.a(div.o)
                              ./System/system_ch32v00X.o (__divsi3)
d:/software/mounriver/mounriver_studio2/resources/app/resources/win32/components/wch/toolchain/risc-v embedded gcc12/bin/../lib/gcc/riscv-wch-elf/12.2.0/rv32ec_zmmul_xw/ilp32e\libgcc.a(_clz.o)
                              d:/software/mounriver/mounriver_studio2/resources/app/resources/win32/components/wch/toolchain/risc-v embedded gcc12/bin/../lib/gcc/riscv-wch-elf/12.2.0/rv32ec_zmmul_xw/ilp32e\libgcc.a(_divdi3.o) (__clz_tab)
d:/software/mounriver/mounriver_studio2/resources/app/resources/win32/components/wch/toolchain/risc-v embedded gcc12/bin/../lib/gcc/riscv-wch-elf/12.2.0/../../../../riscv-wch-elf/lib/rv32ec_zmmul_xw/ilp32e\libg_nano.a(lib_a-memcmp.o)
                              ./System/flash.o (memcmp)
d:/software/mounriver/mounriver_studio2/resources/app/resources/win32/components/wch/toolchain/risc-v embedded gcc12/bin/../lib/gcc/riscv-wch-elf/12.2.0/../../../../riscv-wch-elf/lib/rv32ec_zmmul_xw/ilp32e\libg_nano.a(lib_a-memcpy-asm.o)
                              ./System/flash.o (memcpy)
d:/software/mounriver/mounriver_studio2/resources/app/resources/win32/components/wch/toolchain/risc-v embedded gcc12/bin/../lib/gcc/riscv-wch-elf/12.2.0/../../../../riscv-wch-elf/lib/rv32ec_zmmul_xw/ilp32e\libg_nano.a(lib_a-memset.o)
                              ./System/flash.o (memset)
d:/software/mounriver/mounriver_studio2/resources/app/resources/win32/components/wch/toolchain/risc-v embedded gcc12/bin/../lib/gcc/riscv-wch-elf/12.2.0/../../../../riscv-wch-elf/lib/rv32ec_zmmul_xw/ilp32e\libg_nano.a(lib_a-printf.o)
                              ./Application/A_Calib_Min.o (printf)
d:/software/mounriver/mounriver_studio2/resources/app/resources/win32/components/wch/toolchain/risc-v embedded gcc12/bin/../lib/gcc/riscv-wch-elf/12.2.0/../../../../riscv-wch-elf/lib/rv32ec_zmmul_xw/ilp32e\libg_nano.a(lib_a-puts.o)
                              ./Application/A_Calib_Min.o (puts)
d:/software/mounriver/mounriver_studio2/resources/app/resources/win32/components/wch/toolchain/risc-v embedded gcc12/bin/../lib/gcc/riscv-wch-elf/12.2.0/../../../../riscv-wch-elf/lib/rv32ec_zmmul_xw/ilp32e\libg_nano.a(lib_a-strlen.o)
                              ./Application/A_UartCmd.o (strlen)
d:/software/mounriver/mounriver_studio2/resources/app/resources/win32/components/wch/toolchain/risc-v embedded gcc12/bin/../lib/gcc/riscv-wch-elf/12.2.0/../../../../riscv-wch-elf/lib/rv32ec_zmmul_xw/ilp32e\libg_nano.a(lib_a-wbuf.o)
                              d:/software/mounriver/mounriver_studio2/resources/app/resources/win32/components/wch/toolchain/risc-v embedded gcc12/bin/../lib/gcc/riscv-wch-elf/12.2.0/../../../../riscv-wch-elf/lib/rv32ec_zmmul_xw/ilp32e\libg_nano.a(lib_a-puts.o) (__swbuf_r)
d:/software/mounriver/mounriver_studio2/resources/app/resources/win32/components/wch/toolchain/risc-v embedded gcc12/bin/../lib/gcc/riscv-wch-elf/12.2.0/../../../../riscv-wch-elf/lib/rv32ec_zmmul_xw/ilp32e\libg_nano.a(lib_a-wsetup.o)
                              d:/software/mounriver/mounriver_studio2/resources/app/resources/win32/components/wch/toolchain/risc-v embedded gcc12/bin/../lib/gcc/riscv-wch-elf/12.2.0/../../../../riscv-wch-elf/lib/rv32ec_zmmul_xw/ilp32e\libg_nano.a(lib_a-puts.o) (__swsetup_r)
d:/software/mounriver/mounriver_studio2/resources/app/resources/win32/components/wch/toolchain/risc-v embedded gcc12/bin/../lib/gcc/riscv-wch-elf/12.2.0/../../../../riscv-wch-elf/lib/rv32ec_zmmul_xw/ilp32e\libg_nano.a(lib_a-fflush.o)
                              d:/software/mounriver/mounriver_studio2/resources/app/resources/win32/components/wch/toolchain/risc-v embedded gcc12/bin/../lib/gcc/riscv-wch-elf/12.2.0/../../../../riscv-wch-elf/lib/rv32ec_zmmul_xw/ilp32e\libg_nano.a(lib_a-wbuf.o) (_fflush_r)
[...]
Memory Configuration

Name             Origin             Length             Attributes
FLASH            0x0000000000000000 0x000000000000f400 xr
RAM              0x0000000020000000 0x0000000000002000 xrw
*default*        0x0000000000000000 0xffffffffffffffff

Linker script and memory map

LOAD ./User/ch32v00X_it.o
LOAD ./User/main.o
LOAD ./System/flash.o
LOAD ./System/iap.o
LOAD ./System/system_ch32v00X.o
LOAD ./SRC/Startup/startup_ch32v00X.o
LOAD ./SRC/Peripheral/src/ch32v00X_adc.o
LOAD ./SRC/Peripheral/src/ch32v00X_dbgmcu.o
LOAD ./SRC/Peripheral/src/ch32v00X_dma.o
LOAD ./SRC/Peripheral/src/ch32v00X_exti.o
LOAD ./SRC/Peripheral/src/ch32v00X_flash.o
LOAD ./SRC/Peripheral/src/ch32v00X_gpio.o
LOAD ./SRC/Peripheral/src/ch32v00X_i2c.o
LOAD ./SRC/Peripheral/src/ch32v00X_iwdg.o
LOAD ./SRC/Peripheral/src/ch32v00X_misc.o
LOAD ./SRC/Peripheral/src/ch32v00X_opa.o
LOAD ./SRC/Peripheral/src/ch32v00X_pwr.o
LOAD ./SRC/Peripheral/src/ch32v00X_rcc.o
LOAD ./SRC/Peripheral/src/ch32v00X_spi.o
LOAD ./SRC/Peripheral/src/ch32v00X_tim.o
LOAD ./SRC/Peripheral/src/ch32v00X_usart.o
LOAD ./SRC/Peripheral/src/ch32v00X_wwdg.o
LOAD ./SRC/Debug/debug.o
LOAD ./SRC/Core/core_riscv.o
LOAD ./Drivers/D_adc.o
LOAD ./Drivers/D_i2c.o
LOAD ./Drivers/D_iwdg.o
LOAD ./Drivers/D_motor.o
LOAD ./Drivers/D_mt6701.o
LOAD ./Drivers/D_opa.o
LOAD ./Drivers/D_spi.o
LOAD ./Drivers/D_tim.o
LOAD ./Drivers/D_tmp112.o
LOAD ./Drivers/D_uart.o
LOAD ./Drivers/D_ws2812.o
LOAD ./Common/C_Pos_Ctrl.o
LOAD ./Common/C_Ring_Buf.o
LOAD ./Common/C_Speed_Observer.o
LOAD ./Common/C_Task_Scheduler.o
LOAD ./Common/C_Traj_Planner.o
LOAD ./Application/A_Calib_Min.o
LOAD ./Application/A_Config.o
LOAD ./Application/A_Protect.o
LOAD ./Application/A_Sensor.o
LOAD ./Application/A_Servo.o
LOAD ./Application/A_Tasks.o
LOAD ./Application/A_UartCmd.o
LOAD d:/software/mounriver/mounriver_studio2/resources/app/resources/win32/components/wch/toolchain/risc-v embedded gcc12/bin/../lib/gcc/riscv-wch-elf/12.2.0/../../../../riscv-wch-elf/lib/rv32ec_zmmul_xw/ilp32e\libm_nano.a
LOAD d:/software/mounriver/mounriver_studio2/resources/app/resources/win32/components/wch/toolchain/risc-v embedded gcc12/bin/../lib/gcc/riscv-wch-elf/12.2.0/rv32ec_zmmul_xw/ilp32e\libgcc.a
LOAD d:/software/mounriver/mounriver_studio2/resources/app/resources/win32/components/wch/toolchain/risc-v embedded gcc12/bin/../lib/gcc/riscv-wch-elf/12.2.0/../../../../riscv-wch-elf/lib/rv32ec_zmmul_xw/ilp32e\libg_nano.a
LOAD d:/software/mounriver/mounriver_studio2/resources/app/resources/win32/components/wch/toolchain/risc-v embedded gcc12/bin/../lib/gcc/riscv-wch-elf/12.2.0/../../../../riscv-wch-elf/lib/rv32ec_zmmul_xw/ilp32e\libc_nano.a
LOAD d:/software/mounriver/mounriver_studio2/resources/app/resources/win32/components/wch/toolchain/risc-v embedded gcc12/bin/../lib/gcc/riscv-wch-elf/12.2.0/rv32ec_zmmul_xw/ilp32e\libgcc.a
START GROUP
LOAD d:/software/mounriver/mounriver_studio2/resources/app/resources/win32/components/wch/toolchain/risc-v embedded gcc12/bin/../lib/gcc/riscv-wch-elf/12.2.0/rv32ec_zmmul_xw/ilp32e\libgcc.a
LOAD d:/software/mounriver/mounriver_studio2/resources/app/resources/win32/components/wch/toolchain/risc-v embedded gcc12/bin/../lib/gcc/riscv-wch-elf/12.2.0/../../../../riscv-wch-elf/lib/rv32ec_zmmul_xw/ilp32e\libc_nano.a
LOAD d:/software/mounriver/mounriver_studio2/resources/app/resources/win32/components/wch/toolchain/risc-v embedded gcc12/bin/../lib/gcc/riscv-wch-elf/12.2.0/../../../../riscv-wch-elf/lib/rv32ec_zmmul_xw/ilp32e\libnosys.a
END GROUP
START GROUP
LOAD d:/software/mounriver/mounriver_studio2/resources/app/resources/win32/components/wch/toolchain/risc-v embedded gcc12/bin/../lib/gcc/riscv-wch-elf/12.2.0/rv32ec_zmmul_xw/ilp32e\libgcc.a
LOAD d:/software/mounriver/mounriver_studio2/resources/app/resources/win32/components/wch/toolchain/risc-v embedded gcc12/bin/../lib/gcc/riscv-wch-elf/12.2.0/../../../../riscv-wch-elf/lib/rv32ec_zmmul_xw/ilp32e\libc_nano.a
LOAD d:/software/mounriver/mounriver_studio2/resources/app/resources/win32/components/wch/toolchain/risc-v embedded gcc12/bin/../lib/gcc/riscv-wch-elf/12.2.0/../../../../riscv-wch-elf/lib/rv32ec_zmmul_xw/ilp32e\libnosys.a
END GROUP
                0x0000000000000800                __stack_size = 0x800
                [!provide]                        PROVIDE (_stack_size = __stack_size)

.init           0x0000000000000000       0xa8
                0x0000000000000000                _sinit = .
                0x0000000000000000                . = ALIGN (0x4)
 *(SORT_NONE(.init))
 .init          0x0000000000000000       0xa6 ./SRC/Startup/startup_ch32v00X.o
                0x0000000000000000                _start
                0x00000000000000a8                . = ALIGN (0x4)
 *fill*         0x00000000000000a6        0x2 
                0x00000000000000a8                _einit = .

.fw_info        0x0000000000000100       0x10
 *(.fw_info)
 .fw_info       0x0000000000000100       0x10 ./System/iap.o
                0x0000000000000100                IAP_FW_INFO

.text           0x0000000000000110     0x76d8
                0x0000000000000110                . = ALIGN (0x4)
 *(.text)
 .text          0x0000000000000110       0x14 d:/software/mounriver/mounriver_studio2/resources/app/resources/win32/components/wch/toolchain/risc-v embedded gcc12/bin/../lib/gcc/riscv-wch-elf/12.2.0/rv32ec_zmmul_xw/ilp32e\libgcc.a(save-restore.o)
                0x0000000000000110                __riscv_save_1
                0x0000000000000110                __riscv_save_2
                0x0000000000000110                __riscv_save_0
                0x000000000000011a                __riscv_restore_0
                0x000000000000011a                __riscv_restore_1
                0x000000000000011a                __riscv_restore_2
 .text          0x0000000000000124       0x7e d:/software/mounriver/mounriver_studio2/resources/app/resources/win32/components/wch/toolchain/risc-v embedded gcc12/bin/../lib/gcc/riscv-wch-elf/12.2.0/rv32ec_zmmul_xw/ilp32e\libgcc.a(div.o)
                0x0000000000000124                __divsi3
                0x000000000000012c                __udivsi3
                0x000000000000012c                __hidden___udivsi3
                0x0000000000000158                __umodsi3
                0x000000000000017c                __modsi3
 .text          0x00000000000001a2       0x16 d:/software/mounriver/mounriver_studio2/resources/app/resources/win32/components/wch/toolchain/risc-v embedded gcc12/bin/../lib/gcc/riscv-wch-elf/12.2.0/../../../../riscv-wch-elf/lib/rv32ec_zmmul_xw/ilp32e\libg_nano.a(lib_a-memcpy-asm.o)
                0x00000000000001a2                memcpy
 .text          0x00000000000001b8       0x10 d:/software/mounriver/mounriver_studio2/resources/app/resources/win32/components/wch/toolchain/risc-v embedded gcc12/bin/../lib/gcc/riscv-wch-elf/12.2.0/../../../../riscv-wch-elf/lib/rv32ec_zmmul_xw/ilp32e\libg_nano.a(lib_a-memset.o)
                0x00000000000001b8                memset
 *(.text.*)
 .text.NMI_Handler
                0x00000000000001c8       0x10 ./User/ch32v00X_it.o
                0x00000000000001c8                NMI_Handler
 .text.HardFault_Handler
                0x00000000000001d8       0x10 ./User/ch32v00X_it.o
                0x00000000000001d8                HardFault_Handler
 .text.USART1_IRQHandler
                0x00000000000001e8        0x8 ./User/ch32v00X_it.o
                0x00000000000001e8                USART1_IRQHandler
 .text.TIM1_CC_IRQHandler
                0x00000000000001f0        0x8 ./User/ch32v00X_it.o
                0x00000000000001f0                TIM1_CC_IRQHandler
 .text.TIM1_UP_IRQHandler
                0x00000000000001f8       0x3a ./User/ch32v00X_it.o
                0x00000000000001f8                TIM1_UP_IRQHandler
 .text.DMA1_Channel1_IRQHandler
                0x0000000000000232        0x8 ./User/ch32v00X_it.o
                0x0000000000000232                DMA1_Channel1_IRQHandler
 .text.startup.main
                0x000000000000023a       0x6e ./User/main.o
                0x000000000000023a                main
 .text.Flash_Crc16
                0x00000000000002a8       0x46 ./System/flash.o
 .text.Flash_RecordValid
                0x00000000000002ee       0x4c ./System/flash.o
 .text.FLASH_Config_Load
                0x000000000000033a       0x76 ./System/flash.o
                0x000000000000033a                FLASH_Config_Load
 .text.FLASH_Config_Save
                0x00000000000003b0       0xde ./System/flash.o
                0x00000000000003b0                FLASH_Config_Save
 .text.Iap_Get32
                0x000000000000048e       0x16 ./System/iap.o
 .text.Iap_Crc32
                0x00000000000004a4       0x34 ./System/iap.o
 .text.Iap_HwInfoRead
                0x00000000000004d8       0x62 ./System/iap.o
 .text.Iap_HwInfoWrite
                0x000000000000053a       0x78 ./System/iap.o
 .text.Iap_Reply
                0x00000000000005b2       0x74 ./System/iap.o
 .text.IAP_Rx_Deal
                0x0000000000000626      0x186 ./System/iap.o
                0x0000000000000626                IAP_Rx_Deal
 .text.IAP_Init
                0x00000000000007ac       0x36 ./System/iap.o
                0x00000000000007ac                IAP_Init
 .text.IAP_Service
                0x00000000000007e2       0x30 ./System/iap.o
                0x00000000000007e2                IAP_Service
 .text.SystemInit
                0x0000000000000812       0xc4 ./System/system_ch32v00X.o
                0x0000000000000812                SystemInit
 .text.SystemCoreClockUpdate
                0x00000000000008d6       0x66 ./System/system_ch32v00X.o
                0x00000000000008d6                SystemCoreClockUpdate
 .text.vector_handler
                0x000000000000093c        0x2 ./SRC/Startup/startup_ch32v00X.o
                0x000000000000093c                OPCM_IRQHandler
                0x000000000000093c                SysTick_Handler
                0x000000000000093c                PVD_IRQHandler
                0x000000000000093c                SPI1_IRQHandler
                0x000000000000093c                AWU_IRQHandler
                0x000000000000093c                EXTI7_0_IRQHandler
                0x000000000000093c                DMA1_Channel4_IRQHandler
                0x000000000000093c                ADC1_IRQHandler
                0x000000000000093c                DMA1_Channel7_IRQHandler
                0x000000000000093c                I2C1_EV_IRQHandler
                0x000000000000093c                DMA1_Channel6_IRQHandler
                0x000000000000093c                RCC_IRQHandler
                0x000000000000093c                TIM1_TRG_COM_IRQHandler
                0x000000000000093c                DMA1_Channel5_IRQHandler
                0x000000000000093c                DMA1_Channel3_IRQHandler
                0x000000000000093c                WWDG_IRQHandler
                0x000000000000093c                TIM2_IRQHandler
                0x000000000000093c                SW_Handler
                0x000000000000093c                TIM1_BRK_IRQHandler
                0x000000000000093c                USART2_IRQHandler
                0x000000000000093c                DMA1_Channel2_IRQHandler
                0x000000000000093c                FLASH_IRQHandler
                0x000000000000093c                I2C1_ER_IRQHandler
 .text.handle_reset
                0x000000000000093e       0x8a ./SRC/Startup/startup_ch32v00X.o
                0x000000000000093e                handle_reset
 .text.ADC_DeInit
                0x00000000000009c8       0x2a ./SRC/Peripheral/src/ch32v00X_adc.o
                0x00000000000009c8                ADC_DeInit
 .text.ADC_Init
                0x00000000000009f2       0x4e ./SRC/Peripheral/src/ch32v00X_adc.o
                0x00000000000009f2                ADC_Init
 .text.ADC_Cmd  0x0000000000000a40       0x10 ./SRC/Peripheral/src/ch32v00X_adc.o
                0x0000000000000a40                ADC_Cmd
 .text.ADC_DMACmd
                0x0000000000000a50       0x12 ./SRC/Peripheral/src/ch32v00X_adc.o
                0x0000000000000a50                ADC_DMACmd
 .text.ADC_RegularChannelConfig
                0x0000000000000a62       0x8c ./SRC/Peripheral/src/ch32v00X_adc.o
                0x0000000000000a62                ADC_RegularChannelConfig
 .text.ADC_ExternalTrigConvCmd
                0x0000000000000aee       0x18 ./SRC/Peripheral/src/ch32v00X_adc.o
                0x0000000000000aee                ADC_ExternalTrigConvCmd
 .text.ADC_AutoInjectedConvCmd
                0x0000000000000b06       0x12 ./SRC/Peripheral/src/ch32v00X_adc.o
                0x0000000000000b06                ADC_AutoInjectedConvCmd
 .text.ADC_ExternalTrigInjectedConvConfig
                0x0000000000000b18        0xe ./SRC/Peripheral/src/ch32v00X_adc.o
                0x0000000000000b18                ADC_ExternalTrigInjectedConvConfig
 .text.ADC_ExternalTrigInjectedConvCmd
                0x0000000000000b26       0x14 ./SRC/Peripheral/src/ch32v00X_adc.o
                0x0000000000000b26                ADC_ExternalTrigInjectedConvCmd
 .text.ADC_SoftwareStartInjectedConvCmd
                0x0000000000000b3a       0x18 ./SRC/Peripheral/src/ch32v00X_adc.o
                0x0000000000000b3a                ADC_SoftwareStartInjectedConvCmd
 .text.ADC_InjectedChannelConfig
                0x0000000000000b52       0x4e ./SRC/Peripheral/src/ch32v00X_adc.o
                0x0000000000000b52                ADC_InjectedChannelConfig
 .text.ADC_InjectedSequencerLengthConfig
                0x0000000000000ba0       0x14 ./SRC/Peripheral/src/ch32v00X_adc.o
                0x0000000000000ba0                ADC_InjectedSequencerLengthConfig
 .text.ADC_GetInjectedConversionValue
                0x0000000000000bb4       0x1c ./SRC/Peripheral/src/ch32v00X_adc.o
                0x0000000000000bb4                ADC_GetInjectedConversionValue
 .text.ADC_GetFlagStatus
                0x0000000000000bd0        0xc ./SRC/Peripheral/src/ch32v00X_adc.o
                0x0000000000000bd0                ADC_GetFlagStatus
 .text.ADC_ClearFlag
                0x0000000000000bdc        0x8 ./SRC/Peripheral/src/ch32v00X_adc.o
                0x0000000000000bdc                ADC_ClearFlag
 .text.ADC_BufferCmd
                0x0000000000000be4       0x18 ./SRC/Peripheral/src/ch32v00X_adc.o
                0x0000000000000be4                ADC_BufferCmd
 .text.ADC_Sample_ModeConfig
                0x0000000000000bfc        0xe ./SRC/Peripheral/src/ch32v00X_adc.o
                0x0000000000000bfc                ADC_Sample_ModeConfig
 .text.DMA_DeInit
                0x0000000000000c0a       0x92 ./SRC/Peripheral/src/ch32v00X_dma.o
                0x0000000000000c0a                DMA_DeInit
 .text.DMA_Init
                0x0000000000000c9c       0x38 ./SRC/Peripheral/src/ch32v00X_dma.o
                0x0000000000000c9c                DMA_Init
 .text.DMA_Cmd  0x0000000000000cd4       0x14 ./SRC/Peripheral/src/ch32v00X_dma.o
                0x0000000000000cd4                DMA_Cmd
 .text.DMA_ITConfig
                0x0000000000000ce8       0x14 ./SRC/Peripheral/src/ch32v00X_dma.o
                0x0000000000000ce8                DMA_ITConfig
 .text.DMA_GetFlagStatus
                0x0000000000000cfc        0xe ./SRC/Peripheral/src/ch32v00X_dma.o
                0x0000000000000cfc                DMA_GetFlagStatus
 .text.DMA_ClearFlag
                0x0000000000000d0a        0x8 ./SRC/Peripheral/src/ch32v00X_dma.o
                0x0000000000000d0a                DMA_ClearFlag
 .text.DMA_GetITStatus
                0x0000000000000d12        0x2 ./SRC/Peripheral/src/ch32v00X_dma.o
                0x0000000000000d12                DMA_GetITStatus
 .text.DMA_ClearITPendingBit
                0x0000000000000d14        0x8 ./SRC/Peripheral/src/ch32v00X_dma.o
                0x0000000000000d14                DMA_ClearITPendingBit
 .text.ROM_ERASE
                0x0000000000000d1c       0xae ./SRC/Peripheral/src/ch32v00X_flash.o
 .text.FLASH_Unlock
                0x0000000000000dca       0x1a ./SRC/Peripheral/src/ch32v00X_flash.o
                0x0000000000000dca                FLASH_Unlock
 .text.FLASH_Lock
                0x0000000000000de4        0xe ./SRC/Peripheral/src/ch32v00X_flash.o
                0x0000000000000de4                FLASH_Lock
 .text.SystemReset_StartMode
                0x0000000000000df2       0x3c ./SRC/Peripheral/src/ch32v00X_flash.o
                0x0000000000000df2                SystemReset_StartMode
 .text.FLASH_ROM_ERASE
                0x0000000000000e2e      0x1bc ./SRC/Peripheral/src/ch32v00X_flash.o
                0x0000000000000e2e                FLASH_ROM_ERASE
 .text.FLASH_ROM_WRITE
                0x0000000000000fea       0xfe ./SRC/Peripheral/src/ch32v00X_flash.o
                0x0000000000000fea                FLASH_ROM_WRITE
 .text.GPIO_Init
                0x00000000000010e8       0x76 ./SRC/Peripheral/src/ch32v00X_gpio.o
                0x00000000000010e8                GPIO_Init
 .text.GPIO_ReadInputDataBit
                0x000000000000115e        0xc ./SRC/Peripheral/src/ch32v00X_gpio.o
                0x000000000000115e                GPIO_ReadInputDataBit
 .text.GPIO_SetBits
                0x000000000000116a        0x4 ./SRC/Peripheral/src/ch32v00X_gpio.o
                0x000000000000116a                GPIO_SetBits
 .text.GPIO_PinRemapConfig
                0x000000000000116e       0xa2 ./SRC/Peripheral/src/ch32v00X_gpio.o
                0x000000000000116e                GPIO_PinRemapConfig
 .text.GPIO_IPD_Unused
                0x0000000000001210      0x2de ./SRC/Peripheral/src/ch32v00X_gpio.o
                0x0000000000001210                GPIO_IPD_Unused
 .text.I2C_Init
                0x00000000000014ee       0xde ./SRC/Peripheral/src/ch32v00X_i2c.o
                0x00000000000014ee                I2C_Init
 .text.I2C_Cmd  0x00000000000015cc       0x18 ./SRC/Peripheral/src/ch32v00X_i2c.o
                0x00000000000015cc                I2C_Cmd
 .text.I2C_GenerateSTART
                0x00000000000015e4       0x1a ./SRC/Peripheral/src/ch32v00X_i2c.o
                0x00000000000015e4                I2C_GenerateSTART
 .text.I2C_GenerateSTOP
                0x00000000000015fe       0x1a ./SRC/Peripheral/src/ch32v00X_i2c.o
                0x00000000000015fe                I2C_GenerateSTOP
 .text.I2C_AcknowledgeConfig
                0x0000000000001618       0x1a ./SRC/Peripheral/src/ch32v00X_i2c.o
                0x0000000000001618                I2C_AcknowledgeConfig
 .text.I2C_SendData
                0x0000000000001632        0x4 ./SRC/Peripheral/src/ch32v00X_i2c.o
                0x0000000000001632                I2C_SendData
 .text.I2C_ReceiveData
                0x0000000000001636        0x8 ./SRC/Peripheral/src/ch32v00X_i2c.o
                0x0000000000001636                I2C_ReceiveData
 .text.I2C_Send7bitAddress
                0x000000000000163e        0xe ./SRC/Peripheral/src/ch32v00X_i2c.o
                0x000000000000163e                I2C_Send7bitAddress
 .text.I2C_SoftwareResetCmd
                0x000000000000164c       0x12 ./SRC/Peripheral/src/ch32v00X_i2c.o
                0x000000000000164c                I2C_SoftwareResetCmd
 .text.I2C_NACKPositionConfig
                0x000000000000165e       0x22 ./SRC/Peripheral/src/ch32v00X_i2c.o
                0x000000000000165e                I2C_NACKPositionConfig
 .text.I2C_CheckEvent
                0x0000000000001680       0x16 ./SRC/Peripheral/src/ch32v00X_i2c.o
                0x0000000000001680                I2C_CheckEvent
 .text.I2C_GetFlagStatus
                0x0000000000001696       0x32 ./SRC/Peripheral/src/ch32v00X_i2c.o
                0x0000000000001696                I2C_GetFlagStatus
 .text.IWDG_WriteAccessCmd
                0x00000000000016c8        0x8 ./SRC/Peripheral/src/ch32v00X_iwdg.o
                0x00000000000016c8                IWDG_WriteAccessCmd
 .text.IWDG_SetPrescaler
                0x00000000000016d0        0x8 ./SRC/Peripheral/src/ch32v00X_iwdg.o
                0x00000000000016d0                IWDG_SetPrescaler
 .text.IWDG_SetReload
                0x00000000000016d8        0x8 ./SRC/Peripheral/src/ch32v00X_iwdg.o
                0x00000000000016d8                IWDG_SetReload
 .text.IWDG_ReloadCounter
                0x00000000000016e0        0xe ./SRC/Peripheral/src/ch32v00X_iwdg.o
                0x00000000000016e0                IWDG_ReloadCounter
 .text.IWDG_Enable
                0x00000000000016ee       0x18 ./SRC/Peripheral/src/ch32v00X_iwdg.o
                0x00000000000016ee                IWDG_Enable
 .text.NVIC_PriorityGroupConfig
                0x0000000000001706        0x6 ./SRC/Peripheral/src/ch32v00X_misc.o
                0x0000000000001706                NVIC_PriorityGroupConfig
 .text.NVIC_Init
                0x000000000000170c       0x62 ./SRC/Peripheral/src/ch32v00X_misc.o
                0x000000000000170c                NVIC_Init
 .text.OPA_Unlock
                0x000000000000176e       0x1a ./SRC/Peripheral/src/ch32v00X_opa.o
                0x000000000000176e                OPA_Unlock
 .text.OPA_Lock
                0x0000000000001788       0x10 ./SRC/Peripheral/src/ch32v00X_opa.o
                0x0000000000001788                OPA_Lock
 .text.OPA_Init
                0x0000000000001798       0x98 ./SRC/Peripheral/src/ch32v00X_opa.o
                0x0000000000001798                OPA_Init
 .text.OPA_Cmd  0x0000000000001830       0x1a ./SRC/Peripheral/src/ch32v00X_opa.o
                0x0000000000001830                OPA_Cmd
 .text.RCC_ADCCLKConfig
                0x000000000000184a       0x16 ./SRC/Peripheral/src/ch32v00X_rcc.o
                0x000000000000184a                RCC_ADCCLKConfig
 .text.RCC_LSICmd
                0x0000000000001860       0x14 ./SRC/Peripheral/src/ch32v00X_rcc.o
                0x0000000000001860                RCC_LSICmd
 .text.RCC_GetClocksFreq
                0x0000000000001874       0xa2 ./SRC/Peripheral/src/ch32v00X_rcc.o
                0x0000000000001874                RCC_GetClocksFreq
 .text.RCC_HBPeriphClockCmd
                0x0000000000001916       0x1e ./SRC/Peripheral/src/ch32v00X_rcc.o
                0x0000000000001916                RCC_HBPeriphClockCmd
 .text.RCC_PB2PeriphClockCmd
                0x0000000000001934       0x1e ./SRC/Peripheral/src/ch32v00X_rcc.o
                0x0000000000001934                RCC_PB2PeriphClockCmd
 .text.RCC_PB1PeriphClockCmd
                0x0000000000001952       0x1e ./SRC/Peripheral/src/ch32v00X_rcc.o
                0x0000000000001952                RCC_PB1PeriphClockCmd
 .text.RCC_PB2PeriphResetCmd
                0x0000000000001970       0x1e ./SRC/Peripheral/src/ch32v00X_rcc.o
                0x0000000000001970                RCC_PB2PeriphResetCmd
 .text.RCC_GetFlagStatus
                0x000000000000198e       0x20 ./SRC/Peripheral/src/ch32v00X_rcc.o
                0x000000000000198e                RCC_GetFlagStatus
 .text.RCC_ClearFlag
                0x00000000000019ae       0x10 ./SRC/Peripheral/src/ch32v00X_rcc.o
                0x00000000000019ae                RCC_ClearFlag
 .text.SPI_Init
                0x00000000000019be       0x34 ./SRC/Peripheral/src/ch32v00X_spi.o
                0x00000000000019be                SPI_Init
 .text.SPI_Cmd  0x00000000000019f2       0x1a ./SRC/Peripheral/src/ch32v00X_spi.o
                0x00000000000019f2                SPI_Cmd
 .text.SPI_I2S_SendData
                0x0000000000001a0c        0x4 ./SRC/Peripheral/src/ch32v00X_spi.o
                0x0000000000001a0c                SPI_I2S_SendData
 .text.SPI_I2S_GetFlagStatus
                0x0000000000001a10        0xa ./SRC/Peripheral/src/ch32v00X_spi.o
                0x0000000000001a10                SPI_I2S_GetFlagStatus
 .text.TI1_Config
                0x0000000000001a1a       0x56 ./SRC/Peripheral/src/ch32v00X_tim.o
 .text.TI2_Config
                0x0000000000001a70       0x66 ./SRC/Peripheral/src/ch32v00X_tim.o
 .text.TIM_TimeBaseInit
                0x0000000000001ad6       0x6c ./SRC/Peripheral/src/ch32v00X_tim.o
                0x0000000000001ad6                TIM_TimeBaseInit
 .text.TIM_OC1Init
                0x0000000000001b42       0xa8 ./SRC/Peripheral/src/ch32v00X_tim.o
                0x0000000000001b42                TIM_OC1Init
 .text.TIM_OC2Init
                0x0000000000001bea       0xd8 ./SRC/Peripheral/src/ch32v00X_tim.o
                0x0000000000001bea                TIM_OC2Init
 .text.TIM_OC4Init
                0x0000000000001cc2       0x68 ./SRC/Peripheral/src/ch32v00X_tim.o
                0x0000000000001cc2                TIM_OC4Init
 .text.TIM_OCStructInit
                0x0000000000001d2a       0x22 ./SRC/Peripheral/src/ch32v00X_tim.o
                0x0000000000001d2a                TIM_OCStructInit
 .text.TIM_ICStructInit
                0x0000000000001d4c       0x16 ./SRC/Peripheral/src/ch32v00X_tim.o
                0x0000000000001d4c                TIM_ICStructInit
 .text.TIM_Cmd  0x0000000000001d62       0x56 ./SRC/Peripheral/src/ch32v00X_tim.o
                0x0000000000001d62                TIM_Cmd
 .text.TIM_CtrlPWMOutputs
                0x0000000000001db8       0x16 ./SRC/Peripheral/src/ch32v00X_tim.o
                0x0000000000001db8                TIM_CtrlPWMOutputs
 .text.TIM_ITConfig
                0x0000000000001dce       0x12 ./SRC/Peripheral/src/ch32v00X_tim.o
                0x0000000000001dce                TIM_ITConfig
 .text.TIM_SelectInputTrigger
                0x0000000000001de0       0x10 ./SRC/Peripheral/src/ch32v00X_tim.o
                0x0000000000001de0                TIM_SelectInputTrigger
 .text.TIM_ARRPreloadConfig
                0x0000000000001df0       0x58 ./SRC/Peripheral/src/ch32v00X_tim.o
                0x0000000000001df0                TIM_ARRPreloadConfig
 .text.TIM_OC1PreloadConfig
                0x0000000000001e48       0x3e ./SRC/Peripheral/src/ch32v00X_tim.o
                0x0000000000001e48                TIM_OC1PreloadConfig
 .text.TIM_OC2PreloadConfig
                0x0000000000001e86       0x46 ./SRC/Peripheral/src/ch32v00X_tim.o
                0x0000000000001e86                TIM_OC2PreloadConfig
 .text.TIM_OC4PreloadConfig
                0x0000000000001ecc       0x46 ./SRC/Peripheral/src/ch32v00X_tim.o
                0x0000000000001ecc                TIM_OC4PreloadConfig
 .text.TIM_OC2PolarityConfig
                0x0000000000001f12       0x16 ./SRC/Peripheral/src/ch32v00X_tim.o
                0x0000000000001f12                TIM_OC2PolarityConfig
 .text.TIM_CCxCmd
                0x0000000000001f28       0x20 ./SRC/Peripheral/src/ch32v00X_tim.o
                0x0000000000001f28                TIM_CCxCmd
 .text.TIM_SelectOutputTrigger
                0x0000000000001f48       0x18 ./SRC/Peripheral/src/ch32v00X_tim.o
                0x0000000000001f48                TIM_SelectOutputTrigger
 .text.TIM_SelectSlaveMode
                0x0000000000001f60       0x54 ./SRC/Peripheral/src/ch32v00X_tim.o
                0x0000000000001f60                TIM_SelectSlaveMode
 .text.TIM_SetCompare1
                0x0000000000001fb4       0x28 ./SRC/Peripheral/src/ch32v00X_tim.o
                0x0000000000001fb4                TIM_SetCompare1
 .text.TIM_SetCompare2
                0x0000000000001fdc       0x28 ./SRC/Peripheral/src/ch32v00X_tim.o
                0x0000000000001fdc                TIM_SetCompare2
 .text.TIM_SetCompare4
                0x0000000000002004       0x28 ./SRC/Peripheral/src/ch32v00X_tim.o
                0x0000000000002004                TIM_SetCompare4
 .text.TIM_SetIC1Prescaler
                0x000000000000202c       0x16 ./SRC/Peripheral/src/ch32v00X_tim.o
                0x000000000000202c                TIM_SetIC1Prescaler
 .text.TIM_SetIC2Prescaler
                0x0000000000002042       0x1a ./SRC/Peripheral/src/ch32v00X_tim.o
                0x0000000000002042                TIM_SetIC2Prescaler
 .text.TIM_SetIC3Prescaler
                0x000000000000205c       0x16 ./SRC/Peripheral/src/ch32v00X_tim.o
                0x000000000000205c                TIM_SetIC3Prescaler
 .text.TIM_SetIC4Prescaler
                0x0000000000002072       0x1a ./SRC/Peripheral/src/ch32v00X_tim.o
                0x0000000000002072                TIM_SetIC4Prescaler
 .text.TIM_ICInit
                0x000000000000208c      0x10a ./SRC/Peripheral/src/ch32v00X_tim.o
                0x000000000000208c                TIM_ICInit
 .text.TIM_GetCapture2
                0x0000000000002196       0x30 ./SRC/Peripheral/src/ch32v00X_tim.o
                0x0000000000002196                TIM_GetCapture2
 .text.TIM_ClearFlag
                0x00000000000021c6        0xc ./SRC/Peripheral/src/ch32v00X_tim.o
                0x00000000000021c6                TIM_ClearFlag
 .text.TIM_GetITStatus
                0x00000000000021d2       0x18 ./SRC/Peripheral/src/ch32v00X_tim.o
                0x00000000000021d2                TIM_GetITStatus
 .text.TIM_ClearITPendingBit
                0x00000000000021ea        0xc ./SRC/Peripheral/src/ch32v00X_tim.o
                0x00000000000021ea                TIM_ClearITPendingBit
 .text.USART_Init
                0x00000000000021f6       0x9c ./SRC/Peripheral/src/ch32v00X_usart.o
                0x00000000000021f6                USART_Init
 .text.USART_Cmd
                0x0000000000002292       0x14 ./SRC/Peripheral/src/ch32v00X_usart.o
                0x0000000000002292                USART_Cmd
 .text.USART_ITConfig
                0x00000000000022a6       0x38 ./SRC/Peripheral/src/ch32v00X_usart.o
                0x00000000000022a6                USART_ITConfig
 .text.USART_SendData
                0x00000000000022de        0x8 ./SRC/Peripheral/src/ch32v00X_usart.o
                0x00000000000022de                USART_SendData
 .text.USART_ReceiveData
                0x00000000000022e6        0x8 ./SRC/Peripheral/src/ch32v00X_usart.o
                0x00000000000022e6                USART_ReceiveData
 .text.USART_HalfDuplexCmd
                0x00000000000022ee       0x18 ./SRC/Peripheral/src/ch32v00X_usart.o
                0x00000000000022ee                USART_HalfDuplexCmd
 .text.USART_GetFlagStatus
                0x0000000000002306        0xa ./SRC/Peripheral/src/ch32v00X_usart.o
                0x0000000000002306                USART_GetFlagStatus
 .text.USART_GetITStatus
                0x0000000000002310       0x3c ./SRC/Peripheral/src/ch32v00X_usart.o
                0x0000000000002310                USART_GetITStatus
 .text.Delay_Init
                0x000000000000234c       0x30 ./SRC/Debug/debug.o
                0x000000000000234c                Delay_Init
 .text.Delay_Us
                0x000000000000237c       0x2e ./SRC/Debug/debug.o
                0x000000000000237c                Delay_Us
 .text.Delay_Ms
                0x00000000000023aa       0x2e ./SRC/Debug/debug.o
                0x00000000000023aa                Delay_Ms
 .text.__get_MSTATUS
                0x00000000000023d8        0x6 ./SRC/Core/core_riscv.o
                0x00000000000023d8                __get_MSTATUS
 .text.__set_MSTATUS
                0x00000000000023de        0x6 ./SRC/Core/core_riscv.o
                0x00000000000023de                __set_MSTATUS
 .text.ADC_Block_Sum
                0x00000000000023e4       0x2c ./Drivers/D_adc.o
 .text.D_ADC_DMA_Init
                0x0000000000002410      0x210 ./Drivers/D_adc.o
                0x0000000000002410                D_ADC_DMA_Init
 .text.D_ADC_DMA_ISR
                0x0000000000002620       0xd2 ./Drivers/D_adc.o
                0x0000000000002620                D_ADC_DMA_ISR
 .text.D_ADC_Current_Window_Set
                0x00000000000026f2        0xa ./Drivers/D_adc.o
                0x00000000000026f2                D_ADC_Current_Window_Set
 .text.D_ADC_Current_Read
                0x00000000000026fc       0x70 ./Drivers/D_adc.o
                0x00000000000026fc                D_ADC_Current_Read
 .text.D_ADC_Encoder_Read
                0x000000000000276c       0x42 ./Drivers/D_adc.o
                0x000000000000276c                D_ADC_Encoder_Read
 .text.D_ADC_Voltage_Read
                0x00000000000027ae       0x76 ./Drivers/D_adc.o
                0x00000000000027ae                D_ADC_Voltage_Read
 .text.I2C_BusDelay
                0x0000000000002824       0x1c ./Drivers/D_i2c.o
 .text.I2C_ConfigPins
                0x0000000000002840       0x2a ./Drivers/D_i2c.o
 .text.I2C_WaitStar1.constprop.0
                0x000000000000286a       0x2a ./Drivers/D_i2c.o
 .text.I2C_ApplyConfig.constprop.0
                0x0000000000002894       0x4c ./Drivers/D_i2c.o
 .text.I2C_SoftReset.constprop.0
                0x00000000000028e0       0x7e ./Drivers/D_i2c.o
 .text.D_Bus_I2C_Init
                0x000000000000295e       0x46 ./Drivers/D_i2c.o
                0x000000000000295e                D_Bus_I2C_Init
 .text.D_I2C_Write
                0x00000000000029a4      0x166 ./Drivers/D_i2c.o
                0x00000000000029a4                D_I2C_Write
 .text.D_I2C_Read
                0x0000000000002b0a      0x29c ./Drivers/D_i2c.o
                0x0000000000002b0a                D_I2C_Read
 .text.D_IWDG_Init
                0x0000000000002da6       0x44 ./Drivers/D_iwdg.o
                0x0000000000002da6                D_IWDG_Init
 .text.D_IWDG_Feed
                0x0000000000002dea        0x4 ./Drivers/D_iwdg.o
                0x0000000000002dea                D_IWDG_Feed
 .text.D_Motor_Set
                0x0000000000002dee       0xee ./Drivers/D_motor.o
                0x0000000000002dee                D_Motor_Set
 .text.D_Motor_Release
                0x0000000000002edc       0x56 ./Drivers/D_motor.o
                0x0000000000002edc                D_Motor_Release
 .text.D_MT6701_Init
                0x0000000000002f32       0x18 ./Drivers/D_mt6701.o
                0x0000000000002f32                D_MT6701_Init
 .text.D_OPA1_Init
                0x0000000000002f4a       0x64 ./Drivers/D_opa.o
                0x0000000000002f4a                D_OPA1_Init
 .text.SPI1_Recover
                0x0000000000002fae       0x1c ./Drivers/D_spi.o
 .text.D_SPI1_Init
                0x0000000000002fca       0x7a ./Drivers/D_spi.o
                0x0000000000002fca                D_SPI1_Init
 .text.D_SPI1_Send_Buf
                0x0000000000003044       0x5e ./Drivers/D_spi.o
                0x0000000000003044                D_SPI1_Send_Buf
 .text.PWM_ResetCaptureState
                0x00000000000030a2       0x1e ./Drivers/D_tim.o
 .text.D_TIM2_PWM_Init
                0x00000000000030c0       0xfa ./Drivers/D_tim.o
                0x00000000000030c0                D_TIM2_PWM_Init
 .text.D_TIM2_ADC_Trigger_Set
                0x00000000000031ba       0x54 ./Drivers/D_tim.o
                0x00000000000031ba                D_TIM2_ADC_Trigger_Set
 .text.D_TIM1_PWM_IC_Init
                0x000000000000320e      0x146 ./Drivers/D_tim.o
                0x000000000000320e                D_TIM1_PWM_IC_Init
 .text.D_PWM_Read
                0x0000000000003354       0x2a ./Drivers/D_tim.o
                0x0000000000003354                D_PWM_Read
 .text.D_PWM_Input_Enable
                0x000000000000337e       0xc4 ./Drivers/D_tim.o
                0x000000000000337e                D_PWM_Input_Enable
 .text.D_TIM1_CC_ISR
                0x0000000000003442      0x110 ./Drivers/D_tim.o
                0x0000000000003442                D_TIM1_CC_ISR
 .text.D_TIM1_UP_ISR
                0x0000000000003552       0x44 ./Drivers/D_tim.o
                0x0000000000003552                D_TIM1_UP_ISR
 .text.D_TMP112_Init
                0x0000000000003596       0x36 ./Drivers/D_tmp112.o
                0x0000000000003596                D_TMP112_Init
 .text.D_TMP112_Read_Temp
                0x00000000000035cc       0x44 ./Drivers/D_tmp112.o
                0x00000000000035cc                D_TMP112_Read_Temp
 .text.Uart_ApplyParams
                0x0000000000003610       0x44 ./Drivers/D_uart.o
 .text.Uart_TxDone
                0x0000000000003654       0x38 ./Drivers/D_uart.o
 .text.D_USART1_Cfg
                0x000000000000368c       0x88 ./Drivers/D_uart.o
                0x000000000000368c                D_USART1_Cfg
 .text.D_UART_Enable
                0x0000000000003714       0xba ./Drivers/D_uart.o
                0x0000000000003714                D_UART_Enable
 .text.D_UART1_Rx_Get
                0x00000000000037ce        0xa ./Drivers/D_uart.o
                0x00000000000037ce                D_UART1_Rx_Get
 .text.D_UART1_Tx_Write
                0x00000000000037d8       0xba ./Drivers/D_uart.o
                0x00000000000037d8                D_UART1_Tx_Write
 .text.D_UART_SetBaud_Deferred
                0x0000000000003892        0x6 ./Drivers/D_uart.o
                0x0000000000003892                D_UART_SetBaud_Deferred
 .text.D_UART_Tx_Idle
                0x0000000000003898       0x1e ./Drivers/D_uart.o
                0x0000000000003898                D_UART_Tx_Idle
 .text.D_UART_Service
                0x00000000000038b6       0x20 ./Drivers/D_uart.o
                0x00000000000038b6                D_UART_Service
 .text.D_UART1_ISR
                0x00000000000038d6       0xb0 ./Drivers/D_uart.o
                0x00000000000038d6                D_UART1_ISR
 .text.WS2812_Encode
                0x0000000000003986       0x2a ./Drivers/D_ws2812.o
 .text.D_WS2812_Send
                0x00000000000039b0       0x40 ./Drivers/D_ws2812.o
                0x00000000000039b0                D_WS2812_Send
 .text.D_WS2812_Off
                0x00000000000039f0        0xa ./Drivers/D_ws2812.o
                0x00000000000039f0                D_WS2812_Off
 .text.D_WS2812_Init
                0x00000000000039fa        0x4 ./Drivers/D_ws2812.o
                0x00000000000039fa                D_WS2812_Init
 .text.C_PosCtrl_Reset
                0x00000000000039fe       0x1e ./Common/C_Pos_Ctrl.o
                0x00000000000039fe                C_PosCtrl_Reset
 .text.C_PosCtrl_Init
                0x0000000000003a1c       0x16 ./Common/C_Pos_Ctrl.o
                0x0000000000003a1c                C_PosCtrl_Init
 .text.C_PosCtrl_Set_Output_Limit
                0x0000000000003a32       0x1c ./Common/C_Pos_Ctrl.o
                0x0000000000003a32                C_PosCtrl_Set_Output_Limit
 .text.C_PosCtrl_Update
                0x0000000000003a4e      0x582 ./Common/C_Pos_Ctrl.o
                0x0000000000003a4e                C_PosCtrl_Update
 .text.C_Ring_Buf_Init
                0x0000000000003fd0        0xc ./Common/C_Ring_Buf.o
                0x0000000000003fd0                C_Ring_Buf_Init
 .text.C_Ring_Buf_Put
                0x0000000000003fdc       0x2c ./Common/C_Ring_Buf.o
                0x0000000000003fdc                C_Ring_Buf_Put
 .text.C_Ring_Buf_Get
                0x0000000000004008       0x32 ./Common/C_Ring_Buf.o
                0x0000000000004008                C_Ring_Buf_Get
 .text.C_Ring_Buf_Get_Count
                0x000000000000403a       0x34 ./Common/C_Ring_Buf.o
                0x000000000000403a                C_Ring_Buf_Get_Count
 .text.C_SpeedObs_Init
                0x000000000000406e       0x3e ./Common/C_Speed_Observer.o
                0x000000000000406e                C_SpeedObs_Init
 .text.C_SpeedObs_Update
                0x00000000000040ac      0x198 ./Common/C_Speed_Observer.o
                0x00000000000040ac                C_SpeedObs_Update
 .text.C_Task_Init
                0x0000000000004244       0x2e ./Common/C_Task_Scheduler.o
                0x0000000000004244                C_Task_Init
 .text.C_Task_Tick_Update
                0x0000000000004272       0x50 ./Common/C_Task_Scheduler.o
                0x0000000000004272                C_Task_Tick_Update
 .text.C_Task_Run
                0x00000000000042c2       0x8e ./Common/C_Task_Scheduler.o
                0x00000000000042c2                C_Task_Run
 .text.C_Task_EventFlag
                0x0000000000004350       0x2c ./Common/C_Task_Scheduler.o
                0x0000000000004350                C_Task_EventFlag
 .text.Traj_Sqrt_Ceil
                0x000000000000437c       0x2c ./Common/C_Traj_Planner.o
 .text.Traj_Div_U64
                0x00000000000043a8       0x68 ./Common/C_Traj_Planner.o
 .text.Traj_Acc_Coef
                0x0000000000004410       0x76 ./Common/C_Traj_Planner.o
 .text.Traj_Emit
                0x0000000000004486       0x3e ./Common/C_Traj_Planner.o
 .text.Traj_SCurve
                0x00000000000044c4      0x16c ./Common/C_Traj_Planner.o
 .text.Traj_TblLerp
                0x0000000000004630       0x6e ./Common/C_Traj_Planner.o
 .text.C_Traj_Init
                0x000000000000469e      0x13c ./Common/C_Traj_Planner.o
                0x000000000000469e                C_Traj_Init
 .text.C_Traj_Set_Range
                0x00000000000047da       0x4a ./Common/C_Traj_Planner.o
                0x00000000000047da                C_Traj_Set_Range
 .text.C_Traj_Hold
                0x0000000000004824       0x50 ./Common/C_Traj_Planner.o
                0x0000000000004824                C_Traj_Hold
 .text.C_Traj_Plan
                0x0000000000004874      0x822 ./Common/C_Traj_Planner.o
                0x0000000000004874                C_Traj_Plan
 .text.C_Traj_Step
                0x0000000000005096      0x17e ./Common/C_Traj_Planner.o
                0x0000000000005096                C_Traj_Step
 .text.C_Traj_Is_Done
                0x0000000000005214       0x16 ./Common/C_Traj_Planner.o
                0x0000000000005214                C_Traj_Is_Done
 .text.C_Traj_Get_Ticks
                0x000000000000522a       0x14 ./Common/C_Traj_Planner.o
                0x000000000000522a                C_Traj_Get_Ticks
 .text.Config_FillDefaults
                0x000000000000523e       0x34 ./Application/A_Config.o
 .text.A_Config_MarkDirty
                0x0000000000005272       0x10 ./Application/A_Config.o
                0x0000000000005272                A_Config_MarkDirty
 .text.A_Config_Default
                0x0000000000005282       0x24 ./Application/A_Config.o
                0x0000000000005282                A_Config_Default
 .text.A_Config_BindSaveEvent
                0x00000000000052a6       0x12 ./Application/A_Config.o
                0x00000000000052a6                A_Config_BindSaveEvent
 .text.A_Config_SaveTask
                0x00000000000052b8       0x2e ./Application/A_Config.o
                0x00000000000052b8                A_Config_SaveTask
 .text.A_Config_Init
                0x00000000000052e6      0x13e ./Application/A_Config.o
                0x00000000000052e6                A_Config_Init
 .text.A_Config_Baudrate
                0x0000000000005424       0x22 ./Application/A_Config.o
                0x0000000000005424                A_Config_Baudrate
 .text.Protect_ApplyTorqueSetting
                0x0000000000005446       0x66 ./Application/A_Protect.o
 .text.A_Protect_SetTorque
                0x00000000000054ac       0x22 ./Application/A_Protect.o
                0x00000000000054ac                A_Protect_SetTorque
 .text.A_Protect_GetTorque
                0x00000000000054ce        0x6 ./Application/A_Protect.o
                0x00000000000054ce                A_Protect_GetTorque
 .text.A_Protect_Fault
                0x00000000000054d4        0x6 ./Application/A_Protect.o
                0x00000000000054d4                A_Protect_Fault
 .text.A_Protect_GetCurrent
                0x00000000000054da        0x6 ./Application/A_Protect.o
                0x00000000000054da                A_Protect_GetCurrent
 .text.A_Protect_Init
                0x00000000000054e0       0x18 ./Application/A_Protect.o
                0x00000000000054e0                A_Protect_Init
 .text.A_Protect_Task
                0x00000000000054f8      0x1d6 ./Application/A_Protect.o
                0x00000000000054f8                A_Protect_Task
 .text.A_Encoder_Read
                0x00000000000056ce       0x8a ./Application/A_Sensor.o
                0x00000000000056ce                A_Encoder_Read
 .text.A_Voltage_Read
                0x0000000000005758       0x24 ./Application/A_Sensor.o
                0x0000000000005758                A_Voltage_Read
 .text.A_Temperature_Read
                0x000000000000577c        0x4 ./Application/A_Sensor.o
                0x000000000000577c                A_Temperature_Read
 .text.A_Current_Read
                0x0000000000005780       0x3e ./Application/A_Sensor.o
                0x0000000000005780                A_Current_Read
 .text.Servo_IsPosition
                0x00000000000057be       0x14 ./Application/A_Servo.o
 .text.Servo_NominalSpan
                0x00000000000057d2       0x28 ./Application/A_Servo.o
 .text.Servo_StoredOffset
                0x00000000000057fa       0x28 ./Application/A_Servo.o
 .text.Servo_DeriveCal
                0x0000000000005822       0x62 ./Application/A_Servo.o
 .text.Servo_SetModeFields
                0x0000000000005884       0x98 ./Application/A_Servo.o
 .text.Servo_EscapeStart
                0x000000000000591c       0x1c ./Application/A_Servo.o
 .text.Servo_PositionToPwm
                0x0000000000005938       0x42 ./Application/A_Servo.o
 .text.Servo_ResyncLoops
                0x000000000000597a       0x40 ./Application/A_Servo.o
 .text.Servo_SetTrajRange
                0x00000000000059ba       0x46 ./Application/A_Servo.o
 .text.Servo_ReadPosition
                0x0000000000005a00       0x44 ./Application/A_Servo.o
 .text.Servo_ApplyTorqueOutput
                0x0000000000005a44       0x2c ./Application/A_Servo.o
 .text.A_Servo_SetOutputLimit
                0x0000000000005a70       0x28 ./Application/A_Servo.o
                0x0000000000005a70                A_Servo_SetOutputLimit
 .text.A_Servo_TorqueOn
                0x0000000000005a98        0xa ./Application/A_Servo.o
                0x0000000000005a98                A_Servo_TorqueOn
 .text.A_Servo_SampleMotion
                0x0000000000005aa2       0x6e ./Application/A_Servo.o
                0x0000000000005aa2                A_Servo_SampleMotion
 .text.A_Servo_ApplyConfig
                0x0000000000005b10       0x60 ./Application/A_Servo.o
                0x0000000000005b10                A_Servo_ApplyConfig
 .text.A_Servo_SubmitTurns
                0x0000000000005b70        0x2 ./Application/A_Servo.o
                0x0000000000005b70                A_Servo_SubmitTurns
 .text.A_Servo_Pause
                0x0000000000005b72       0x50 ./Application/A_Servo.o
                0x0000000000005b72                A_Servo_Pause
 .text.A_Servo_Resume
                0x0000000000005bc2       0x70 ./Application/A_Servo.o
                0x0000000000005bc2                A_Servo_Resume
 .text.A_Servo_Stop
                0x0000000000005c32       0x42 ./Application/A_Servo.o
                0x0000000000005c32                A_Servo_Stop
 .text.A_Servo_HoldHere
                0x0000000000005c74       0x18 ./Application/A_Servo.o
                0x0000000000005c74                A_Servo_HoldHere
 .text.Servo_Calibrate
                0x0000000000005c8c       0x8a ./Application/A_Servo.o
 .text.A_Servo_Release
                0x0000000000005d16        0xe ./Application/A_Servo.o
                0x0000000000005d16                A_Servo_Release
 .text.A_Servo_RestoreTorque
                0x0000000000005d24       0x3a ./Application/A_Servo.o
                0x0000000000005d24                A_Servo_RestoreTorque
 .text.Servo_SubmitQ3
                0x0000000000005d5e      0x25c ./Application/A_Servo.o
 .text.A_Servo_Submit
                0x0000000000005fba       0x1c ./Application/A_Servo.o
                0x0000000000005fba                A_Servo_Submit
 .text.Servo_ApplyBootAction
                0x0000000000005fd6       0x6e ./Application/A_Servo.o
 .text.A_Servo_Init
                0x0000000000006044      0x114 ./Application/A_Servo.o
                0x0000000000006044                A_Servo_Init
 .text.A_Servo_SetMode
                0x0000000000006158       0x44 ./Application/A_Servo.o
                0x0000000000006158                A_Servo_SetMode
 .text.A_Servo_GetPositionPwm
                0x000000000000619c       0x16 ./Application/A_Servo.o
                0x000000000000619c                A_Servo_GetPositionPwm
 .text.A_Servo_CalibrateMid
                0x00000000000061b2        0x6 ./Application/A_Servo.o
                0x00000000000061b2                A_Servo_CalibrateMid
 .text.A_Servo_CalibrateZero
                0x00000000000061b8        0x6 ./Application/A_Servo.o
                0x00000000000061b8                A_Servo_CalibrateZero
 .text.A_Servo_SetTravelEnd
                0x00000000000061be       0xde ./Application/A_Servo.o
                0x00000000000061be                A_Servo_SetTravelEnd
 .text.A_Servo_SetPulseLimit
                0x000000000000629c       0x42 ./Application/A_Servo.o
                0x000000000000629c                A_Servo_SetPulseLimit
 .text.A_Servo_SaveStartup
                0x00000000000062de       0x26 ./Application/A_Servo.o
                0x00000000000062de                A_Servo_SaveStartup
 .text.A_Servo_Control
                0x0000000000006304      0x36a ./Application/A_Servo.o
                0x0000000000006304                A_Servo_Control
 .text.Task_State
                0x000000000000666e       0x34 ./Application/A_Tasks.o
 .text.Task_Protect
                0x00000000000066a2        0x4 ./Application/A_Tasks.o
 .text.Task_Uart
                0x00000000000066a6        0xe ./Application/A_Tasks.o
 .text.Task_ServoControl
                0x00000000000066b4        0x4 ./Application/A_Tasks.o
 .text.A_Tasks_Init
                0x00000000000066b8       0x24 ./Application/A_Tasks.o
                0x00000000000066b8                A_Tasks_Init
 .text.Reply_Begin
                0x00000000000066dc       0x58 ./Application/A_UartCmd.o
 .text.Reply_Char
                0x0000000000006734       0x1e ./Application/A_UartCmd.o
 .text.Reply_Text
                0x0000000000006752       0x28 ./Application/A_UartCmd.o
 .text.Reply_UInt
                0x000000000000677a       0x98 ./Application/A_UartCmd.o
 .text.Uart_BodyIs
                0x0000000000006812       0x32 ./Application/A_UartCmd.o
 .text.Reply_Send
                0x0000000000006844       0x20 ./Application/A_UartCmd.o
 .text.Reply_Value
                0x0000000000006864       0x28 ./Application/A_UartCmd.o
 .text.Reply_OK
                0x000000000000688c       0x1a ./Application/A_UartCmd.o
 .text.Uart_ParseDigits.part.0
                0x00000000000068a6       0x40 ./Application/A_UartCmd.o
 .text.A_Uart_Process
                0x00000000000068e6      0x740 ./Application/A_UartCmd.o
                0x00000000000068e6                A_Uart_Process
 .text.__divdi3
                0x0000000000007026      0x4cc d:/software/mounriver/mounriver_studio2/resources/app/resources/win32/components/wch/toolchain/risc-v embedded gcc12/bin/../lib/gcc/riscv-wch-elf/12.2.0/rv32ec_zmmul_xw/ilp32e\libgcc.a(_divdi3.o)
                0x0000000000007026                __divdi3
 .text.memcmp   0x00000000000074f2       0x24 d:/software/mounriver/mounriver_studio2/resources/app/resources/win32/components/wch/toolchain/risc-v embedded gcc12/bin/../lib/gcc/riscv-wch-elf/12.2.0/../../../../riscv-wch-elf/lib/rv32ec_zmmul_xw/ilp32e\libg_nano.a(lib_a-memcmp.o)
                0x00000000000074f2                memcmp
 .text.strlen   0x0000000000007516       0x10 d:/software/mounriver/mounriver_studio2/resources/app/resources/win32/components/wch/toolchain/risc-v embedded gcc12/bin/../lib/gcc/riscv-wch-elf/12.2.0/../../../../riscv-wch-elf/lib/rv32ec_zmmul_xw/ilp32e\libg_nano.a(lib_a-strlen.o)
                0x0000000000007516                strlen
 *(.rodata)
 *fill*         0x0000000000007526        0x2 
 .rodata        0x0000000000007528        0xa ./Application/A_Config.o
 *(.rodata*)
 *fill*         0x0000000000007532        0x2 
 .rodata.fw_hw.0
                0x0000000000007534        0x4 ./System/iap.o
 .rodata.TRAJ_G_Q15
                0x0000000000007538       0x30 ./Common/C_Traj_Planner.o
 .rodata.TRAJ_H_Q12
                0x0000000000007568       0x30 ./Common/C_Traj_Planner.o
 .rodata.TRAJ_F_Q15
                0x0000000000007598       0x30 ./Common/C_Traj_Planner.o
 .rodata.baud.0
                0x00000000000075c8       0x20 ./Application/A_Config.o
 .rodata.span.0
                0x00000000000075e8        0x6 ./Application/A_Servo.o
 *fill*         0x00000000000075ee        0x2 
 .rodata.Reply_OK.str1.4
                0x00000000000075f0        0x3 ./Application/A_UartCmd.o
 *fill*         0x00000000000075f3        0x1 
 .rodata.A_Uart_Process.str1.4
                0x00000000000075f4       0x77 ./Application/A_UartCmd.o
                                         0x7b (size before relaxing)
 *fill*         0x000000000000766b        0x1 
 .rodata.A_Uart_Process
                0x000000000000766c       0x7c ./Application/A_UartCmd.o
 .rodata.__clz_tab
                0x00000000000076e8      0x100 d:/software/mounriver/mounriver_studio2/resources/app/resources/win32/components/wch/toolchain/risc-v embedded gcc12/bin/../lib/gcc/riscv-wch-elf/12.2.0/rv32ec_zmmul_xw/ilp32e\libgcc.a(_clz.o)
                0x00000000000076e8                __clz_tab
 *(.gnu.linkonce.t.*)
                0x00000000000077e8                . = ALIGN (0x4)

.rela.dyn       0x00000000000077e8        0x0
 .rela.init     0x00000000000077e8        0x0 ./User/ch32v00X_it.o
 .rela.text.handle_reset
                0x00000000000077e8        0x0 ./User/ch32v00X_it.o

.fini           0x00000000000077e8        0x0
 *(SORT_NONE(.fini))
                0x00000000000077e8                . = ALIGN (0x4)
                [!provide]                        PROVIDE (_etext = .)
                [!provide]                        PROVIDE (_eitcm = .)

.preinit_array  0x00000000000077e8        0x0
                [!provide]                        PROVIDE (__preinit_array_start = .)
 *(.preinit_array)
                [!provide]                        PROVIDE (__preinit_array_end = .)

.init_array     0x00000000000077e8        0x0
                [!provide]                        PROVIDE (__init_array_start = .)
 *(SORT_BY_INIT_PRIORITY(.init_array.*) SORT_BY_INIT_PRIORITY(.ctors.*))
 *(.init_array EXCLUDE_FILE(*crtend?.o *crtend.o *crtbegin?.o *crtbegin.o) .ctors)
                [!provide]                        PROVIDE (__init_array_end = .)

.fini_array     0x00000000000077e8        0x0
                [!provide]                        PROVIDE (__fini_array_start = .)
 *(SORT_BY_INIT_PRIORITY(.fini_array.*) SORT_BY_INIT_PRIORITY(.dtors.*))
 *(.fini_array EXCLUDE_FILE(*crtend?.o *crtend.o *crtbegin?.o *crtbegin.o) .dtors)
                [!provide]                        PROVIDE (__fini_array_end = .)

.ctors
 *crtbegin.o(.ctors)
 *crtbegin?.o(.ctors)
 *(EXCLUDE_FILE(*crtend?.o *crtend.o) .ctors)
 *(SORT_BY_NAME(.ctors.*))
 *(.ctors)

.dtors
 *crtbegin.o(.dtors)
 *crtbegin?.o(.dtors)
 *(EXCLUDE_FILE(*crtend?.o *crtend.o) .dtors)
 *(SORT_BY_NAME(.dtors.*))
 *(.dtors)

.dalign         0x0000000020000000        0x0 load address 0x00000000000077e8
                0x0000000020000000                . = ALIGN (0x4)
                0x0000000020000000                PROVIDE (_data_vma = .)

.dlalign        0x00000000000077e8        0x0
                0x00000000000077e8                . = ALIGN (0x4)
                0x00000000000077e8                PROVIDE (_data_lma = .)

.data           0x0000000020000000       0x90 load address 0x00000000000077e8
                0x0000000020000000                . = ALIGN (0x4)
 *(.gnu.linkonce.r.*)
 *(.data .data.*)
 .data.HBPrescTable
                0x0000000020000000       0x10 ./System/system_ch32v00X.o
                0x0000000020000000                HBPrescTable
 .data.SystemCoreClock
                0x0000000020000010        0x4 ./System/system_ch32v00X.o
                0x0000000020000010                SystemCoreClock
 .data.ADCPrescTable
                0x0000000020000014       0x14 ./SRC/Peripheral/src/ch32v00X_rcc.o
 .data.PBHBPrescTable
                0x0000000020000028       0x10 ./SRC/Peripheral/src/ch32v00X_rcc.o
 .data.s_motor_pwm
                0x0000000020000038        0x2 ./Drivers/D_motor.o
 *fill*         0x000000002000003a        0x2 
 .data.s_tasks  0x000000002000003c       0x50 ./Application/A_Tasks.o
 *(.gnu.linkonce.d.*)
                0x0000000020000090                . = ALIGN (0x8)
 *fill*         0x000000002000008c        0x4 
                0x0000000020000890                PROVIDE (__global_pointer$ = (. + 0x800))
 *(.sdata .sdata.*)
 *(.sdata2*)
 *(.gnu.linkonce.s.*)
                0x0000000020000090                . = ALIGN (0x8)
 *(.srodata.cst16)
 *(.srodata.cst8)
 *(.srodata.cst4)
 *(.srodata.cst2)
 *(.srodata .srodata.*)
                0x0000000020000090                . = ALIGN (0x4)
                0x0000000020000090                PROVIDE (_edata = .)

.bss            0x0000000020000090      0x3cc load address 0x0000000000007878
                0x0000000020000090                . = ALIGN (0x4)
                0x0000000020000090                PROVIDE (_sbss = .)
 *(.sbss*)
 *(.gnu.linkonce.sb.*)
 *(.bss*)
 .bss.tick_cnt.0
                0x0000000020000090        0x1 ./User/ch32v00X_it.o
 .bss.s_reset_pending
                0x0000000020000091        0x1 ./System/iap.o
 .bss.s_pos     0x0000000020000092        0x1 ./System/iap.o
 *fill*         0x0000000020000093        0x1 
 .bss.s_rx      0x0000000020000094       0x11 ./System/iap.o
 *fill*         0x00000000200000a5        0x3 
 .bss.NVIC_Priority_Group
                0x00000000200000a8        0x4 ./SRC/Peripheral/src/ch32v00X_misc.o
                0x00000000200000a8                NVIC_Priority_Group
 .bss.p_ms      0x00000000200000ac        0x2 ./SRC/Debug/debug.o
 .bss.p_us      0x00000000200000ae        0x1 ./SRC/Debug/debug.o
 .bss.s_encoder_valid
                0x00000000200000af        0x1 ./Drivers/D_adc.o
 .bss.s_encoder_q4
                0x00000000200000b0        0x2 ./Drivers/D_adc.o
 *fill*         0x00000000200000b2        0x2 
 .bss.s_encoder_half_sum
                0x00000000200000b4        0x4 ./Drivers/D_adc.o
 .bss.s_current_seq
                0x00000000200000b8        0x2 ./Drivers/D_adc.o
 .bss.s_current_window_off
                0x00000000200000ba        0x1 ./Drivers/D_adc.o
 .bss.s_current_in_window
                0x00000000200000bb        0x1 ./Drivers/D_adc.o
 .bss.s_current_valid
                0x00000000200000bc        0x1 ./Drivers/D_adc.o
 *fill*         0x00000000200000bd        0x1 
 .bss.s_current_offset
                0x00000000200000be        0x2 ./Drivers/D_adc.o
 .bss.s_current_avg
                0x00000000200000c0        0x2 ./Drivers/D_adc.o
 *fill*         0x00000000200000c2        0x2 
 .bss.s_current_half_sum
                0x00000000200000c4        0x4 ./Drivers/D_adc.o
 .bss.s_adc_dma_buffer
                0x00000000200000c8       0x50 ./Drivers/D_adc.o
 .bss.s_i2c_initialized
                0x0000000020000118        0x1 ./Drivers/D_i2c.o
 .bss.s_motor_direction
                0x0000000020000119        0x1 ./Drivers/D_motor.o
 .bss.s_pulse_us
                0x000000002000011a        0x2 ./Drivers/D_tim.o
 .bss.s_ic_overflow
                0x000000002000011c        0x4 ./Drivers/D_tim.o
 .bss.s_ic_period_valid
                0x0000000020000120        0x1 ./Drivers/D_tim.o
 *fill*         0x0000000020000121        0x3 
 .bss.s_ic_rise_time
                0x0000000020000124        0x4 ./Drivers/D_tim.o
 .bss.s_ic_have_rise
                0x0000000020000128        0x1 ./Drivers/D_tim.o
 .bss.s_ic_wait_falling
                0x0000000020000129        0x1 ./Drivers/D_tim.o
 *fill*         0x000000002000012a        0x2 
 .bss.s_pending_baud
                0x000000002000012c        0x4 ./Drivers/D_uart.o
 .bss.s_enabled
                0x0000000020000130        0x1 ./Drivers/D_uart.o
 .bss.s_tx_busy
                0x0000000020000131        0x1 ./Drivers/D_uart.o
 *fill*         0x0000000020000132        0x2 
 .bss.s_tx_rb   0x0000000020000134       0x82 ./Drivers/D_uart.o
 *fill*         0x00000000200001b6        0x2 
 .bss.s_rx_rb   0x00000000200001b8       0x82 ./Drivers/D_uart.o
 *fill*         0x000000002000023a        0x2 
 .bss.s_frame   0x000000002000023c       0x18 ./Drivers/D_ws2812.o
 .bss.s_ctl     0x0000000020000254       0x18 ./Common/C_Pos_Ctrl.o
 .bss.s_obs     0x000000002000026c       0x2c ./Common/C_Speed_Observer.o
 .bss.s_task_count
                0x0000000020000298        0x1 ./Common/C_Task_Scheduler.o
 *fill*         0x0000000020000299        0x3 
 .bss.s_tasks   0x000000002000029c        0x4 ./Common/C_Task_Scheduler.o
 .bss.s_tj      0x00000000200002a0       0x98 ./Common/C_Traj_Planner.o
 .bss.s_save_event
                0x0000000020000338        0x4 ./Application/A_Config.o
 .bss.s_dirty   0x000000002000033c        0x1 ./Application/A_Config.o
 *fill*         0x000000002000033d        0x3 
 .bss.s_sequence
                0x0000000020000340        0x4 ./Application/A_Config.o
 .bss.g_config  0x0000000020000344       0x18 ./Application/A_Config.o
                0x0000000020000344                g_config
 .bss.s_prot    0x000000002000035c       0x10 ./Application/A_Protect.o
 .bss.s_servo   0x000000002000036c       0x98 ./Application/A_Servo.o
 .bss.led_on.0  0x0000000020000404        0x1 ./Application/A_Tasks.o
 *fill*         0x0000000020000405        0x3 
 .bss.s_reply   0x0000000020000408       0x31 ./Application/A_UartCmd.o
 .bss.s_framing
                0x0000000020000439        0x1 ./Application/A_UartCmd.o
 .bss.s_frame_idx
                0x000000002000043a        0x1 ./Application/A_UartCmd.o
 *fill*         0x000000002000043b        0x1 
 .bss.s_frame   0x000000002000043c       0x20 ./Application/A_UartCmd.o
 *(.gnu.linkonce.b.*)
 *(COMMON*)
                0x000000002000045c                . = ALIGN (0x4)
                0x000000002000045c                PROVIDE (_ebss = .)
                0x000000002000045c                PROVIDE (_end = _ebss)
                [!provide]                        PROVIDE (end = .)

.stack          0x0000000020001800      0x800
                0x0000000020001800                PROVIDE (_heap_end = .)
                0x0000000020001800                . = ALIGN (0x4)
                [!provide]                        PROVIDE (_susrstack = .)
                0x0000000020002000                . = (. + __stack_size)
 *fill*         0x0000000020001800      0x800 
                0x0000000020002000                PROVIDE (_eusrstack = .)
OUTPUT(CH32V00X_APP.elf elf32-littleriscv)

.debug_info     0x0000000000000000    0x173d3
 .debug_info    0x0000000000000000      0x6ca ./User/ch32v00X_it.o
 .debug_info    0x00000000000006ca      0x295 ./User/main.o
 .debug_info    0x000000000000095f      0x5ac ./System/flash.o
 .debug_info    0x0000000000000f0b      0xc49 ./System/iap.o
 .debug_info    0x0000000000001b54      0x328 ./System/system_ch32v00X.o
 .debug_info    0x0000000000001e7c       0x23 ./SRC/Startup/startup_ch32v00X.o
 .debug_info    0x0000000000001e9f      0xdf6 ./SRC/Peripheral/src/ch32v00X_adc.o
 .debug_info    0x0000000000002c95      0x430 ./SRC/Peripheral/src/ch32v00X_dma.o
 .debug_info    0x00000000000030c5      0xb4c ./SRC/Peripheral/src/ch32v00X_flash.o
 .debug_info    0x0000000000003c11      0x90a ./SRC/Peripheral/src/ch32v00X_gpio.o
 .debug_info    0x000000000000451b      0xb0d ./SRC/Peripheral/src/ch32v00X_i2c.o
 .debug_info    0x0000000000005028      0x277 ./SRC/Peripheral/src/ch32v00X_iwdg.o
 .debug_info    0x000000000000529f      0x4fe ./SRC/Peripheral/src/ch32v00X_misc.o
 .debug_info    0x000000000000579d      0xba9 ./SRC/Peripheral/src/ch32v00X_opa.o
 .debug_info    0x0000000000006346      0x8d7 ./SRC/Peripheral/src/ch32v00X_rcc.o
 .debug_info    0x0000000000006c1d      0x769 ./SRC/Peripheral/src/ch32v00X_spi.o
 .debug_info    0x0000000000007386     0x1fd4 ./SRC/Peripheral/src/ch32v00X_tim.o
 .debug_info    0x000000000000935a      0x887 ./SRC/Peripheral/src/ch32v00X_usart.o
 .debug_info    0x0000000000009be1      0x702 ./SRC/Debug/debug.o
 .debug_info    0x000000000000a2e3      0x2eb ./SRC/Core/core_riscv.o
 .debug_info    0x000000000000a5ce     0x11bf ./Drivers/D_adc.o
 .debug_info    0x000000000000b78d      0xfad ./Drivers/D_i2c.o
 .debug_info    0x000000000000c73a      0x225 ./Drivers/D_iwdg.o
 .debug_info    0x000000000000c95f      0x5b4 ./Drivers/D_motor.o
 .debug_info    0x000000000000cf13      0x1bd ./Drivers/D_mt6701.o
 .debug_info    0x000000000000d0d0      0x796 ./Drivers/D_opa.o
 .debug_info    0x000000000000d866      0x604 ./Drivers/D_spi.o
 .debug_info    0x000000000000de6a     0x1493 ./Drivers/D_tim.o
 .debug_info    0x000000000000f2fd      0x2bd ./Drivers/D_tmp112.o
 .debug_info    0x000000000000f5ba     0x1035 ./Drivers/D_uart.o
 .debug_info    0x00000000000105ef      0x24e ./Drivers/D_ws2812.o
 .debug_info    0x000000000001083d      0x808 ./Common/C_Pos_Ctrl.o
 .debug_info    0x0000000000011045      0x1be ./Common/C_Ring_Buf.o
 .debug_info    0x0000000000011203      0x339 ./Common/C_Speed_Observer.o
 .debug_info    0x000000000001153c      0x367 ./Common/C_Task_Scheduler.o
 .debug_info    0x00000000000118a3     0x1386 ./Common/C_Traj_Planner.o
 .debug_info    0x0000000000012c29      0x576 ./Application/A_Config.o
 .debug_info    0x000000000001319f      0x6a0 ./Application/A_Protect.o
 .debug_info    0x000000000001383f      0x287 ./Application/A_Sensor.o
 .debug_info    0x0000000000013ac6     0x1f4a ./Application/A_Servo.o
 .debug_info    0x0000000000015a10      0x2db ./Application/A_Tasks.o
 .debug_info    0x0000000000015ceb     0x16e8 ./Application/A_UartCmd.o

.debug_abbrev   0x0000000000000000     0x56e8
 .debug_abbrev  0x0000000000000000      0x217 ./User/ch32v00X_it.o
 .debug_abbrev  0x0000000000000217       0xb5 ./User/main.o
 .debug_abbrev  0x00000000000002cc      0x1a8 ./System/flash.o
 .debug_abbrev  0x0000000000000474      0x343 ./System/iap.o
 .debug_abbrev  0x00000000000007b7      0x164 ./System/system_ch32v00X.o
 .debug_abbrev  0x000000000000091b       0x12 ./SRC/Startup/startup_ch32v00X.o
 .debug_abbrev  0x000000000000092d      0x1bd ./SRC/Peripheral/src/ch32v00X_adc.o
 .debug_abbrev  0x0000000000000aea      0x18d ./SRC/Peripheral/src/ch32v00X_dma.o
 .debug_abbrev  0x0000000000000c77      0x3af ./SRC/Peripheral/src/ch32v00X_flash.o
 .debug_abbrev  0x0000000000001026      0x1f0 ./SRC/Peripheral/src/ch32v00X_gpio.o
 .debug_abbrev  0x0000000000001216      0x256 ./SRC/Peripheral/src/ch32v00X_i2c.o
 .debug_abbrev  0x000000000000146c      0x12a ./SRC/Peripheral/src/ch32v00X_iwdg.o
 .debug_abbrev  0x0000000000001596      0x1c0 ./SRC/Peripheral/src/ch32v00X_misc.o
 .debug_abbrev  0x0000000000001756      0x1cc ./SRC/Peripheral/src/ch32v00X_opa.o
 .debug_abbrev  0x0000000000001922      0x23c ./SRC/Peripheral/src/ch32v00X_rcc.o
 .debug_abbrev  0x0000000000001b5e      0x20a ./SRC/Peripheral/src/ch32v00X_spi.o
 .debug_abbrev  0x0000000000001d68      0x330 ./SRC/Peripheral/src/ch32v00X_tim.o
 .debug_abbrev  0x0000000000002098      0x1ff ./SRC/Peripheral/src/ch32v00X_usart.o
 .debug_abbrev  0x0000000000002297      0x283 ./SRC/Debug/debug.o
 .debug_abbrev  0x000000000000251a       0xe5 ./SRC/Core/core_riscv.o
 .debug_abbrev  0x00000000000025ff      0x34f ./Drivers/D_adc.o
 .debug_abbrev  0x000000000000294e      0x2ff ./Drivers/D_i2c.o
 .debug_abbrev  0x0000000000002c4d      0x118 ./Drivers/D_iwdg.o
 .debug_abbrev  0x0000000000002d65      0x1a6 ./Drivers/D_motor.o
 .debug_abbrev  0x0000000000002f0b       0xed ./Drivers/D_mt6701.o
 .debug_abbrev  0x0000000000002ff8      0x13e ./Drivers/D_opa.o
 .debug_abbrev  0x0000000000003136      0x1bd ./Drivers/D_spi.o
 .debug_abbrev  0x00000000000032f3      0x386 ./Drivers/D_tim.o
 .debug_abbrev  0x0000000000003679      0x158 ./Drivers/D_tmp112.o
 .debug_abbrev  0x00000000000037d1      0x321 ./Drivers/D_uart.o
 .debug_abbrev  0x0000000000003af2      0x131 ./Drivers/D_ws2812.o
 .debug_abbrev  0x0000000000003c23      0x2c8 ./Common/C_Pos_Ctrl.o
 .debug_abbrev  0x0000000000003eeb      0x10c ./Common/C_Ring_Buf.o
 .debug_abbrev  0x0000000000003ff7      0x185 ./Common/C_Speed_Observer.o
 .debug_abbrev  0x000000000000417c      0x17e ./Common/C_Task_Scheduler.o
 .debug_abbrev  0x00000000000042fa      0x3b6 ./Common/C_Traj_Planner.o
 .debug_abbrev  0x00000000000046b0      0x25f ./Application/A_Config.o
 .debug_abbrev  0x000000000000490f      0x28c ./Application/A_Protect.o
 .debug_abbrev  0x0000000000004b9b      0x11e ./Application/A_Sensor.o
 .debug_abbrev  0x0000000000004cb9      0x52a ./Application/A_Servo.o
 .debug_abbrev  0x00000000000051e3      0x163 ./Application/A_Tasks.o
 .debug_abbrev  0x0000000000005346      0x3a2 ./Application/A_UartCmd.o

.debug_aranges  0x0000000000000000     0x1490
 .debug_aranges
                0x0000000000000000       0x48 ./User/ch32v00X_it.o
 .debug_aranges
                0x0000000000000048       0x20 ./User/main.o
 .debug_aranges
                0x0000000000000068       0x38 ./System/flash.o
 .debug_aranges
                0x00000000000000a0       0x58 ./System/iap.o
 .debug_aranges
                0x00000000000000f8       0x28 ./System/system_ch32v00X.o
 .debug_aranges
                0x0000000000000120       0x30 ./SRC/Startup/startup_ch32v00X.o
 .debug_aranges
                0x0000000000000150      0x180 ./SRC/Peripheral/src/ch32v00X_adc.o
 .debug_aranges
                0x00000000000002d0       0x70 ./SRC/Peripheral/src/ch32v00X_dma.o
 .debug_aranges
                0x0000000000000340      0x118 ./SRC/Peripheral/src/ch32v00X_flash.o
 .debug_aranges
                0x0000000000000458       0x98 ./SRC/Peripheral/src/ch32v00X_gpio.o
 .debug_aranges
                0x00000000000004f0      0x118 ./SRC/Peripheral/src/ch32v00X_i2c.o
 .debug_aranges
                0x0000000000000608       0x48 ./SRC/Peripheral/src/ch32v00X_iwdg.o
 .debug_aranges
                0x0000000000000650       0x28 ./SRC/Peripheral/src/ch32v00X_misc.o
 .debug_aranges
                0x0000000000000678       0xc0 ./SRC/Peripheral/src/ch32v00X_opa.o
 .debug_aranges
                0x0000000000000738      0x108 ./SRC/Peripheral/src/ch32v00X_rcc.o
 .debug_aranges
                0x0000000000000840       0xc0 ./SRC/Peripheral/src/ch32v00X_spi.o
 .debug_aranges
                0x0000000000000900      0x2f0 ./SRC/Peripheral/src/ch32v00X_tim.o
 .debug_aranges
                0x0000000000000bf0       0xc8 ./SRC/Peripheral/src/ch32v00X_usart.o
 .debug_aranges
                0x0000000000000cb8       0x50 ./SRC/Debug/debug.o
 .debug_aranges
                0x0000000000000d08       0xa0 ./SRC/Core/core_riscv.o
 .debug_aranges
                0x0000000000000da8       0x58 ./Drivers/D_adc.o
 .debug_aranges
                0x0000000000000e00       0x58 ./Drivers/D_i2c.o
 .debug_aranges
                0x0000000000000e58       0x28 ./Drivers/D_iwdg.o
 .debug_aranges
                0x0000000000000e80       0x28 ./Drivers/D_motor.o
 .debug_aranges
                0x0000000000000ea8       0x30 ./Drivers/D_mt6701.o
 .debug_aranges
                0x0000000000000ed8       0x20 ./Drivers/D_opa.o
 .debug_aranges
                0x0000000000000ef8       0x30 ./Drivers/D_spi.o
 .debug_aranges
                0x0000000000000f28       0x58 ./Drivers/D_tim.o
 .debug_aranges
                0x0000000000000f80       0x28 ./Drivers/D_tmp112.o
 .debug_aranges
                0x0000000000000fa8       0x70 ./Drivers/D_uart.o
 .debug_aranges
                0x0000000000001018       0x38 ./Drivers/D_ws2812.o
 .debug_aranges
                0x0000000000001050       0x40 ./Common/C_Pos_Ctrl.o
 .debug_aranges
                0x0000000000001090       0x38 ./Common/C_Ring_Buf.o
 .debug_aranges
                0x00000000000010c8       0x28 ./Common/C_Speed_Observer.o
 .debug_aranges
                0x00000000000010f0       0x48 ./Common/C_Task_Scheduler.o
 .debug_aranges
                0x0000000000001138       0x90 ./Common/C_Traj_Planner.o
 .debug_aranges
                0x00000000000011c8       0x50 ./Application/A_Config.o
 .debug_aranges
                0x0000000000001218       0x58 ./Application/A_Protect.o
 .debug_aranges
                0x0000000000001270       0x38 ./Application/A_Sensor.o
 .debug_aranges
                0x00000000000012a8      0x140 ./Application/A_Servo.o
 .debug_aranges
                0x00000000000013e8       0x40 ./Application/A_Tasks.o
 .debug_aranges
                0x0000000000001428       0x68 ./Application/A_UartCmd.o

.debug_rnglists
                0x0000000000000000     0x1c45
 .debug_rnglists
                0x0000000000000000       0x43 ./User/ch32v00X_it.o
 .debug_rnglists
                0x0000000000000043       0x16 ./User/main.o
 .debug_rnglists
                0x0000000000000059       0x31 ./System/flash.o
 .debug_rnglists
                0x000000000000008a       0xd0 ./System/iap.o
 .debug_rnglists
                0x000000000000015a       0x1f ./System/system_ch32v00X.o
 .debug_rnglists
                0x0000000000000179       0x21 ./SRC/Startup/startup_ch32v00X.o
 .debug_rnglists
                0x000000000000019a      0x1a2 ./SRC/Peripheral/src/ch32v00X_adc.o
 .debug_rnglists
                0x000000000000033c       0x70 ./SRC/Peripheral/src/ch32v00X_dma.o
 .debug_rnglists
                0x00000000000003ac      0x12d ./SRC/Peripheral/src/ch32v00X_flash.o
 .debug_rnglists
                0x00000000000004d9       0x9d ./SRC/Peripheral/src/ch32v00X_gpio.o
 .debug_rnglists
                0x0000000000000576      0x12d ./SRC/Peripheral/src/ch32v00X_i2c.o
 .debug_rnglists
                0x00000000000006a3       0x43 ./SRC/Peripheral/src/ch32v00X_iwdg.o
 .debug_rnglists
                0x00000000000006e6       0x45 ./SRC/Peripheral/src/ch32v00X_misc.o
 .debug_rnglists
                0x000000000000072b       0xca ./SRC/Peripheral/src/ch32v00X_opa.o
 .debug_rnglists
                0x00000000000007f5      0x11b ./SRC/Peripheral/src/ch32v00X_rcc.o
 .debug_rnglists
                0x0000000000000910       0xca ./SRC/Peripheral/src/ch32v00X_spi.o
 .debug_rnglists
                0x00000000000009da      0x340 ./SRC/Peripheral/src/ch32v00X_tim.o
 .debug_rnglists
                0x0000000000000d1a       0xd3 ./SRC/Peripheral/src/ch32v00X_usart.o
 .debug_rnglists
                0x0000000000000ded       0x4c ./SRC/Debug/debug.o
 .debug_rnglists
                0x0000000000000e39       0xa6 ./SRC/Core/core_riscv.o
 .debug_rnglists
                0x0000000000000edf       0xa9 ./Drivers/D_adc.o
 .debug_rnglists
                0x0000000000000f88       0x97 ./Drivers/D_i2c.o
 .debug_rnglists
                0x000000000000101f       0x1f ./Drivers/D_iwdg.o
 .debug_rnglists
                0x000000000000103e       0x1f ./Drivers/D_motor.o
 .debug_rnglists
                0x000000000000105d       0x28 ./Drivers/D_mt6701.o
 .debug_rnglists
                0x0000000000001085       0x16 ./Drivers/D_opa.o
 .debug_rnglists
                0x000000000000109b       0x3b ./Drivers/D_spi.o
 .debug_rnglists
                0x00000000000010d6       0x68 ./Drivers/D_tim.o
 .debug_rnglists
                0x000000000000113e       0x4e ./Drivers/D_tmp112.o
 .debug_rnglists
                0x000000000000118c       0x70 ./Drivers/D_uart.o
 .debug_rnglists
                0x00000000000011fc       0x31 ./Drivers/D_ws2812.o
 .debug_rnglists
                0x000000000000122d       0xf4 ./Common/C_Pos_Ctrl.o
 .debug_rnglists
                0x0000000000001321       0x31 ./Common/C_Ring_Buf.o
 .debug_rnglists
                0x0000000000001352       0x5f ./Common/C_Speed_Observer.o
 .debug_rnglists
                0x00000000000013b1       0x43 ./Common/C_Task_Scheduler.o
 .debug_rnglists
                0x00000000000013f4      0x271 ./Common/C_Traj_Planner.o
 .debug_rnglists
                0x0000000000001665       0x5f ./Application/A_Config.o
 .debug_rnglists
                0x00000000000016c4      0x105 ./Application/A_Protect.o
 .debug_rnglists
                0x00000000000017c9       0x31 ./Application/A_Sensor.o
 .debug_rnglists
                0x00000000000017fa      0x330 ./Application/A_Servo.o
 .debug_rnglists
                0x0000000000001b2a       0x3a ./Application/A_Tasks.o
 .debug_rnglists
                0x0000000000001b64       0xe1 ./Application/A_UartCmd.o

.debug_line     0x0000000000000000    0x1b3db
 .debug_line    0x0000000000000000      0x1dd ./User/ch32v00X_it.o
 .debug_line    0x00000000000001dd      0x182 ./User/main.o
 .debug_line    0x000000000000035f      0x5a1 ./System/flash.o
 .debug_line    0x0000000000000900      0xab9 ./System/iap.o
 .debug_line    0x00000000000013b9      0x41b ./System/system_ch32v00X.o
 .debug_line    0x00000000000017d4      0x10e ./SRC/Startup/startup_ch32v00X.o
 .debug_line    0x00000000000018e2     0x1440 ./SRC/Peripheral/src/ch32v00X_adc.o
 .debug_line    0x0000000000002d22      0x5bc ./SRC/Peripheral/src/ch32v00X_dma.o
 .debug_line    0x00000000000032de     0x1d3b ./SRC/Peripheral/src/ch32v00X_flash.o
 .debug_line    0x0000000000005019      0xec3 ./SRC/Peripheral/src/ch32v00X_gpio.o
 .debug_line    0x0000000000005edc      0xe9c ./SRC/Peripheral/src/ch32v00X_i2c.o
 .debug_line    0x0000000000006d78      0x1c0 ./SRC/Peripheral/src/ch32v00X_iwdg.o
 .debug_line    0x0000000000006f38      0x1d7 ./SRC/Peripheral/src/ch32v00X_misc.o
 .debug_line    0x000000000000710f      0xaca ./SRC/Peripheral/src/ch32v00X_opa.o
 .debug_line    0x0000000000007bd9      0xe41 ./SRC/Peripheral/src/ch32v00X_rcc.o
 .debug_line    0x0000000000008a1a      0x827 ./SRC/Peripheral/src/ch32v00X_spi.o
 .debug_line    0x0000000000009241     0x39b8 ./SRC/Peripheral/src/ch32v00X_tim.o
 .debug_line    0x000000000000cbf9      0xa78 ./SRC/Peripheral/src/ch32v00X_usart.o
 .debug_line    0x000000000000d671      0x57c ./SRC/Debug/debug.o
 .debug_line    0x000000000000dbed      0x332 ./SRC/Core/core_riscv.o
 .debug_line    0x000000000000df1f      0xbc5 ./Drivers/D_adc.o
 .debug_line    0x000000000000eae4      0xcfb ./Drivers/D_i2c.o
 .debug_line    0x000000000000f7df      0x11b ./Drivers/D_iwdg.o
 .debug_line    0x000000000000f8fa      0x292 ./Drivers/D_motor.o
 .debug_line    0x000000000000fb8c      0x176 ./Drivers/D_mt6701.o
 .debug_line    0x000000000000fd02      0x19f ./Drivers/D_opa.o
 .debug_line    0x000000000000fea1      0x2bd ./Drivers/D_spi.o
 .debug_line    0x000000000001015e      0xbb1 ./Drivers/D_tim.o
 .debug_line    0x0000000000010d0f      0x1ab ./Drivers/D_tmp112.o
 .debug_line    0x0000000000010eba      0x8d0 ./Drivers/D_uart.o
 .debug_line    0x000000000001178a      0x1a6 ./Drivers/D_ws2812.o
 .debug_line    0x0000000000011930      0xf44 ./Common/C_Pos_Ctrl.o
 .debug_line    0x0000000000012874      0x2cf ./Common/C_Ring_Buf.o
 .debug_line    0x0000000000012b43      0x4a0 ./Common/C_Speed_Observer.o
 .debug_line    0x0000000000012fe3      0x63f ./Common/C_Task_Scheduler.o
 .debug_line    0x0000000000013622     0x2826 ./Common/C_Traj_Planner.o
 .debug_line    0x0000000000015e48      0x554 ./Application/A_Config.o
 .debug_line    0x000000000001639c      0x8a9 ./Application/A_Protect.o
 .debug_line    0x0000000000016c45      0x2e7 ./Application/A_Sensor.o
 .debug_line    0x0000000000016f2c     0x308b ./Application/A_Servo.o
 .debug_line    0x0000000000019fb7      0x171 ./Application/A_Tasks.o
 .debug_line    0x000000000001a128     0x12b3 ./Application/A_UartCmd.o

.debug_str      0x0000000000000000     0x5a03
 .debug_str     0x0000000000000000      0x3e2 ./User/ch32v00X_it.o
                                        0x481 (size before relaxing)
 .debug_str     0x00000000000003e2      0x14f ./User/main.o
                                        0x2db (size before relaxing)
 .debug_str     0x0000000000000531      0x188 ./System/flash.o
                                        0x34e (size before relaxing)
 .debug_str     0x00000000000006b9      0x208 ./System/iap.o
                                        0x595 (size before relaxing)
 .debug_str     0x00000000000008c1      0x105 ./System/system_ch32v00X.o
                                        0x2df (size before relaxing)
 .debug_str     0x00000000000009c6       0x60 ./SRC/Startup/startup_ch32v00X.o
 .debug_str     0x0000000000000a26      0x6cb ./SRC/Peripheral/src/ch32v00X_adc.o
                                        0x8b5 (size before relaxing)
 .debug_str     0x00000000000010f1      0x1d5 ./SRC/Peripheral/src/ch32v00X_dma.o
                                        0x3ca (size before relaxing)
 .debug_str     0x00000000000012c6      0x34b ./SRC/Peripheral/src/ch32v00X_flash.o
                                        0x67b (size before relaxing)
 .debug_str     0x0000000000001611      0x2c5 ./SRC/Peripheral/src/ch32v00X_gpio.o
                                        0x509 (size before relaxing)
 .debug_str     0x00000000000018d6      0x403 ./SRC/Peripheral/src/ch32v00X_i2c.o
                                        0x692 (size before relaxing)
 .debug_str     0x0000000000001cd9       0xa8 ./SRC/Peripheral/src/ch32v00X_iwdg.o
                                        0x2ca (size before relaxing)
 .debug_str     0x0000000000001d81      0x288 ./SRC/Peripheral/src/ch32v00X_misc.o
                                        0x4fd (size before relaxing)
 .debug_str     0x0000000000002009      0xa23 ./SRC/Peripheral/src/ch32v00X_opa.o
                                        0xc3d (size before relaxing)
 .debug_str     0x0000000000002a2c      0x2a6 ./SRC/Peripheral/src/ch32v00X_rcc.o
                                        0x64c (size before relaxing)
 .debug_str     0x0000000000002cd2      0x274 ./SRC/Peripheral/src/ch32v00X_spi.o
                                        0x51d (size before relaxing)
 .debug_str     0x0000000000002f46      0xaa6 ./SRC/Peripheral/src/ch32v00X_tim.o
                                        0xec3 (size before relaxing)
 .debug_str     0x00000000000039ec      0x2ed ./SRC/Peripheral/src/ch32v00X_usart.o
                                        0x5eb (size before relaxing)
 .debug_str     0x0000000000003cd9       0x98 ./SRC/Debug/debug.o
                                        0x51f (size before relaxing)
 .debug_str     0x0000000000003d71       0xda ./SRC/Core/core_riscv.o
                                        0x25c (size before relaxing)
 .debug_str     0x0000000000003e4b      0x1e2 ./Drivers/D_adc.o
                                        0xb67 (size before relaxing)
 .debug_str     0x000000000000402d       0xc0 ./Drivers/D_i2c.o
                                        0x65a (size before relaxing)
 .debug_str     0x00000000000040ed        0xc ./Drivers/D_iwdg.o
                                        0x261 (size before relaxing)
 .debug_str     0x00000000000040f9       0x95 ./Drivers/D_motor.o
                                        0x41b (size before relaxing)
 .debug_str     0x000000000000418e       0x26 ./Drivers/D_mt6701.o
                                        0x1df (size before relaxing)
 .debug_str     0x00000000000041b4       0x12 ./Drivers/D_opa.o
                                        0x8d2 (size before relaxing)
 .debug_str     0x00000000000041c6       0x2f ./Drivers/D_spi.o
                                        0x4b5 (size before relaxing)
 .debug_str     0x00000000000041f5      0x124 ./Drivers/D_tim.o
                                        0xc10 (size before relaxing)
 .debug_str     0x0000000000004319       0x6b ./Drivers/D_tmp112.o
                                        0x247 (size before relaxing)
 .debug_str     0x0000000000004384      0x11b ./Drivers/D_uart.o
                                        0x8e1 (size before relaxing)
 .debug_str     0x000000000000449f       0x37 ./Drivers/D_ws2812.o
                                        0x1fe (size before relaxing)
 .debug_str     0x00000000000044d6      0x22f ./Common/C_Pos_Ctrl.o
                                        0x412 (size before relaxing)
 .debug_str     0x0000000000004705        0x5 ./Common/C_Ring_Buf.o
                                        0x1ee (size before relaxing)
 .debug_str     0x000000000000470a       0xf9 ./Common/C_Speed_Observer.o
                                        0x2d0 (size before relaxing)
 .debug_str     0x0000000000004803       0x98 ./Common/C_Task_Scheduler.o
                                        0x2a7 (size before relaxing)
 .debug_str     0x000000000000489b      0x3e3 ./Common/C_Traj_Planner.o
                                        0x61c (size before relaxing)
 .debug_str     0x0000000000004c7e      0x1e5 ./Application/A_Config.o
                                        0x4e1 (size before relaxing)
 .debug_str     0x0000000000004e63      0x230 ./Application/A_Protect.o
                                        0x51e (size before relaxing)
 .debug_str     0x0000000000005093       0x38 ./Application/A_Sensor.o
                                        0x28c (size before relaxing)
 .debug_str     0x00000000000050cb      0x637 ./Application/A_Servo.o
                                        0xd83 (size before relaxing)
 .debug_str     0x0000000000005702       0x4a ./Application/A_Tasks.o
                                        0x2b5 (size before relaxing)
 .debug_str     0x000000000000574c      0x2b7 ./Application/A_UartCmd.o
                                        0x8e9 (size before relaxing)

.debug_line_str
                0x0000000000000000      0xaf3
 .debug_line_str
                0x0000000000000000      0x2b8 ./User/ch32v00X_it.o
                                        0x311 (size before relaxing)
 .debug_line_str
                0x00000000000002b8      0x162 ./User/main.o
                                        0x3f1 (size before relaxing)
 .debug_line_str
                0x000000000000041a      0x16f ./System/flash.o
                                        0x361 (size before relaxing)
 .debug_line_str
                0x0000000000000589       0x10 ./System/iap.o
                                        0x442 (size before relaxing)
 .debug_line_str
                0x0000000000000599       0x2c ./System/system_ch32v00X.o
                                        0x28e (size before relaxing)
 .debug_line_str
                0x00000000000005c5       0x22 ./SRC/Startup/startup_ch32v00X.o
                                         0x67 (size before relaxing)
 .debug_line_str
                0x00000000000005e7       0x4a ./SRC/Peripheral/src/ch32v00X_adc.o
                                        0x2a8 (size before relaxing)
 .debug_line_str
                0x0000000000000631       0x34 ./SRC/Peripheral/src/ch32v00X_dma.o
                                        0x299 (size before relaxing)
 .debug_line_str
                0x0000000000000665       0x27 ./SRC/Peripheral/src/ch32v00X_flash.o
                                        0x2a1 (size before relaxing)
 .debug_line_str
                0x000000000000068c       0x26 ./SRC/Peripheral/src/ch32v00X_gpio.o
                                        0x2ac (size before relaxing)
 .debug_line_str
                0x00000000000006b2       0x34 ./SRC/Peripheral/src/ch32v00X_i2c.o
                                        0x2a8 (size before relaxing)
 .debug_line_str
                0x00000000000006e6       0x26 ./SRC/Peripheral/src/ch32v00X_iwdg.o
                                        0x28d (size before relaxing)
 .debug_line_str
                0x000000000000070c       0x26 ./SRC/Peripheral/src/ch32v00X_misc.o
                                        0x29d (size before relaxing)
 .debug_line_str
                0x0000000000000732       0x34 ./SRC/Peripheral/src/ch32v00X_opa.o
                                        0x299 (size before relaxing)
 .debug_line_str
                0x0000000000000766       0x25 ./SRC/Peripheral/src/ch32v00X_rcc.o
                                        0x299 (size before relaxing)
 .debug_line_str
                0x000000000000078b       0x34 ./SRC/Peripheral/src/ch32v00X_spi.o
                                        0x2a8 (size before relaxing)
 .debug_line_str
                0x00000000000007bf       0x25 ./SRC/Peripheral/src/ch32v00X_tim.o
                                        0x2a8 (size before relaxing)
 .debug_line_str
                0x00000000000007e4       0x38 ./SRC/Peripheral/src/ch32v00X_usart.o
                                        0x2b0 (size before relaxing)
 .debug_line_str
                0x000000000000081c       0x22 ./SRC/Debug/debug.o
                                        0x37d (size before relaxing)
 .debug_line_str
                0x000000000000083e       0x25 ./SRC/Core/core_riscv.o
                                        0x1e0 (size before relaxing)
 .debug_line_str
                0x0000000000000863       0x1e ./Drivers/D_adc.o
                                        0x2f7 (size before relaxing)
 .debug_line_str
                0x0000000000000881       0x13 ./Drivers/D_i2c.o
                                        0x28d (size before relaxing)
 .debug_line_str
                0x0000000000000894       0x24 ./Drivers/D_iwdg.o
                                        0x276 (size before relaxing)
 .debug_line_str
                0x00000000000008b8       0x15 ./Drivers/D_motor.o
                                        0x240 (size before relaxing)
 .debug_line_str
                0x00000000000008cd       0x16 ./Drivers/D_mt6701.o
                                        0x1e0 (size before relaxing)
 .debug_line_str
                0x00000000000008e3       0x13 ./Drivers/D_opa.o
                                        0x298 (size before relaxing)
 .debug_line_str
                0x00000000000008f6       0x13 ./Drivers/D_spi.o
                                        0x28d (size before relaxing)
 .debug_line_str
                0x0000000000000909       0x13 ./Drivers/D_tim.o
                                        0x29d (size before relaxing)
 .debug_line_str
                0x000000000000091c       0x16 ./Drivers/D_tmp112.o
                                        0x1e0 (size before relaxing)
 .debug_line_str
                0x0000000000000932       0x21 ./Drivers/D_uart.o
                                        0x2e4 (size before relaxing)
 .debug_line_str
                0x0000000000000953       0x16 ./Drivers/D_ws2812.o
                                        0x220 (size before relaxing)
 .debug_line_str
                0x0000000000000969       0x52 ./Common/C_Pos_Ctrl.o
                                        0x20d (size before relaxing)
 .debug_line_str
                0x00000000000009bb       0x17 ./Common/C_Ring_Buf.o
                                        0x1e9 (size before relaxing)
 .debug_line_str
                0x00000000000009d2       0x1d ./Common/C_Speed_Observer.o
                                        0x201 (size before relaxing)
 .debug_line_str
                0x00000000000009ef       0x1d ./Common/C_Task_Scheduler.o
                                        0x245 (size before relaxing)
 .debug_line_str
                0x0000000000000a0c       0x1b ./Common/C_Traj_Planner.o
                                        0x1f9 (size before relaxing)
 .debug_line_str
                0x0000000000000a27       0x29 ./Application/A_Config.o
                                        0x36a (size before relaxing)
 .debug_line_str
                0x0000000000000a50       0x26 ./Application/A_Protect.o
                                        0x33a (size before relaxing)
 .debug_line_str
                0x0000000000000a76       0x1a ./Application/A_Sensor.o
                                        0x229 (size before relaxing)
 .debug_line_str
                0x0000000000000a90       0x23 ./Application/A_Servo.o
                                        0x442 (size before relaxing)
 .debug_line_str
                0x0000000000000ab3       0x25 ./Application/A_Tasks.o
                                        0x2d7 (size before relaxing)
 .debug_line_str
                0x0000000000000ad8       0x1b ./Application/A_UartCmd.o
                                        0x3cb (size before relaxing)

.comment        0x0000000000000000       0x31
 .comment       0x0000000000000000       0x31 ./User/ch32v00X_it.o
                                         0x32 (size before relaxing)
 .comment       0x0000000000000031       0x32 ./User/main.o
 .comment       0x0000000000000031       0x32 ./System/flash.o
 .comment       0x0000000000000031       0x32 ./System/iap.o
 .comment       0x0000000000000031       0x32 ./System/system_ch32v00X.o
 .comment       0x0000000000000031       0x32 ./SRC/Peripheral/src/ch32v00X_adc.o
 .comment       0x0000000000000031       0x32 ./SRC/Peripheral/src/ch32v00X_dma.o
 .comment       0x0000000000000031       0x32 ./SRC/Peripheral/src/ch32v00X_flash.o
 .comment       0x0000000000000031       0x32 ./SRC/Peripheral/src/ch32v00X_gpio.o
 .comment       0x0000000000000031       0x32 ./SRC/Peripheral/src/ch32v00X_i2c.o
 .comment       0x0000000000000031       0x32 ./SRC/Peripheral/src/ch32v00X_iwdg.o
 .comment       0x0000000000000031       0x32 ./SRC/Peripheral/src/ch32v00X_misc.o
 .comment       0x0000000000000031       0x32 ./SRC/Peripheral/src/ch32v00X_opa.o
 .comment       0x0000000000000031       0x32 ./SRC/Peripheral/src/ch32v00X_rcc.o
 .comment       0x0000000000000031       0x32 ./SRC/Peripheral/src/ch32v00X_spi.o
 .comment       0x0000000000000031       0x32 ./SRC/Peripheral/src/ch32v00X_tim.o
 .comment       0x0000000000000031       0x32 ./SRC/Peripheral/src/ch32v00X_usart.o
 .comment       0x0000000000000031       0x32 ./SRC/Debug/debug.o
 .comment       0x0000000000000031       0x32 ./SRC/Core/core_riscv.o
 .comment       0x0000000000000031       0x32 ./Drivers/D_adc.o
 .comment       0x0000000000000031       0x32 ./Drivers/D_i2c.o
 .comment       0x0000000000000031       0x32 ./Drivers/D_iwdg.o
 .comment       0x0000000000000031       0x32 ./Drivers/D_motor.o
 .comment       0x0000000000000031       0x32 ./Drivers/D_mt6701.o
 .comment       0x0000000000000031       0x32 ./Drivers/D_opa.o
 .comment       0x0000000000000031       0x32 ./Drivers/D_spi.o
 .comment       0x0000000000000031       0x32 ./Drivers/D_tim.o
 .comment       0x0000000000000031       0x32 ./Drivers/D_tmp112.o
 .comment       0x0000000000000031       0x32 ./Drivers/D_uart.o
 .comment       0x0000000000000031       0x32 ./Drivers/D_ws2812.o
 .comment       0x0000000000000031       0x32 ./Common/C_Pos_Ctrl.o
 .comment       0x0000000000000031       0x32 ./Common/C_Ring_Buf.o
 .comment       0x0000000000000031       0x32 ./Common/C_Speed_Observer.o