Archive member included to satisfy reference by file (symbol)

d:/software/mounriver/mounriver_studio2/resources/app/resources/win32/components/wch/toolchain/risc-v embedded gcc12/bin/../lib/gcc/riscv-wch-elf/12.2.0/rv32ec_zmmul_xw/ilp32e\libgcc.a(_divdi3.o)
                              ./Common/C_Traj_Planner.o (__divdi3)
d:/software/mounriver/mounriver_studio2/resources/app/resources/win32/components/wch/toolchain/risc-v embedded gcc12/bin/../lib/gcc/riscv-wch-elf/12.2.0/rv32ec_zmmul_xw/ilp32e\libgcc.a(_udivdi3.o)
                              ./Common/C_Traj_Planner.o (__udivdi3)
d:/software/mounriver/mounriver_studio2/resources/app/resources/win32/components/wch/toolchain/risc-v embedded gcc12/bin/../lib/gcc/riscv-wch-elf/12.2.0/rv32ec_zmmul_xw/ilp32e\libgcc.a(save-restore.o)
                              ./System/flash.o (__riscv_save_2)
d:/software/mounriver/mounriver_studio2/resources/app/resources/win32/components/wch/toolchain/risc-v embedded gcc12/bin/../lib/gcc/riscv-wch-elf/12.2.0/rv32ec_zmmul_xw/ilp32e\libgcc.a(div.o)
                              ./System/system_ch32v00X.o (__divsi3)
d:/software/mounriver/mounriver_studio2/resources/app/resources/win32/components/wch/toolchain/risc-v embedded gcc12/bin/../lib/gcc/riscv-wch-elf/12.2.0/rv32ec_zmmul_xw/ilp32e\libgcc.a(_clz.o)
                              d:/software/mounriver/mounriver_studio2/resources/app/resources/win32/components/wch/toolchain/risc-v embedded gcc12/bin/../lib/gcc/riscv-wch-elf/12.2.0/rv32ec_zmmul_xw/ilp32e\libgcc.a(_divdi3.o) (__clz_tab)
d:/software/mounriver/mounriver_studio2/resources/app/resources/win32/components/wch/toolchain/risc-v embedded gcc12/bin/../lib/gcc/riscv-wch-elf/12.2.0/../../../../riscv-wch-elf/lib/rv32ec_zmmul_xw/ilp32e\libg_nano.a(lib_a-memcmp.o)
                              ./System/flash.o (memcmp)
d:/software/mounriver/mounriver_studio2/resources/app/resources/win32/components/wch/toolchain/risc-v embedded gcc12/bin/../lib/gcc/riscv-wch-elf/12.2.0/../../../../riscv-wch-elf/lib/rv32ec_zmmul_xw/ilp32e\libg_nano.a(lib_a-memcpy-asm.o)
                              ./System/flash.o (memcpy)
d:/software/mounriver/mounriver_studio2/resources/app/resources/win32/components/wch/toolchain/risc-v embedded gcc12/bin/../lib/gcc/riscv-wch-elf/12.2.0/../../../../riscv-wch-elf/lib/rv32ec_zmmul_xw/ilp32e\libg_nano.a(lib_a-memset.o)
                              ./System/flash.o (memset)
d:/software/mounriver/mounriver_studio2/resources/app/resources/win32/components/wch/toolchain/risc-v embedded gcc12/bin/../lib/gcc/riscv-wch-elf/12.2.0/../../../../riscv-wch-elf/lib/rv32ec_zmmul_xw/ilp32e\libg_nano.a(lib_a-printf.o)
                              ./Application/A_Calib_Min.o (printf)
d:/software/mounriver/mounriver_studio2/resources/app/resources/win32/components/wch/toolchain/risc-v embedded gcc12/bin/../lib/gcc/riscv-wch-elf/12.2.0/../../../../riscv-wch-elf/lib/rv32ec_zmmul_xw/ilp32e\libg_nano.a(lib_a-puts.o)
                              ./Application/A_Calib_Min.o (puts)
d:/software/mounriver/mounriver_studio2/resources/app/resources/win32/components/wch/toolchain/risc-v embedded gcc12/bin/../lib/gcc/riscv-wch-elf/12.2.0/../../../../riscv-wch-elf/lib/rv32ec_zmmul_xw/ilp32e\libg_nano.a(lib_a-strlen.o)
                              ./Application/A_UartCmd.o (strlen)
d:/software/mounriver/mounriver_studio2/resources/app/resources/win32/components/wch/toolchain/risc-v embedded gcc12/bin/../lib/gcc/riscv-wch-elf/12.2.0/../../../../riscv-wch-elf/lib/rv32ec_zmmul_xw/ilp32e\libg_nano.a(lib_a-wbuf.o)
                              d:/software/mounriver/mounriver_studio2/resources/app/resources/win32/components/wch/toolchain/risc-v embedded gcc12/bin/../lib/gcc/riscv-wch-elf/12.2.0/../../../../riscv-wch-elf/lib/rv32ec_zmmul_xw/ilp32e\libg_nano.a(lib_a-puts.o) (__swbuf_r)
d:/software/mounriver/mounriver_studio2/resources/app/resources/win32/components/wch/toolchain/risc-v embedded gcc12/bin/../lib/gcc/riscv-wch-elf/12.2.0/../../../../riscv-wch-elf/lib/rv32ec_zmmul_xw/ilp32e\libg_nano.a(lib_a-wsetup.o)
                              d:/software/mounriver/mounriver_studio2/resources/app/resources/win32/components/wch/toolchain/risc-v embedded gcc12/bin/../lib/gcc/riscv-wch-elf/12.2.0/../../../../riscv-wch-elf/lib/rv32ec_zmmul_xw/ilp32e\libg_nano.a(lib_a-puts.o) (__swsetup_r)
d:/software/mounriver/mounriver_studio2/resources/app/resources/win32/components/wch/toolchain/risc-v embedded gcc12/bin/../lib/gcc/riscv-wch-elf/12.2.0/../../../../riscv-wch-elf/lib/rv32ec_zmmul_xw/ilp32e\libg_nano.a(lib_a-fflush.o)
                              d:/software/mounriver/mounriver_studio2/resources/app/resources/win32/components/wch/toolchain/risc-v embedded gcc12/bin/../lib/gcc/riscv-wch-elf/12.2.0/../../../../riscv-wch-elf/lib/rv32ec_zmmul_xw/ilp32e\libg_nano.a(lib_a-wbuf.o) (_fflush_r)
[...]
Memory Configuration

Name             Origin             Length             Attributes
FLASH            0x0000000000000000 0x000000000000f500 xr
RAM              0x0000000020000000 0x0000000000002000 xrw
*default*        0x0000000000000000 0xffffffffffffffff

Linker script and memory map

LOAD ./User/ch32v00X_it.o
LOAD ./User/main.o
LOAD ./System/flash.o
LOAD ./System/iap.o
LOAD ./System/system_ch32v00X.o
LOAD ./SRC/Startup/startup_ch32v00X.o
LOAD ./SRC/Peripheral/src/ch32v00X_adc.o
LOAD ./SRC/Peripheral/src/ch32v00X_dbgmcu.o
LOAD ./SRC/Peripheral/src/ch32v00X_dma.o
LOAD ./SRC/Peripheral/src/ch32v00X_exti.o
LOAD ./SRC/Peripheral/src/ch32v00X_flash.o
LOAD ./SRC/Peripheral/src/ch32v00X_gpio.o
LOAD ./SRC/Peripheral/src/ch32v00X_i2c.o
LOAD ./SRC/Peripheral/src/ch32v00X_iwdg.o
LOAD ./SRC/Peripheral/src/ch32v00X_misc.o
LOAD ./SRC/Peripheral/src/ch32v00X_opa.o
LOAD ./SRC/Peripheral/src/ch32v00X_pwr.o
LOAD ./SRC/Peripheral/src/ch32v00X_rcc.o
LOAD ./SRC/Peripheral/src/ch32v00X_spi.o
LOAD ./SRC/Peripheral/src/ch32v00X_tim.o
LOAD ./SRC/Peripheral/src/ch32v00X_usart.o
LOAD ./SRC/Peripheral/src/ch32v00X_wwdg.o
LOAD ./SRC/Debug/debug.o
LOAD ./SRC/Core/core_riscv.o
LOAD ./Drivers/D_adc.o
LOAD ./Drivers/D_i2c.o
LOAD ./Drivers/D_iwdg.o
LOAD ./Drivers/D_motor.o
LOAD ./Drivers/D_mt6701.o
LOAD ./Drivers/D_opa.o
LOAD ./Drivers/D_spi.o
LOAD ./Drivers/D_tim.o
LOAD ./Drivers/D_tmp112.o
LOAD ./Drivers/D_uart.o
LOAD ./Drivers/D_ws2812.o
LOAD ./Common/C_Pos_Ctrl.o
LOAD ./Common/C_Ring_Buf.o
LOAD ./Common/C_Speed_Observer.o
LOAD ./Common/C_Task_Scheduler.o
LOAD ./Common/C_Traj_Planner.o
LOAD ./Application/A_Calib_Min.o
LOAD ./Application/A_Config.o
LOAD ./Application/A_Protect.o
LOAD ./Application/A_Sensor.o
LOAD ./Application/A_Servo.o
LOAD ./Application/A_Tasks.o
LOAD ./Application/A_UartCmd.o
LOAD d:/software/mounriver/mounriver_studio2/resources/app/resources/win32/components/wch/toolchain/risc-v embedded gcc12/bin/../lib/gcc/riscv-wch-elf/12.2.0/../../../../riscv-wch-elf/lib/rv32ec_zmmul_xw/ilp32e\libm_nano.a
LOAD d:/software/mounriver/mounriver_studio2/resources/app/resources/win32/components/wch/toolchain/risc-v embedded gcc12/bin/../lib/gcc/riscv-wch-elf/12.2.0/rv32ec_zmmul_xw/ilp32e\libgcc.a
LOAD d:/software/mounriver/mounriver_studio2/resources/app/resources/win32/components/wch/toolchain/risc-v embedded gcc12/bin/../lib/gcc/riscv-wch-elf/12.2.0/../../../../riscv-wch-elf/lib/rv32ec_zmmul_xw/ilp32e\libg_nano.a
LOAD d:/software/mounriver/mounriver_studio2/resources/app/resources/win32/components/wch/toolchain/risc-v embedded gcc12/bin/../lib/gcc/riscv-wch-elf/12.2.0/../../../../riscv-wch-elf/lib/rv32ec_zmmul_xw/ilp32e\libc_nano.a
LOAD d:/software/mounriver/mounriver_studio2/resources/app/resources/win32/components/wch/toolchain/risc-v embedded gcc12/bin/../lib/gcc/riscv-wch-elf/12.2.0/rv32ec_zmmul_xw/ilp32e\libgcc.a
START GROUP
LOAD d:/software/mounriver/mounriver_studio2/resources/app/resources/win32/components/wch/toolchain/risc-v embedded gcc12/bin/../lib/gcc/riscv-wch-elf/12.2.0/rv32ec_zmmul_xw/ilp32e\libgcc.a
LOAD d:/software/mounriver/mounriver_studio2/resources/app/resources/win32/components/wch/toolchain/risc-v embedded gcc12/bin/../lib/gcc/riscv-wch-elf/12.2.0/../../../../riscv-wch-elf/lib/rv32ec_zmmul_xw/ilp32e\libc_nano.a
LOAD d:/software/mounriver/mounriver_studio2/resources/app/resources/win32/components/wch/toolchain/risc-v embedded gcc12/bin/../lib/gcc/riscv-wch-elf/12.2.0/../../../../riscv-wch-elf/lib/rv32ec_zmmul_xw/ilp32e\libnosys.a
END GROUP
START GROUP
LOAD d:/software/mounriver/mounriver_studio2/resources/app/resources/win32/components/wch/toolchain/risc-v embedded gcc12/bin/../lib/gcc/riscv-wch-elf/12.2.0/rv32ec_zmmul_xw/ilp32e\libgcc.a
LOAD d:/software/mounriver/mounriver_studio2/resources/app/resources/win32/components/wch/toolchain/risc-v embedded gcc12/bin/../lib/gcc/riscv-wch-elf/12.2.0/../../../../riscv-wch-elf/lib/rv32ec_zmmul_xw/ilp32e\libc_nano.a
LOAD d:/software/mounriver/mounriver_studio2/resources/app/resources/win32/components/wch/toolchain/risc-v embedded gcc12/bin/../lib/gcc/riscv-wch-elf/12.2.0/../../../../riscv-wch-elf/lib/rv32ec_zmmul_xw/ilp32e\libnosys.a
END GROUP
                0x0000000000000800                __stack_size = 0x800
                [!provide]                        PROVIDE (_stack_size = __stack_size)

.init           0x0000000000000000       0xa8
                0x0000000000000000                _sinit = .
                0x0000000000000000                . = ALIGN (0x4)
 *(SORT_NONE(.init))
 .init          0x0000000000000000       0xa6 ./SRC/Startup/startup_ch32v00X.o
                0x0000000000000000                _start
                0x00000000000000a8                . = ALIGN (0x4)
 *fill*         0x00000000000000a6        0x2 
                0x00000000000000a8                _einit = .

.text           0x00000000000000a8     0x7554
                0x00000000000000a8                . = ALIGN (0x4)
 *(.text)
 .text          0x00000000000000a8       0x14 d:/software/mounriver/mounriver_studio2/resources/app/resources/win32/components/wch/toolchain/risc-v embedded gcc12/bin/../lib/gcc/riscv-wch-elf/12.2.0/rv32ec_zmmul_xw/ilp32e\libgcc.a(save-restore.o)
                0x00000000000000a8                __riscv_save_1
                0x00000000000000a8                __riscv_save_2
                0x00000000000000a8                __riscv_save_0
                0x00000000000000b2                __riscv_restore_0
                0x00000000000000b2                __riscv_restore_1
                0x00000000000000b2                __riscv_restore_2
 .text          0x00000000000000bc       0x7e d:/software/mounriver/mounriver_studio2/resources/app/resources/win32/components/wch/toolchain/risc-v embedded gcc12/bin/../lib/gcc/riscv-wch-elf/12.2.0/rv32ec_zmmul_xw/ilp32e\libgcc.a(div.o)
                0x00000000000000bc                __divsi3
                0x00000000000000c4                __udivsi3
                0x00000000000000c4                __hidden___udivsi3
                0x00000000000000f0                __umodsi3
                0x0000000000000114                __modsi3
 .text          0x000000000000013a       0x16 d:/software/mounriver/mounriver_studio2/resources/app/resources/win32/components/wch/toolchain/risc-v embedded gcc12/bin/../lib/gcc/riscv-wch-elf/12.2.0/../../../../riscv-wch-elf/lib/rv32ec_zmmul_xw/ilp32e\libg_nano.a(lib_a-memcpy-asm.o)
                0x000000000000013a                memcpy
 .text          0x0000000000000150       0x10 d:/software/mounriver/mounriver_studio2/resources/app/resources/win32/components/wch/toolchain/risc-v embedded gcc12/bin/../lib/gcc/riscv-wch-elf/12.2.0/../../../../riscv-wch-elf/lib/rv32ec_zmmul_xw/ilp32e\libg_nano.a(lib_a-memset.o)
                0x0000000000000150                memset
 *(.text.*)
 .text.NMI_Handler
                0x0000000000000160       0x10 ./User/ch32v00X_it.o
                0x0000000000000160                NMI_Handler
 .text.HardFault_Handler
                0x0000000000000170       0x10 ./User/ch32v00X_it.o
                0x0000000000000170                HardFault_Handler
 .text.USART1_IRQHandler
                0x0000000000000180        0x8 ./User/ch32v00X_it.o
                0x0000000000000180                USART1_IRQHandler
 .text.TIM1_CC_IRQHandler
                0x0000000000000188        0x8 ./User/ch32v00X_it.o
                0x0000000000000188                TIM1_CC_IRQHandler
 .text.TIM1_UP_IRQHandler
                0x0000000000000190       0x3a ./User/ch32v00X_it.o
                0x0000000000000190                TIM1_UP_IRQHandler
 .text.DMA1_Channel1_IRQHandler
                0x00000000000001ca        0x8 ./User/ch32v00X_it.o
                0x00000000000001ca                DMA1_Channel1_IRQHandler
 .text.startup.main
                0x00000000000001d2       0x6a ./User/main.o
                0x00000000000001d2                main
 .text.Flash_Crc16
                0x000000000000023c       0x46 ./System/flash.o
 .text.Flash_RecordValid
                0x0000000000000282       0x52 ./System/flash.o
 .text.FLASH_Config_Load
                0x00000000000002d4       0x66 ./System/flash.o
                0x00000000000002d4                FLASH_Config_Load
 .text.FLASH_Config_Save
                0x000000000000033a       0xe4 ./System/flash.o
                0x000000000000033a                FLASH_Config_Save
 .text.RecData_Deal
                0x000000000000041e       0x40 ./System/iap.o
                0x000000000000041e                RecData_Deal
 .text.IAP_Rx_Deal
                0x000000000000045e      0x190 ./System/iap.o
                0x000000000000045e                IAP_Rx_Deal
 .text.APP_2_IAP
                0x00000000000005ee       0x1c ./System/iap.o
                0x00000000000005ee                APP_2_IAP
 .text.IAP_Check
                0x000000000000060a       0x1e ./System/iap.o
                0x000000000000060a                IAP_Check
 .text.SystemInit
                0x0000000000000628       0xc2 ./System/system_ch32v00X.o
                0x0000000000000628                SystemInit
 .text.SystemCoreClockUpdate
                0x00000000000006ea       0x62 ./System/system_ch32v00X.o
                0x00000000000006ea                SystemCoreClockUpdate
 .text.vector_handler
                0x000000000000074c        0x2 ./SRC/Startup/startup_ch32v00X.o
                0x000000000000074c                OPCM_IRQHandler
                0x000000000000074c                SysTick_Handler
                0x000000000000074c                PVD_IRQHandler
                0x000000000000074c                SPI1_IRQHandler
                0x000000000000074c                AWU_IRQHandler
                0x000000000000074c                EXTI7_0_IRQHandler
                0x000000000000074c                DMA1_Channel4_IRQHandler
                0x000000000000074c                ADC1_IRQHandler
                0x000000000000074c                DMA1_Channel7_IRQHandler
                0x000000000000074c                I2C1_EV_IRQHandler
                0x000000000000074c                DMA1_Channel6_IRQHandler
                0x000000000000074c                RCC_IRQHandler
                0x000000000000074c                TIM1_TRG_COM_IRQHandler
                0x000000000000074c                DMA1_Channel5_IRQHandler
                0x000000000000074c                DMA1_Channel3_IRQHandler
                0x000000000000074c                WWDG_IRQHandler
                0x000000000000074c                TIM2_IRQHandler
                0x000000000000074c                SW_Handler
                0x000000000000074c                TIM1_BRK_IRQHandler
                0x000000000000074c                USART2_IRQHandler
                0x000000000000074c                DMA1_Channel2_IRQHandler
                0x000000000000074c                FLASH_IRQHandler
                0x000000000000074c                I2C1_ER_IRQHandler
 .text.handle_reset
                0x000000000000074e       0x8a ./SRC/Startup/startup_ch32v00X.o
                0x000000000000074e                handle_reset
 .text.ADC_DeInit
                0x00000000000007d8       0x2a ./SRC/Peripheral/src/ch32v00X_adc.o
                0x00000000000007d8                ADC_DeInit
 .text.ADC_Init
                0x0000000000000802       0x4e ./SRC/Peripheral/src/ch32v00X_adc.o
                0x0000000000000802                ADC_Init
 .text.ADC_Cmd  0x0000000000000850       0x10 ./SRC/Peripheral/src/ch32v00X_adc.o
                0x0000000000000850                ADC_Cmd
 .text.ADC_DMACmd
                0x0000000000000860       0x12 ./SRC/Peripheral/src/ch32v00X_adc.o
                0x0000000000000860                ADC_DMACmd
 .text.ADC_RegularChannelConfig
                0x0000000000000872       0x8c ./SRC/Peripheral/src/ch32v00X_adc.o
                0x0000000000000872                ADC_RegularChannelConfig
 .text.ADC_ExternalTrigConvCmd
                0x00000000000008fe       0x18 ./SRC/Peripheral/src/ch32v00X_adc.o
                0x00000000000008fe                ADC_ExternalTrigConvCmd
 .text.ADC_AutoInjectedConvCmd
                0x0000000000000916       0x12 ./SRC/Peripheral/src/ch32v00X_adc.o
                0x0000000000000916                ADC_AutoInjectedConvCmd
 .text.ADC_ExternalTrigInjectedConvConfig
                0x0000000000000928        0xe ./SRC/Peripheral/src/ch32v00X_adc.o
                0x0000000000000928                ADC_ExternalTrigInjectedConvConfig
 .text.ADC_ExternalTrigInjectedConvCmd
                0x0000000000000936       0x14 ./SRC/Peripheral/src/ch32v00X_adc.o
                0x0000000000000936                ADC_ExternalTrigInjectedConvCmd
 .text.ADC_SoftwareStartInjectedConvCmd
                0x000000000000094a       0x18 ./SRC/Peripheral/src/ch32v00X_adc.o
                0x000000000000094a                ADC_SoftwareStartInjectedConvCmd
 .text.ADC_InjectedChannelConfig
                0x0000000000000962       0x4e ./SRC/Peripheral/src/ch32v00X_adc.o
                0x0000000000000962                ADC_InjectedChannelConfig
 .text.ADC_InjectedSequencerLengthConfig
                0x00000000000009b0       0x14 ./SRC/Peripheral/src/ch32v00X_adc.o
                0x00000000000009b0                ADC_InjectedSequencerLengthConfig
 .text.ADC_GetInjectedConversionValue
                0x00000000000009c4       0x1c ./SRC/Peripheral/src/ch32v00X_adc.o
                0x00000000000009c4                ADC_GetInjectedConversionValue
 .text.ADC_GetFlagStatus
                0x00000000000009e0        0xc ./SRC/Peripheral/src/ch32v00X_adc.o
                0x00000000000009e0                ADC_GetFlagStatus
 .text.ADC_ClearFlag
                0x00000000000009ec        0x8 ./SRC/Peripheral/src/ch32v00X_adc.o
                0x00000000000009ec                ADC_ClearFlag
 .text.ADC_BufferCmd
                0x00000000000009f4       0x18 ./SRC/Peripheral/src/ch32v00X_adc.o
                0x00000000000009f4                ADC_BufferCmd
 .text.ADC_Sample_ModeConfig
                0x0000000000000a0c        0xe ./SRC/Peripheral/src/ch32v00X_adc.o
                0x0000000000000a0c                ADC_Sample_ModeConfig
 .text.DMA_DeInit
                0x0000000000000a1a       0x92 ./SRC/Peripheral/src/ch32v00X_dma.o
                0x0000000000000a1a                DMA_DeInit
 .text.DMA_Init
                0x0000000000000aac       0x38 ./SRC/Peripheral/src/ch32v00X_dma.o
                0x0000000000000aac                DMA_Init
 .text.DMA_Cmd  0x0000000000000ae4       0x14 ./SRC/Peripheral/src/ch32v00X_dma.o
                0x0000000000000ae4                DMA_Cmd
 .text.DMA_ITConfig
                0x0000000000000af8       0x14 ./SRC/Peripheral/src/ch32v00X_dma.o
                0x0000000000000af8                DMA_ITConfig
 .text.DMA_GetFlagStatus
                0x0000000000000b0c        0xe ./SRC/Peripheral/src/ch32v00X_dma.o
                0x0000000000000b0c                DMA_GetFlagStatus
 .text.DMA_ClearFlag
                0x0000000000000b1a        0x8 ./SRC/Peripheral/src/ch32v00X_dma.o
                0x0000000000000b1a                DMA_ClearFlag
 .text.DMA_GetITStatus
                0x0000000000000b22        0x2 ./SRC/Peripheral/src/ch32v00X_dma.o
                0x0000000000000b22                DMA_GetITStatus
 .text.DMA_ClearITPendingBit
                0x0000000000000b24        0x8 ./SRC/Peripheral/src/ch32v00X_dma.o
                0x0000000000000b24                DMA_ClearITPendingBit
 .text.ROM_ERASE
                0x0000000000000b2c       0xae ./SRC/Peripheral/src/ch32v00X_flash.o
 .text.FLASH_Unlock
                0x0000000000000bda       0x1a ./SRC/Peripheral/src/ch32v00X_flash.o
                0x0000000000000bda                FLASH_Unlock
 .text.FLASH_Lock
                0x0000000000000bf4        0xe ./SRC/Peripheral/src/ch32v00X_flash.o
                0x0000000000000bf4                FLASH_Lock
 .text.FLASH_Unlock_Fast
                0x0000000000000c02       0x1e ./SRC/Peripheral/src/ch32v00X_flash.o
                0x0000000000000c02                FLASH_Unlock_Fast
 .text.FLASH_ErasePage_Fast
                0x0000000000000c20       0x46 ./SRC/Peripheral/src/ch32v00X_flash.o
                0x0000000000000c20                FLASH_ErasePage_Fast
 .text.SystemReset_StartMode
                0x0000000000000c66       0x3c ./SRC/Peripheral/src/ch32v00X_flash.o
                0x0000000000000c66                SystemReset_StartMode
 .text.FLASH_ROM_ERASE
                0x0000000000000ca2      0x1bc ./SRC/Peripheral/src/ch32v00X_flash.o
                0x0000000000000ca2                FLASH_ROM_ERASE
 .text.FLASH_ROM_WRITE
                0x0000000000000e5e       0xfe ./SRC/Peripheral/src/ch32v00X_flash.o
                0x0000000000000e5e                FLASH_ROM_WRITE
 .text.GPIO_Init
                0x0000000000000f5c       0x76 ./SRC/Peripheral/src/ch32v00X_gpio.o
                0x0000000000000f5c                GPIO_Init
 .text.GPIO_ReadInputDataBit
                0x0000000000000fd2        0xc ./SRC/Peripheral/src/ch32v00X_gpio.o
                0x0000000000000fd2                GPIO_ReadInputDataBit
 .text.GPIO_SetBits
                0x0000000000000fde        0x4 ./SRC/Peripheral/src/ch32v00X_gpio.o
                0x0000000000000fde                GPIO_SetBits
 .text.GPIO_PinRemapConfig
                0x0000000000000fe2       0xa2 ./SRC/Peripheral/src/ch32v00X_gpio.o
                0x0000000000000fe2                GPIO_PinRemapConfig
 .text.GPIO_IPD_Unused
                0x0000000000001084      0x2de ./SRC/Peripheral/src/ch32v00X_gpio.o
                0x0000000000001084                GPIO_IPD_Unused
 .text.I2C_Init
                0x0000000000001362       0xde ./SRC/Peripheral/src/ch32v00X_i2c.o
                0x0000000000001362                I2C_Init
 .text.I2C_Cmd  0x0000000000001440       0x18 ./SRC/Peripheral/src/ch32v00X_i2c.o
                0x0000000000001440                I2C_Cmd
 .text.I2C_GenerateSTART
                0x0000000000001458       0x1a ./SRC/Peripheral/src/ch32v00X_i2c.o
                0x0000000000001458                I2C_GenerateSTART
 .text.I2C_GenerateSTOP
                0x0000000000001472       0x1a ./SRC/Peripheral/src/ch32v00X_i2c.o
                0x0000000000001472                I2C_GenerateSTOP
 .text.I2C_AcknowledgeConfig
                0x000000000000148c       0x1a ./SRC/Peripheral/src/ch32v00X_i2c.o
                0x000000000000148c                I2C_AcknowledgeConfig
 .text.I2C_SendData
                0x00000000000014a6        0x4 ./SRC/Peripheral/src/ch32v00X_i2c.o
                0x00000000000014a6                I2C_SendData
 .text.I2C_ReceiveData
                0x00000000000014aa        0x8 ./SRC/Peripheral/src/ch32v00X_i2c.o
                0x00000000000014aa                I2C_ReceiveData
 .text.I2C_Send7bitAddress
                0x00000000000014b2        0xe ./SRC/Peripheral/src/ch32v00X_i2c.o
                0x00000000000014b2                I2C_Send7bitAddress
 .text.I2C_SoftwareResetCmd
                0x00000000000014c0       0x12 ./SRC/Peripheral/src/ch32v00X_i2c.o
                0x00000000000014c0                I2C_SoftwareResetCmd
 .text.I2C_NACKPositionConfig
                0x00000000000014d2       0x22 ./SRC/Peripheral/src/ch32v00X_i2c.o
                0x00000000000014d2                I2C_NACKPositionConfig
 .text.I2C_CheckEvent
                0x00000000000014f4       0x16 ./SRC/Peripheral/src/ch32v00X_i2c.o
                0x00000000000014f4                I2C_CheckEvent
 .text.I2C_GetFlagStatus
                0x000000000000150a       0x32 ./SRC/Peripheral/src/ch32v00X_i2c.o
                0x000000000000150a                I2C_GetFlagStatus
 .text.IWDG_WriteAccessCmd
                0x000000000000153c        0x8 ./SRC/Peripheral/src/ch32v00X_iwdg.o
                0x000000000000153c                IWDG_WriteAccessCmd
 .text.IWDG_SetPrescaler
                0x0000000000001544        0x8 ./SRC/Peripheral/src/ch32v00X_iwdg.o
                0x0000000000001544                IWDG_SetPrescaler
 .text.IWDG_SetReload
                0x000000000000154c        0x8 ./SRC/Peripheral/src/ch32v00X_iwdg.o
                0x000000000000154c                IWDG_SetReload
 .text.IWDG_ReloadCounter
                0x0000000000001554        0xe ./SRC/Peripheral/src/ch32v00X_iwdg.o
                0x0000000000001554                IWDG_ReloadCounter
 .text.IWDG_Enable
                0x0000000000001562       0x18 ./SRC/Peripheral/src/ch32v00X_iwdg.o
                0x0000000000001562                IWDG_Enable
 .text.NVIC_PriorityGroupConfig
                0x000000000000157a        0x6 ./SRC/Peripheral/src/ch32v00X_misc.o
                0x000000000000157a                NVIC_PriorityGroupConfig
 .text.NVIC_Init
                0x0000000000001580       0x62 ./SRC/Peripheral/src/ch32v00X_misc.o
                0x0000000000001580                NVIC_Init
 .text.OPA_Unlock
                0x00000000000015e2       0x1a ./SRC/Peripheral/src/ch32v00X_opa.o
                0x00000000000015e2                OPA_Unlock
 .text.OPA_Lock
                0x00000000000015fc       0x10 ./SRC/Peripheral/src/ch32v00X_opa.o
                0x00000000000015fc                OPA_Lock
 .text.OPA_Init
                0x000000000000160c       0x98 ./SRC/Peripheral/src/ch32v00X_opa.o
                0x000000000000160c                OPA_Init
 .text.OPA_Cmd  0x00000000000016a4       0x1a ./SRC/Peripheral/src/ch32v00X_opa.o
                0x00000000000016a4                OPA_Cmd
 .text.RCC_ADCCLKConfig
                0x00000000000016be       0x16 ./SRC/Peripheral/src/ch32v00X_rcc.o
                0x00000000000016be                RCC_ADCCLKConfig
 .text.RCC_LSICmd
                0x00000000000016d4       0x14 ./SRC/Peripheral/src/ch32v00X_rcc.o
                0x00000000000016d4                RCC_LSICmd
 .text.RCC_GetClocksFreq
                0x00000000000016e8       0xa2 ./SRC/Peripheral/src/ch32v00X_rcc.o
                0x00000000000016e8                RCC_GetClocksFreq
 .text.RCC_HBPeriphClockCmd
                0x000000000000178a       0x1e ./SRC/Peripheral/src/ch32v00X_rcc.o
                0x000000000000178a                RCC_HBPeriphClockCmd
 .text.RCC_PB2PeriphClockCmd
                0x00000000000017a8       0x1e ./SRC/Peripheral/src/ch32v00X_rcc.o
                0x00000000000017a8                RCC_PB2PeriphClockCmd
 .text.RCC_PB1PeriphClockCmd
                0x00000000000017c6       0x1e ./SRC/Peripheral/src/ch32v00X_rcc.o
                0x00000000000017c6                RCC_PB1PeriphClockCmd
 .text.RCC_PB2PeriphResetCmd
                0x00000000000017e4       0x1e ./SRC/Peripheral/src/ch32v00X_rcc.o
                0x00000000000017e4                RCC_PB2PeriphResetCmd
 .text.RCC_GetFlagStatus
                0x0000000000001802       0x20 ./SRC/Peripheral/src/ch32v00X_rcc.o
                0x0000000000001802                RCC_GetFlagStatus
 .text.RCC_ClearFlag
                0x0000000000001822       0x10 ./SRC/Peripheral/src/ch32v00X_rcc.o
                0x0000000000001822                RCC_ClearFlag
 .text.SPI_Init
                0x0000000000001832       0x34 ./SRC/Peripheral/src/ch32v00X_spi.o
                0x0000000000001832                SPI_Init
 .text.SPI_Cmd  0x0000000000001866       0x1a ./SRC/Peripheral/src/ch32v00X_spi.o
                0x0000000000001866                SPI_Cmd
 .text.SPI_I2S_SendData
                0x0000000000001880        0x4 ./SRC/Peripheral/src/ch32v00X_spi.o
                0x0000000000001880                SPI_I2S_SendData
 .text.SPI_I2S_GetFlagStatus
                0x0000000000001884        0xa ./SRC/Peripheral/src/ch32v00X_spi.o
                0x0000000000001884                SPI_I2S_GetFlagStatus
 .text.TI1_Config
                0x000000000000188e       0x56 ./SRC/Peripheral/src/ch32v00X_tim.o
 .text.TI2_Config
                0x00000000000018e4       0x66 ./SRC/Peripheral/src/ch32v00X_tim.o
 .text.TIM_TimeBaseInit
                0x000000000000194a       0x6c ./SRC/Peripheral/src/ch32v00X_tim.o
                0x000000000000194a                TIM_TimeBaseInit
 .text.TIM_OC1Init
                0x00000000000019b6       0xa8 ./SRC/Peripheral/src/ch32v00X_tim.o
                0x00000000000019b6                TIM_OC1Init
 .text.TIM_OC2Init
                0x0000000000001a5e       0xd8 ./SRC/Peripheral/src/ch32v00X_tim.o
                0x0000000000001a5e                TIM_OC2Init
 .text.TIM_OC4Init
                0x0000000000001b36       0x68 ./SRC/Peripheral/src/ch32v00X_tim.o
                0x0000000000001b36                TIM_OC4Init
 .text.TIM_OCStructInit
                0x0000000000001b9e       0x22 ./SRC/Peripheral/src/ch32v00X_tim.o
                0x0000000000001b9e                TIM_OCStructInit
 .text.TIM_ICStructInit
                0x0000000000001bc0       0x16 ./SRC/Peripheral/src/ch32v00X_tim.o
                0x0000000000001bc0                TIM_ICStructInit
 .text.TIM_Cmd  0x0000000000001bd6       0x56 ./SRC/Peripheral/src/ch32v00X_tim.o
                0x0000000000001bd6                TIM_Cmd
 .text.TIM_CtrlPWMOutputs
                0x0000000000001c2c       0x16 ./SRC/Peripheral/src/ch32v00X_tim.o
                0x0000000000001c2c                TIM_CtrlPWMOutputs
 .text.TIM_ITConfig
                0x0000000000001c42       0x12 ./SRC/Peripheral/src/ch32v00X_tim.o
                0x0000000000001c42                TIM_ITConfig
 .text.TIM_SelectInputTrigger
                0x0000000000001c54       0x10 ./SRC/Peripheral/src/ch32v00X_tim.o
                0x0000000000001c54                TIM_SelectInputTrigger
 .text.TIM_ARRPreloadConfig
                0x0000000000001c64       0x58 ./SRC/Peripheral/src/ch32v00X_tim.o
                0x0000000000001c64                TIM_ARRPreloadConfig
 .text.TIM_OC1PreloadConfig
                0x0000000000001cbc       0x3e ./SRC/Peripheral/src/ch32v00X_tim.o
                0x0000000000001cbc                TIM_OC1PreloadConfig
 .text.TIM_OC2PreloadConfig
                0x0000000000001cfa       0x46 ./SRC/Peripheral/src/ch32v00X_tim.o
                0x0000000000001cfa                TIM_OC2PreloadConfig
 .text.TIM_OC4PreloadConfig
                0x0000000000001d40       0x46 ./SRC/Peripheral/src/ch32v00X_tim.o
                0x0000000000001d40                TIM_OC4PreloadConfig
 .text.TIM_OC2PolarityConfig
                0x0000000000001d86       0x16 ./SRC/Peripheral/src/ch32v00X_tim.o
                0x0000000000001d86                TIM_OC2PolarityConfig
 .text.TIM_CCxCmd
                0x0000000000001d9c       0x20 ./SRC/Peripheral/src/ch32v00X_tim.o
                0x0000000000001d9c                TIM_CCxCmd
 .text.TIM_SelectOutputTrigger
                0x0000000000001dbc       0x18 ./SRC/Peripheral/src/ch32v00X_tim.o
                0x0000000000001dbc                TIM_SelectOutputTrigger
 .text.TIM_SelectSlaveMode
                0x0000000000001dd4       0x54 ./SRC/Peripheral/src/ch32v00X_tim.o
                0x0000000000001dd4                TIM_SelectSlaveMode
 .text.TIM_SetCompare1
                0x0000000000001e28       0x28 ./SRC/Peripheral/src/ch32v00X_tim.o
                0x0000000000001e28                TIM_SetCompare1
 .text.TIM_SetCompare2
                0x0000000000001e50       0x28 ./SRC/Peripheral/src/ch32v00X_tim.o
                0x0000000000001e50                TIM_SetCompare2
 .text.TIM_SetCompare4
                0x0000000000001e78       0x28 ./SRC/Peripheral/src/ch32v00X_tim.o
                0x0000000000001e78                TIM_SetCompare4
 .text.TIM_SetIC1Prescaler
                0x0000000000001ea0       0x16 ./SRC/Peripheral/src/ch32v00X_tim.o
                0x0000000000001ea0                TIM_SetIC1Prescaler
 .text.TIM_SetIC2Prescaler
                0x0000000000001eb6       0x1a ./SRC/Peripheral/src/ch32v00X_tim.o
                0x0000000000001eb6                TIM_SetIC2Prescaler
 .text.TIM_SetIC3Prescaler
                0x0000000000001ed0       0x16 ./SRC/Peripheral/src/ch32v00X_tim.o
                0x0000000000001ed0                TIM_SetIC3Prescaler
 .text.TIM_SetIC4Prescaler
                0x0000000000001ee6       0x1a ./SRC/Peripheral/src/ch32v00X_tim.o
                0x0000000000001ee6                TIM_SetIC4Prescaler
 .text.TIM_ICInit
                0x0000000000001f00      0x10a ./SRC/Peripheral/src/ch32v00X_tim.o
                0x0000000000001f00                TIM_ICInit
 .text.TIM_GetCapture2
                0x000000000000200a       0x30 ./SRC/Peripheral/src/ch32v00X_tim.o
                0x000000000000200a                TIM_GetCapture2
 .text.TIM_ClearFlag
                0x000000000000203a        0xc ./SRC/Peripheral/src/ch32v00X_tim.o
                0x000000000000203a                TIM_ClearFlag
 .text.TIM_GetITStatus
                0x0000000000002046       0x18 ./SRC/Peripheral/src/ch32v00X_tim.o
                0x0000000000002046                TIM_GetITStatus
 .text.TIM_ClearITPendingBit
                0x000000000000205e        0xc ./SRC/Peripheral/src/ch32v00X_tim.o
                0x000000000000205e                TIM_ClearITPendingBit
 .text.USART_Init
                0x000000000000206a       0x9c ./SRC/Peripheral/src/ch32v00X_usart.o
                0x000000000000206a                USART_Init
 .text.USART_Cmd
                0x0000000000002106       0x14 ./SRC/Peripheral/src/ch32v00X_usart.o
                0x0000000000002106                USART_Cmd
 .text.USART_ITConfig
                0x000000000000211a       0x38 ./SRC/Peripheral/src/ch32v00X_usart.o
                0x000000000000211a                USART_ITConfig
 .text.USART_SendData
                0x0000000000002152        0x8 ./SRC/Peripheral/src/ch32v00X_usart.o
                0x0000000000002152                USART_SendData
 .text.USART_ReceiveData
                0x000000000000215a        0x8 ./SRC/Peripheral/src/ch32v00X_usart.o
                0x000000000000215a                USART_ReceiveData
 .text.USART_HalfDuplexCmd
                0x0000000000002162       0x18 ./SRC/Peripheral/src/ch32v00X_usart.o
                0x0000000000002162                USART_HalfDuplexCmd
 .text.USART_GetFlagStatus
                0x000000000000217a        0xa ./SRC/Peripheral/src/ch32v00X_usart.o
                0x000000000000217a                USART_GetFlagStatus
 .text.USART_GetITStatus
                0x0000000000002184       0x3c ./SRC/Peripheral/src/ch32v00X_usart.o
                0x0000000000002184                USART_GetITStatus
 .text.Delay_Init
                0x00000000000021c0       0x30 ./SRC/Debug/debug.o
                0x00000000000021c0                Delay_Init
 .text.Delay_Us
                0x00000000000021f0       0x2e ./SRC/Debug/debug.o
                0x00000000000021f0                Delay_Us
 .text.Delay_Ms
                0x000000000000221e       0x2e ./SRC/Debug/debug.o
                0x000000000000221e                Delay_Ms
 .text.__get_MSTATUS
                0x000000000000224c        0x6 ./SRC/Core/core_riscv.o
                0x000000000000224c                __get_MSTATUS
 .text.__set_MSTATUS
                0x0000000000002252        0x6 ./SRC/Core/core_riscv.o
                0x0000000000002252                __set_MSTATUS
 .text.ADC_Block_Sum
                0x0000000000002258       0x28 ./Drivers/D_adc.o
 .text.D_ADC_DMA_Init
                0x0000000000002280      0x20c ./Drivers/D_adc.o
                0x0000000000002280                D_ADC_DMA_Init
 .text.D_ADC_DMA_ISR
                0x000000000000248c       0xd2 ./Drivers/D_adc.o
                0x000000000000248c                D_ADC_DMA_ISR
 .text.D_ADC_Current_Window_Set
                0x000000000000255e        0xa ./Drivers/D_adc.o
                0x000000000000255e                D_ADC_Current_Window_Set
 .text.D_ADC_Current_Read
                0x0000000000002568       0x70 ./Drivers/D_adc.o
                0x0000000000002568                D_ADC_Current_Read
 .text.D_ADC_Encoder_Read
                0x00000000000025d8       0x3e ./Drivers/D_adc.o
                0x00000000000025d8                D_ADC_Encoder_Read
 .text.D_ADC_Voltage_Read
                0x0000000000002616       0x76 ./Drivers/D_adc.o
                0x0000000000002616                D_ADC_Voltage_Read
 .text.I2C_BusDelay
                0x000000000000268c       0x1c ./Drivers/D_i2c.o
 .text.I2C_ConfigPins
                0x00000000000026a8       0x2a ./Drivers/D_i2c.o
 .text.I2C_WaitStar1.constprop.0
                0x00000000000026d2       0x2a ./Drivers/D_i2c.o
 .text.I2C_ApplyConfig.constprop.0
                0x00000000000026fc       0x4c ./Drivers/D_i2c.o
 .text.I2C_SoftReset.constprop.0
                0x0000000000002748       0x7e ./Drivers/D_i2c.o
 .text.D_Bus_I2C_Init
                0x00000000000027c6       0x46 ./Drivers/D_i2c.o
                0x00000000000027c6                D_Bus_I2C_Init
 .text.D_I2C_Write
                0x000000000000280c      0x166 ./Drivers/D_i2c.o
                0x000000000000280c                D_I2C_Write
 .text.D_I2C_Read
                0x0000000000002972      0x29c ./Drivers/D_i2c.o
                0x0000000000002972                D_I2C_Read
 .text.D_IWDG_Init
                0x0000000000002c0e       0x44 ./Drivers/D_iwdg.o
                0x0000000000002c0e                D_IWDG_Init
 .text.D_IWDG_Feed
                0x0000000000002c52        0x4 ./Drivers/D_iwdg.o
                0x0000000000002c52                D_IWDG_Feed
 .text.D_Motor_Set
                0x0000000000002c56       0xee ./Drivers/D_motor.o
                0x0000000000002c56                D_Motor_Set
 .text.D_Motor_Release
                0x0000000000002d44       0x56 ./Drivers/D_motor.o
                0x0000000000002d44                D_Motor_Release
 .text.D_MT6701_Init
                0x0000000000002d9a       0x18 ./Drivers/D_mt6701.o
                0x0000000000002d9a                D_MT6701_Init
 .text.D_OPA1_Init
                0x0000000000002db2       0x64 ./Drivers/D_opa.o
                0x0000000000002db2                D_OPA1_Init
 .text.SPI1_Recover
                0x0000000000002e16       0x1c ./Drivers/D_spi.o
 .text.D_SPI1_Init
                0x0000000000002e32       0x7a ./Drivers/D_spi.o
                0x0000000000002e32                D_SPI1_Init
 .text.D_SPI1_Send_Buf
                0x0000000000002eac       0x5e ./Drivers/D_spi.o
                0x0000000000002eac                D_SPI1_Send_Buf
 .text.PWM_ResetCaptureState
                0x0000000000002f0a       0x1e ./Drivers/D_tim.o
 .text.D_TIM2_PWM_Init
                0x0000000000002f28       0xfa ./Drivers/D_tim.o
                0x0000000000002f28                D_TIM2_PWM_Init
 .text.D_TIM2_ADC_Trigger_Set
                0x0000000000003022       0x54 ./Drivers/D_tim.o
                0x0000000000003022                D_TIM2_ADC_Trigger_Set
 .text.D_TIM1_PWM_IC_Init
                0x0000000000003076      0x146 ./Drivers/D_tim.o
                0x0000000000003076                D_TIM1_PWM_IC_Init
 .text.D_PWM_Read
                0x00000000000031bc       0x2a ./Drivers/D_tim.o
                0x00000000000031bc                D_PWM_Read
 .text.D_PWM_Input_Enable
                0x00000000000031e6       0xc4 ./Drivers/D_tim.o
                0x00000000000031e6                D_PWM_Input_Enable
 .text.D_TIM1_CC_ISR
                0x00000000000032aa      0x110 ./Drivers/D_tim.o
                0x00000000000032aa                D_TIM1_CC_ISR
 .text.D_TIM1_UP_ISR
                0x00000000000033ba       0x44 ./Drivers/D_tim.o
                0x00000000000033ba                D_TIM1_UP_ISR
 .text.D_TMP112_Init
                0x00000000000033fe       0x36 ./Drivers/D_tmp112.o
                0x00000000000033fe                D_TMP112_Init
 .text.D_TMP112_Read_Temp
                0x0000000000003434       0x44 ./Drivers/D_tmp112.o
                0x0000000000003434                D_TMP112_Read_Temp
 .text.Uart_ApplyParams
                0x0000000000003478       0x44 ./Drivers/D_uart.o
 .text.Uart_TxDone
                0x00000000000034bc       0x38 ./Drivers/D_uart.o
 .text.D_USART1_Cfg
                0x00000000000034f4       0x88 ./Drivers/D_uart.o
                0x00000000000034f4                D_USART1_Cfg
 .text.D_UART_Enable
                0x000000000000357c       0xba ./Drivers/D_uart.o
                0x000000000000357c                D_UART_Enable
 .text.D_UART1_Rx_Get
                0x0000000000003636        0xa ./Drivers/D_uart.o
                0x0000000000003636                D_UART1_Rx_Get
 .text.D_UART1_Tx_Write
                0x0000000000003640       0xba ./Drivers/D_uart.o
                0x0000000000003640                D_UART1_Tx_Write
 .text.D_UART_SetBaud_Deferred
                0x00000000000036fa        0x6 ./Drivers/D_uart.o
                0x00000000000036fa                D_UART_SetBaud_Deferred
 .text.D_UART_Service
                0x0000000000003700       0x2a ./Drivers/D_uart.o
                0x0000000000003700                D_UART_Service
 .text.D_UART1_ISR
                0x000000000000372a       0xb0 ./Drivers/D_uart.o
                0x000000000000372a                D_UART1_ISR
 .text.WS2812_Encode
                0x00000000000037da       0x2a ./Drivers/D_ws2812.o
 .text.D_WS2812_Send
                0x0000000000003804       0x40 ./Drivers/D_ws2812.o
                0x0000000000003804                D_WS2812_Send
 .text.D_WS2812_Off
                0x0000000000003844        0xa ./Drivers/D_ws2812.o
                0x0000000000003844                D_WS2812_Off
 .text.D_WS2812_Init
                0x000000000000384e        0x4 ./Drivers/D_ws2812.o
                0x000000000000384e                D_WS2812_Init
 .text.C_PosCtrl_Reset
                0x0000000000003852       0x1e ./Common/C_Pos_Ctrl.o
                0x0000000000003852                C_PosCtrl_Reset
 .text.C_PosCtrl_Init
                0x0000000000003870       0x16 ./Common/C_Pos_Ctrl.o
                0x0000000000003870                C_PosCtrl_Init
 .text.C_PosCtrl_Set_Output_Limit
                0x0000000000003886       0x1c ./Common/C_Pos_Ctrl.o
                0x0000000000003886                C_PosCtrl_Set_Output_Limit
 .text.C_PosCtrl_Update
                0x00000000000038a2      0x582 ./Common/C_Pos_Ctrl.o
                0x00000000000038a2                C_PosCtrl_Update
 .text.C_Ring_Buf_Init
                0x0000000000003e24        0xc ./Common/C_Ring_Buf.o
                0x0000000000003e24                C_Ring_Buf_Init
 .text.C_Ring_Buf_Put
                0x0000000000003e30       0x2c ./Common/C_Ring_Buf.o
                0x0000000000003e30                C_Ring_Buf_Put
 .text.C_Ring_Buf_Get
                0x0000000000003e5c       0x32 ./Common/C_Ring_Buf.o
                0x0000000000003e5c                C_Ring_Buf_Get
 .text.C_Ring_Buf_Get_Count
                0x0000000000003e8e       0x34 ./Common/C_Ring_Buf.o
                0x0000000000003e8e                C_Ring_Buf_Get_Count
 .text.C_SpeedObs_Init
                0x0000000000003ec2       0x3e ./Common/C_Speed_Observer.o
                0x0000000000003ec2                C_SpeedObs_Init
 .text.C_SpeedObs_Update
                0x0000000000003f00      0x198 ./Common/C_Speed_Observer.o
                0x0000000000003f00                C_SpeedObs_Update
 .text.C_Task_Init
                0x0000000000004098       0x2e ./Common/C_Task_Scheduler.o
                0x0000000000004098                C_Task_Init
 .text.C_Task_Tick_Update
                0x00000000000040c6       0x50 ./Common/C_Task_Scheduler.o
                0x00000000000040c6                C_Task_Tick_Update
 .text.C_Task_Run
                0x0000000000004116       0x8e ./Common/C_Task_Scheduler.o
                0x0000000000004116                C_Task_Run
 .text.C_Task_EventFlag
                0x00000000000041a4       0x2c ./Common/C_Task_Scheduler.o
                0x00000000000041a4                C_Task_EventFlag
 .text.Traj_Sqrt_Ceil
                0x00000000000041d0       0x2c ./Common/C_Traj_Planner.o
 .text.Traj_Div_U64
                0x00000000000041fc       0x68 ./Common/C_Traj_Planner.o
 .text.Traj_Acc_Coef
                0x0000000000004264       0x76 ./Common/C_Traj_Planner.o
 .text.Traj_Emit
                0x00000000000042da       0x3e ./Common/C_Traj_Planner.o
 .text.Traj_SCurve
                0x0000000000004318      0x16c ./Common/C_Traj_Planner.o
 .text.Traj_TblLerp
                0x0000000000004484       0x6e ./Common/C_Traj_Planner.o
 .text.C_Traj_Init
                0x00000000000044f2      0x13c ./Common/C_Traj_Planner.o
                0x00000000000044f2                C_Traj_Init
 .text.C_Traj_Set_Range
                0x000000000000462e       0x4a ./Common/C_Traj_Planner.o
                0x000000000000462e                C_Traj_Set_Range
 .text.C_Traj_Hold
                0x0000000000004678       0x50 ./Common/C_Traj_Planner.o
                0x0000000000004678                C_Traj_Hold
 .text.C_Traj_Plan
                0x00000000000046c8      0x822 ./Common/C_Traj_Planner.o
                0x00000000000046c8                C_Traj_Plan
 .text.C_Traj_Step
                0x0000000000004eea      0x17e ./Common/C_Traj_Planner.o
                0x0000000000004eea                C_Traj_Step
 .text.C_Traj_Is_Done
                0x0000000000005068       0x16 ./Common/C_Traj_Planner.o
                0x0000000000005068                C_Traj_Is_Done
 .text.C_Traj_Get_Ticks
                0x000000000000507e       0x14 ./Common/C_Traj_Planner.o
                0x000000000000507e                C_Traj_Get_Ticks
 .text.A_Config_MarkDirty
                0x0000000000005092       0x10 ./Application/A_Config.o
                0x0000000000005092                A_Config_MarkDirty
 .text.A_Config_Default
                0x00000000000050a2       0x40 ./Application/A_Config.o
                0x00000000000050a2                A_Config_Default
 .text.A_Config_BindSaveEvent
                0x00000000000050e2       0x12 ./Application/A_Config.o
                0x00000000000050e2                A_Config_BindSaveEvent
 .text.A_Config_SaveTask
                0x00000000000050f4       0x2e ./Application/A_Config.o
                0x00000000000050f4                A_Config_SaveTask
 .text.A_Config_Init
                0x0000000000005122      0x114 ./Application/A_Config.o
                0x0000000000005122                A_Config_Init
 .text.A_Config_Baudrate
                0x0000000000005236       0x22 ./Application/A_Config.o
                0x0000000000005236                A_Config_Baudrate
 .text.Protect_ApplyTorqueSetting
                0x0000000000005258       0x66 ./Application/A_Protect.o
 .text.A_Protect_SetTorque
                0x00000000000052be       0x22 ./Application/A_Protect.o
                0x00000000000052be                A_Protect_SetTorque
 .text.A_Protect_GetTorque
                0x00000000000052e0        0x6 ./Application/A_Protect.o
                0x00000000000052e0                A_Protect_GetTorque
 .text.A_Protect_Fault
                0x00000000000052e6        0x6 ./Application/A_Protect.o
                0x00000000000052e6                A_Protect_Fault
 .text.A_Protect_GetCurrent
                0x00000000000052ec        0x6 ./Application/A_Protect.o
                0x00000000000052ec                A_Protect_GetCurrent
 .text.A_Protect_Init
                0x00000000000052f2       0x18 ./Application/A_Protect.o
                0x00000000000052f2                A_Protect_Init
 .text.A_Protect_Task
                0x000000000000530a      0x1d6 ./Application/A_Protect.o
                0x000000000000530a                A_Protect_Task
 .text.A_Encoder_Read
                0x00000000000054e0       0x8a ./Application/A_Sensor.o
                0x00000000000054e0                A_Encoder_Read
 .text.A_Voltage_Read
                0x000000000000556a       0x24 ./Application/A_Sensor.o
                0x000000000000556a                A_Voltage_Read
 .text.A_Temperature_Read
                0x000000000000558e        0x4 ./Application/A_Sensor.o
                0x000000000000558e                A_Temperature_Read
 .text.A_Current_Read
                0x0000000000005592       0x3e ./Application/A_Sensor.o
                0x0000000000005592                A_Current_Read
 .text.Servo_IsPosition
                0x00000000000055d0       0x14 ./Application/A_Servo.o
 .text.Servo_NominalSpan
                0x00000000000055e4       0x28 ./Application/A_Servo.o
 .text.Servo_StoredOffset
                0x000000000000560c       0x28 ./Application/A_Servo.o
 .text.Servo_DeriveCal
                0x0000000000005634       0x62 ./Application/A_Servo.o
 .text.Servo_SetModeFields
                0x0000000000005696       0x98 ./Application/A_Servo.o
 .text.Servo_EscapeStart
                0x000000000000572e       0x1c ./Application/A_Servo.o
 .text.Servo_PositionToPwm
                0x000000000000574a       0x42 ./Application/A_Servo.o
 .text.Servo_ResyncLoops
                0x000000000000578c       0x40 ./Application/A_Servo.o
 .text.Servo_SetTrajRange
                0x00000000000057cc       0x46 ./Application/A_Servo.o
 .text.Servo_ReadPosition
                0x0000000000005812       0x44 ./Application/A_Servo.o
 .text.Servo_ApplyTorqueOutput
                0x0000000000005856       0x2c ./Application/A_Servo.o
 .text.A_Servo_SetOutputLimit
                0x0000000000005882       0x28 ./Application/A_Servo.o
                0x0000000000005882                A_Servo_SetOutputLimit
 .text.A_Servo_TorqueOn
                0x00000000000058aa        0xa ./Application/A_Servo.o
                0x00000000000058aa                A_Servo_TorqueOn
 .text.A_Servo_SampleMotion
                0x00000000000058b4       0x6e ./Application/A_Servo.o
                0x00000000000058b4                A_Servo_SampleMotion
 .text.A_Servo_ApplyConfig
                0x0000000000005922       0x60 ./Application/A_Servo.o
                0x0000000000005922                A_Servo_ApplyConfig
 .text.A_Servo_SubmitTurns
                0x0000000000005982        0x2 ./Application/A_Servo.o
                0x0000000000005982                A_Servo_SubmitTurns
 .text.A_Servo_Pause
                0x0000000000005984       0x50 ./Application/A_Servo.o
                0x0000000000005984                A_Servo_Pause
 .text.A_Servo_Resume
                0x00000000000059d4       0x70 ./Application/A_Servo.o
                0x00000000000059d4                A_Servo_Resume
 .text.A_Servo_Stop
                0x0000000000005a44       0x42 ./Application/A_Servo.o
                0x0000000000005a44                A_Servo_Stop
 .text.A_Servo_HoldHere
                0x0000000000005a86       0x18 ./Application/A_Servo.o
                0x0000000000005a86                A_Servo_HoldHere
 .text.Servo_Calibrate
                0x0000000000005a9e       0x8a ./Application/A_Servo.o
 .text.A_Servo_Release
                0x0000000000005b28        0xe ./Application/A_Servo.o
                0x0000000000005b28                A_Servo_Release
 .text.A_Servo_RestoreTorque
                0x0000000000005b36       0x3a ./Application/A_Servo.o
                0x0000000000005b36                A_Servo_RestoreTorque
 .text.Servo_SubmitQ3
                0x0000000000005b70      0x25c ./Application/A_Servo.o
 .text.A_Servo_Submit
                0x0000000000005dcc       0x1c ./Application/A_Servo.o
                0x0000000000005dcc                A_Servo_Submit
 .text.Servo_ApplyBootAction
                0x0000000000005de8       0x6e ./Application/A_Servo.o
 .text.A_Servo_Init
                0x0000000000005e56      0x114 ./Application/A_Servo.o
                0x0000000000005e56                A_Servo_Init
 .text.A_Servo_SetMode
                0x0000000000005f6a       0x44 ./Application/A_Servo.o
                0x0000000000005f6a                A_Servo_SetMode
 .text.A_Servo_GetPositionPwm
                0x0000000000005fae       0x16 ./Application/A_Servo.o
                0x0000000000005fae                A_Servo_GetPositionPwm
 .text.A_Servo_CalibrateMid
                0x0000000000005fc4        0x6 ./Application/A_Servo.o
                0x0000000000005fc4                A_Servo_CalibrateMid
 .text.A_Servo_CalibrateZero
                0x0000000000005fca        0x6 ./Application/A_Servo.o
                0x0000000000005fca                A_Servo_CalibrateZero
 .text.A_Servo_SetTravelEnd
                0x0000000000005fd0       0xde ./Application/A_Servo.o
                0x0000000000005fd0                A_Servo_SetTravelEnd
 .text.A_Servo_SetPulseLimit
                0x00000000000060ae       0x42 ./Application/A_Servo.o
                0x00000000000060ae                A_Servo_SetPulseLimit
 .text.A_Servo_SaveStartup
                0x00000000000060f0       0x26 ./Application/A_Servo.o
                0x00000000000060f0                A_Servo_SaveStartup
 .text.A_Servo_Control
                0x0000000000006116      0x36a ./Application/A_Servo.o
                0x0000000000006116                A_Servo_Control
 .text.Task_State
                0x0000000000006480       0x34 ./Application/A_Tasks.o
 .text.Task_Protect
                0x00000000000064b4        0x4 ./Application/A_Tasks.o
 .text.Task_Uart
                0x00000000000064b8        0xe ./Application/A_Tasks.o
 .text.Task_ServoControl
                0x00000000000064c6        0x4 ./Application/A_Tasks.o
 .text.A_Tasks_Init
                0x00000000000064ca       0x24 ./Application/A_Tasks.o
                0x00000000000064ca                A_Tasks_Init
 .text.Reply_Begin
                0x00000000000064ee       0x58 ./Application/A_UartCmd.o
 .text.Reply_Char
                0x0000000000006546       0x1e ./Application/A_UartCmd.o
 .text.Reply_Text
                0x0000000000006564       0x28 ./Application/A_UartCmd.o
 .text.Reply_UInt
                0x000000000000658c       0x98 ./Application/A_UartCmd.o
 .text.Uart_BodyIs
                0x0000000000006624       0x32 ./Application/A_UartCmd.o
 .text.Reply_Send
                0x0000000000006656       0x20 ./Application/A_UartCmd.o
 .text.Reply_Value
                0x0000000000006676       0x28 ./Application/A_UartCmd.o
 .text.Reply_OK
                0x000000000000669e       0x1a ./Application/A_UartCmd.o
 .text.Uart_ParseDigits.part.0
                0x00000000000066b8       0x40 ./Application/A_UartCmd.o
 .text.A_Uart_Process
                0x00000000000066f8      0x71c ./Application/A_UartCmd.o
                0x00000000000066f8                A_Uart_Process
 .text.__divdi3
                0x0000000000006e14      0x4cc d:/software/mounriver/mounriver_studio2/resources/app/resources/win32/components/wch/toolchain/risc-v embedded gcc12/bin/../lib/gcc/riscv-wch-elf/12.2.0/rv32ec_zmmul_xw/ilp32e\libgcc.a(_divdi3.o)
                0x0000000000006e14                __divdi3
 .text.memcmp   0x00000000000072e0       0x24 d:/software/mounriver/mounriver_studio2/resources/app/resources/win32/components/wch/toolchain/risc-v embedded gcc12/bin/../lib/gcc/riscv-wch-elf/12.2.0/../../../../riscv-wch-elf/lib/rv32ec_zmmul_xw/ilp32e\libg_nano.a(lib_a-memcmp.o)
                0x00000000000072e0                memcmp
 .text.strlen   0x0000000000007304       0x10 d:/software/mounriver/mounriver_studio2/resources/app/resources/win32/components/wch/toolchain/risc-v embedded gcc12/bin/../lib/gcc/riscv-wch-elf/12.2.0/../../../../riscv-wch-elf/lib/rv32ec_zmmul_xw/ilp32e\libg_nano.a(lib_a-strlen.o)
                0x0000000000007304                strlen
 *(.rodata)
 *(.rodata*)
 *fill*         0x0000000000007314        0x0 
 .rodata.IAP_Rx_Deal
                0x0000000000007314       0x28 ./System/iap.o
 .rodata.TRAJ_G_Q15
                0x000000000000733c       0x30 ./Common/C_Traj_Planner.o
 .rodata.TRAJ_H_Q12
                0x000000000000736c       0x30 ./Common/C_Traj_Planner.o
 .rodata.TRAJ_F_Q15
                0x000000000000739c       0x30 ./Common/C_Traj_Planner.o
 .rodata.baud.0
                0x00000000000073cc       0x20 ./Application/A_Config.o
 .rodata.span.0
                0x00000000000073ec        0x6 ./Application/A_Servo.o
 *fill*         0x00000000000073f2        0x2 
 .rodata.Reply_OK.str1.4
                0x00000000000073f4        0x3 ./Application/A_UartCmd.o
 *fill*         0x00000000000073f7        0x1 
 .rodata.A_Uart_Process.str1.4
                0x00000000000073f8       0x87 ./Application/A_UartCmd.o
                                         0x8b (size before relaxing)
 *fill*         0x000000000000747f        0x1 
 .rodata.A_Uart_Process
                0x0000000000007480       0x7c ./Application/A_UartCmd.o
 .rodata.__clz_tab
                0x00000000000074fc      0x100 d:/software/mounriver/mounriver_studio2/resources/app/resources/win32/components/wch/toolchain/risc-v embedded gcc12/bin/../lib/gcc/riscv-wch-elf/12.2.0/rv32ec_zmmul_xw/ilp32e\libgcc.a(_clz.o)
                0x00000000000074fc                __clz_tab
 *(.gnu.linkonce.t.*)
                0x00000000000075fc                . = ALIGN (0x4)

.rela.dyn       0x00000000000075fc        0x0
 .rela.init     0x00000000000075fc        0x0 ./User/ch32v00X_it.o
 .rela.text.handle_reset
                0x00000000000075fc        0x0 ./User/ch32v00X_it.o

.fini           0x00000000000075fc        0x0
 *(SORT_NONE(.fini))
                0x00000000000075fc                . = ALIGN (0x4)
                [!provide]                        PROVIDE (_etext = .)
                [!provide]                        PROVIDE (_eitcm = .)

.preinit_array  0x00000000000075fc        0x0
                [!provide]                        PROVIDE (__preinit_array_start = .)
 *(.preinit_array)
                [!provide]                        PROVIDE (__preinit_array_end = .)

.init_array     0x00000000000075fc        0x0
                [!provide]                        PROVIDE (__init_array_start = .)
 *(SORT_BY_INIT_PRIORITY(.init_array.*) SORT_BY_INIT_PRIORITY(.ctors.*))
 *(.init_array EXCLUDE_FILE(*crtend?.o *crtend.o *crtbegin?.o *crtbegin.o) .ctors)
                [!provide]                        PROVIDE (__init_array_end = .)

.fini_array     0x00000000000075fc        0x0
                [!provide]                        PROVIDE (__fini_array_start = .)
 *(SORT_BY_INIT_PRIORITY(.fini_array.*) SORT_BY_INIT_PRIORITY(.dtors.*))
 *(.fini_array EXCLUDE_FILE(*crtend?.o *crtend.o *crtbegin?.o *crtbegin.o) .dtors)
                [!provide]                        PROVIDE (__fini_array_end = .)

.ctors
 *crtbegin.o(.ctors)
 *crtbegin?.o(.ctors)
 *(EXCLUDE_FILE(*crtend?.o *crtend.o) .ctors)
 *(SORT_BY_NAME(.ctors.*))
 *(.ctors)

.dtors
 *crtbegin.o(.dtors)
 *crtbegin?.o(.dtors)
 *(EXCLUDE_FILE(*crtend?.o *crtend.o) .dtors)
 *(SORT_BY_NAME(.dtors.*))
 *(.dtors)

.dalign         0x0000000020000000        0x0 load address 0x00000000000075fc
                0x0000000020000000                . = ALIGN (0x4)
                0x0000000020000000                PROVIDE (_data_vma = .)

.dlalign        0x00000000000075fc        0x0
                0x00000000000075fc                . = ALIGN (0x4)
                0x00000000000075fc                PROVIDE (_data_lma = .)

.data           0x0000000020000000       0x90 load address 0x00000000000075fc
                0x0000000020000000                . = ALIGN (0x4)
 *(.gnu.linkonce.r.*)
 *(.data .data.*)
 .data.HBPrescTable
                0x0000000020000000       0x10 ./System/system_ch32v00X.o
                0x0000000020000000                HBPrescTable
 .data.SystemCoreClock
                0x0000000020000010        0x4 ./System/system_ch32v00X.o
                0x0000000020000010                SystemCoreClock
 .data.ADCPrescTable
                0x0000000020000014       0x14 ./SRC/Peripheral/src/ch32v00X_rcc.o
 .data.PBHBPrescTable
                0x0000000020000028       0x10 ./SRC/Peripheral/src/ch32v00X_rcc.o
 .data.s_motor_pwm
                0x0000000020000038        0x2 ./Drivers/D_motor.o
 *fill*         0x000000002000003a        0x2 
 .data.s_tasks  0x000000002000003c       0x50 ./Application/A_Tasks.o
 *(.gnu.linkonce.d.*)
                0x0000000020000090                . = ALIGN (0x8)
 *fill*         0x000000002000008c        0x4 
                0x0000000020000890                PROVIDE (__global_pointer$ = (. + 0x800))
 *(.sdata .sdata.*)
 *(.sdata2*)
 *(.gnu.linkonce.s.*)
                0x0000000020000090                . = ALIGN (0x8)
 *(.srodata.cst16)
 *(.srodata.cst8)
 *(.srodata.cst4)
 *(.srodata.cst2)
 *(.srodata .srodata.*)
                0x0000000020000090                . = ALIGN (0x4)
                0x0000000020000090                PROVIDE (_edata = .)

.bss            0x0000000020000090      0x400 load address 0x000000000000768c
                0x0000000020000090                . = ALIGN (0x4)
                0x0000000020000090                PROVIDE (_sbss = .)
 *(.sbss*)
 *(.gnu.linkonce.sb.*)
 *(.bss*)
 .bss.tick_cnt.0
                0x0000000020000090        0x1 ./User/ch32v00X_it.o
 *fill*         0x0000000020000091        0x1 
 .bss.rx_cksum  0x0000000020000092        0x2 ./System/iap.o
 .bss.rx_idx    0x0000000020000094        0x1 ./System/iap.o
 .bss.rx_state  0x0000000020000095        0x1 ./System/iap.o
 *fill*         0x0000000020000096        0x2 
 .bss.EP2_Rx_Buffer
                0x0000000020000098       0x44 ./System/iap.o
                0x0000000020000098                EP2_Rx_Buffer
 .bss.NVIC_Priority_Group
                0x00000000200000dc        0x4 ./SRC/Peripheral/src/ch32v00X_misc.o
                0x00000000200000dc                NVIC_Priority_Group
 .bss.p_ms      0x00000000200000e0        0x2 ./SRC/Debug/debug.o
 .bss.p_us      0x00000000200000e2        0x1 ./SRC/Debug/debug.o
 .bss.s_encoder_valid
                0x00000000200000e3        0x1 ./Drivers/D_adc.o
 .bss.s_encoder_q4
                0x00000000200000e4        0x2 ./Drivers/D_adc.o
 *fill*         0x00000000200000e6        0x2 
 .bss.s_encoder_half_sum
                0x00000000200000e8        0x4 ./Drivers/D_adc.o
 .bss.s_current_seq
                0x00000000200000ec        0x2 ./Drivers/D_adc.o
 .bss.s_current_window_off
                0x00000000200000ee        0x1 ./Drivers/D_adc.o
 .bss.s_current_in_window
                0x00000000200000ef        0x1 ./Drivers/D_adc.o
 .bss.s_current_valid
                0x00000000200000f0        0x1 ./Drivers/D_adc.o
 *fill*         0x00000000200000f1        0x1 
 .bss.s_current_offset
                0x00000000200000f2        0x2 ./Drivers/D_adc.o
 .bss.s_current_avg
                0x00000000200000f4        0x2 ./Drivers/D_adc.o
 *fill*         0x00000000200000f6        0x2 
 .bss.s_current_half_sum
                0x00000000200000f8        0x4 ./Drivers/D_adc.o
 .bss.s_adc_dma_buffer
                0x00000000200000fc       0x50 ./Drivers/D_adc.o
 .bss.s_i2c_initialized
                0x000000002000014c        0x1 ./Drivers/D_i2c.o
 .bss.s_motor_direction
                0x000000002000014d        0x1 ./Drivers/D_motor.o
 .bss.s_pulse_us
                0x000000002000014e        0x2 ./Drivers/D_tim.o
 .bss.s_ic_overflow
                0x0000000020000150        0x4 ./Drivers/D_tim.o
 .bss.s_ic_period_valid
                0x0000000020000154        0x1 ./Drivers/D_tim.o
 *fill*         0x0000000020000155        0x3 
 .bss.s_ic_rise_time
                0x0000000020000158        0x4 ./Drivers/D_tim.o
 .bss.s_ic_have_rise
                0x000000002000015c        0x1 ./Drivers/D_tim.o
 .bss.s_ic_wait_falling
                0x000000002000015d        0x1 ./Drivers/D_tim.o
 *fill*         0x000000002000015e        0x2 
 .bss.s_pending_baud
                0x0000000020000160        0x4 ./Drivers/D_uart.o
 .bss.s_enabled
                0x0000000020000164        0x1 ./Drivers/D_uart.o
 .bss.s_tx_busy
                0x0000000020000165        0x1 ./Drivers/D_uart.o
 *fill*         0x0000000020000166        0x2 
 .bss.s_tx_rb   0x0000000020000168       0x82 ./Drivers/D_uart.o
 *fill*         0x00000000200001ea        0x2 
 .bss.s_rx_rb   0x00000000200001ec       0x82 ./Drivers/D_uart.o
 *fill*         0x000000002000026e        0x2 
 .bss.s_frame   0x0000000020000270       0x18 ./Drivers/D_ws2812.o
 .bss.s_ctl     0x0000000020000288       0x18 ./Common/C_Pos_Ctrl.o
 .bss.s_obs     0x00000000200002a0       0x2c ./Common/C_Speed_Observer.o
 .bss.s_task_count
                0x00000000200002cc        0x1 ./Common/C_Task_Scheduler.o
 *fill*         0x00000000200002cd        0x3 
 .bss.s_tasks   0x00000000200002d0        0x4 ./Common/C_Task_Scheduler.o
 .bss.s_tj      0x00000000200002d4       0x98 ./Common/C_Traj_Planner.o
 .bss.s_save_event
                0x000000002000036c        0x4 ./Application/A_Config.o
 .bss.s_dirty   0x0000000020000370        0x1 ./Application/A_Config.o
 *fill*         0x0000000020000371        0x3 
 .bss.s_sequence
                0x0000000020000374        0x4 ./Application/A_Config.o
 .bss.g_config  0x0000000020000378       0x16 ./Application/A_Config.o
                0x0000000020000378                g_config
 *fill*         0x000000002000038e        0x2 
 .bss.s_prot    0x0000000020000390       0x10 ./Application/A_Protect.o
 .bss.s_servo   0x00000000200003a0       0x98 ./Application/A_Servo.o
 .bss.led_on.0  0x0000000020000438        0x1 ./Application/A_Tasks.o
 *fill*         0x0000000020000439        0x3 
 .bss.s_reply   0x000000002000043c       0x31 ./Application/A_UartCmd.o
 .bss.s_framing
                0x000000002000046d        0x1 ./Application/A_UartCmd.o
 .bss.s_frame_idx
                0x000000002000046e        0x1 ./Application/A_UartCmd.o
 *fill*         0x000000002000046f        0x1 
 .bss.s_frame   0x0000000020000470       0x20 ./Application/A_UartCmd.o
 *(.gnu.linkonce.b.*)
 *(COMMON*)
                0x0000000020000490                . = ALIGN (0x4)
                0x0000000020000490                PROVIDE (_ebss = .)
                0x0000000020000490                PROVIDE (_end = _ebss)
                [!provide]                        PROVIDE (end = .)

.stack          0x0000000020001800      0x800
                0x0000000020001800                PROVIDE (_heap_end = .)
                0x0000000020001800                . = ALIGN (0x4)
                [!provide]                        PROVIDE (_susrstack = .)
                0x0000000020002000                . = (. + __stack_size)
 *fill*         0x0000000020001800      0x800 
                0x0000000020002000                PROVIDE (_eusrstack = .)
OUTPUT(CH32V00X_APP.elf elf32-littleriscv)

.debug_info     0x0000000000000000    0x16cd4
 .debug_info    0x0000000000000000      0x6ca ./User/ch32v00X_it.o
 .debug_info    0x00000000000006ca      0x284 ./User/main.o
 .debug_info    0x000000000000094e      0x5e6 ./System/flash.o
 .debug_info    0x0000000000000f34      0x697 ./System/iap.o
 .debug_info    0x00000000000015cb      0x328 ./System/system_ch32v00X.o
 .debug_info    0x00000000000018f3       0x23 ./SRC/Startup/startup_ch32v00X.o
 .debug_info    0x0000000000001916      0xdf6 ./SRC/Peripheral/src/ch32v00X_adc.o
 .debug_info    0x000000000000270c      0x430 ./SRC/Peripheral/src/ch32v00X_dma.o
 .debug_info    0x0000000000002b3c      0xb4c ./SRC/Peripheral/src/ch32v00X_flash.o
 .debug_info    0x0000000000003688      0x90a ./SRC/Peripheral/src/ch32v00X_gpio.o
 .debug_info    0x0000000000003f92      0xb0d ./SRC/Peripheral/src/ch32v00X_i2c.o
 .debug_info    0x0000000000004a9f      0x277 ./SRC/Peripheral/src/ch32v00X_iwdg.o
 .debug_info    0x0000000000004d16      0x4fe ./SRC/Peripheral/src/ch32v00X_misc.o
 .debug_info    0x0000000000005214      0xba9 ./SRC/Peripheral/src/ch32v00X_opa.o
 .debug_info    0x0000000000005dbd      0x8d7 ./SRC/Peripheral/src/ch32v00X_rcc.o
 .debug_info    0x0000000000006694      0x769 ./SRC/Peripheral/src/ch32v00X_spi.o
 .debug_info    0x0000000000006dfd     0x1fd4 ./SRC/Peripheral/src/ch32v00X_tim.o
 .debug_info    0x0000000000008dd1      0x887 ./SRC/Peripheral/src/ch32v00X_usart.o
 .debug_info    0x0000000000009658      0x702 ./SRC/Debug/debug.o
 .debug_info    0x0000000000009d5a      0x2eb ./SRC/Core/core_riscv.o
 .debug_info    0x000000000000a045     0x11bf ./Drivers/D_adc.o
 .debug_info    0x000000000000b204      0xfad ./Drivers/D_i2c.o
 .debug_info    0x000000000000c1b1      0x225 ./Drivers/D_iwdg.o
 .debug_info    0x000000000000c3d6      0x5b4 ./Drivers/D_motor.o
 .debug_info    0x000000000000c98a      0x1bd ./Drivers/D_mt6701.o
 .debug_info    0x000000000000cb47      0x796 ./Drivers/D_opa.o
 .debug_info    0x000000000000d2dd      0x604 ./Drivers/D_spi.o
 .debug_info    0x000000000000d8e1     0x1493 ./Drivers/D_tim.o
 .debug_info    0x000000000000ed74      0x2bd ./Drivers/D_tmp112.o
 .debug_info    0x000000000000f031     0x1017 ./Drivers/D_uart.o
 .debug_info    0x0000000000010048      0x24e ./Drivers/D_ws2812.o
 .debug_info    0x0000000000010296      0x808 ./Common/C_Pos_Ctrl.o
 .debug_info    0x0000000000010a9e      0x1be ./Common/C_Ring_Buf.o
 .debug_info    0x0000000000010c5c      0x339 ./Common/C_Speed_Observer.o
 .debug_info    0x0000000000010f95      0x367 ./Common/C_Task_Scheduler.o
 .debug_info    0x00000000000112fc     0x1386 ./Common/C_Traj_Planner.o
 .debug_info    0x0000000000012682      0x4c2 ./Application/A_Config.o
 .debug_info    0x0000000000012b44      0x684 ./Application/A_Protect.o
 .debug_info    0x00000000000131c8      0x287 ./Application/A_Sensor.o
 .debug_info    0x000000000001344f     0x1f2d ./Application/A_Servo.o
 .debug_info    0x000000000001537c      0x2db ./Application/A_Tasks.o
 .debug_info    0x0000000000015657     0x167d ./Application/A_UartCmd.o

.debug_abbrev   0x0000000000000000     0x5625
 .debug_abbrev  0x0000000000000000      0x217 ./User/ch32v00X_it.o
 .debug_abbrev  0x0000000000000217       0xb5 ./User/main.o
 .debug_abbrev  0x00000000000002cc      0x1b8 ./System/flash.o
 .debug_abbrev  0x0000000000000484      0x29f ./System/iap.o
 .debug_abbrev  0x0000000000000723      0x164 ./System/system_ch32v00X.o
 .debug_abbrev  0x0000000000000887       0x12 ./SRC/Startup/startup_ch32v00X.o
 .debug_abbrev  0x0000000000000899      0x1bd ./SRC/Peripheral/src/ch32v00X_adc.o
 .debug_abbrev  0x0000000000000a56      0x18d ./SRC/Peripheral/src/ch32v00X_dma.o
 .debug_abbrev  0x0000000000000be3      0x3af ./SRC/Peripheral/src/ch32v00X_flash.o
 .debug_abbrev  0x0000000000000f92      0x1f0 ./SRC/Peripheral/src/ch32v00X_gpio.o
 .debug_abbrev  0x0000000000001182      0x256 ./SRC/Peripheral/src/ch32v00X_i2c.o
 .debug_abbrev  0x00000000000013d8      0x12a ./SRC/Peripheral/src/ch32v00X_iwdg.o
 .debug_abbrev  0x0000000000001502      0x1c0 ./SRC/Peripheral/src/ch32v00X_misc.o
 .debug_abbrev  0x00000000000016c2      0x1cc ./SRC/Peripheral/src/ch32v00X_opa.o
 .debug_abbrev  0x000000000000188e      0x23c ./SRC/Peripheral/src/ch32v00X_rcc.o
 .debug_abbrev  0x0000000000001aca      0x20a ./SRC/Peripheral/src/ch32v00X_spi.o
 .debug_abbrev  0x0000000000001cd4      0x330 ./SRC/Peripheral/src/ch32v00X_tim.o
 .debug_abbrev  0x0000000000002004      0x1ff ./SRC/Peripheral/src/ch32v00X_usart.o
 .debug_abbrev  0x0000000000002203      0x283 ./SRC/Debug/debug.o
 .debug_abbrev  0x0000000000002486       0xe5 ./SRC/Core/core_riscv.o
 .debug_abbrev  0x000000000000256b      0x34f ./Drivers/D_adc.o
 .debug_abbrev  0x00000000000028ba      0x2ff ./Drivers/D_i2c.o
 .debug_abbrev  0x0000000000002bb9      0x118 ./Drivers/D_iwdg.o
 .debug_abbrev  0x0000000000002cd1      0x1a6 ./Drivers/D_motor.o
 .debug_abbrev  0x0000000000002e77       0xed ./Drivers/D_mt6701.o
 .debug_abbrev  0x0000000000002f64      0x13e ./Drivers/D_opa.o
 .debug_abbrev  0x00000000000030a2      0x1bd ./Drivers/D_spi.o
 .debug_abbrev  0x000000000000325f      0x386 ./Drivers/D_tim.o
 .debug_abbrev  0x00000000000035e5      0x158 ./Drivers/D_tmp112.o
 .debug_abbrev  0x000000000000373d      0x321 ./Drivers/D_uart.o
 .debug_abbrev  0x0000000000003a5e      0x131 ./Drivers/D_ws2812.o
 .debug_abbrev  0x0000000000003b8f      0x2c8 ./Common/C_Pos_Ctrl.o
 .debug_abbrev  0x0000000000003e57      0x10c ./Common/C_Ring_Buf.o
 .debug_abbrev  0x0000000000003f63      0x185 ./Common/C_Speed_Observer.o
 .debug_abbrev  0x00000000000040e8      0x17e ./Common/C_Task_Scheduler.o
 .debug_abbrev  0x0000000000004266      0x3b6 ./Common/C_Traj_Planner.o
 .debug_abbrev  0x000000000000461c      0x242 ./Application/A_Config.o
 .debug_abbrev  0x000000000000485e      0x27a ./Application/A_Protect.o
 .debug_abbrev  0x0000000000004ad8      0x11e ./Application/A_Sensor.o
 .debug_abbrev  0x0000000000004bf6      0x52a ./Application/A_Servo.o
 .debug_abbrev  0x0000000000005120      0x163 ./Application/A_Tasks.o
 .debug_abbrev  0x0000000000005283      0x3a2 ./Application/A_UartCmd.o

.debug_aranges  0x0000000000000000     0x1460
 .debug_aranges
                0x0000000000000000       0x48 ./User/ch32v00X_it.o
 .debug_aranges
                0x0000000000000048       0x20 ./User/main.o
 .debug_aranges
                0x0000000000000068       0x38 ./System/flash.o
 .debug_aranges
                0x00000000000000a0       0x38 ./System/iap.o
 .debug_aranges
                0x00000000000000d8       0x28 ./System/system_ch32v00X.o
 .debug_aranges
                0x0000000000000100       0x30 ./SRC/Startup/startup_ch32v00X.o
 .debug_aranges
                0x0000000000000130      0x180 ./SRC/Peripheral/src/ch32v00X_adc.o
 .debug_aranges
                0x00000000000002b0       0x70 ./SRC/Peripheral/src/ch32v00X_dma.o
 .debug_aranges
                0x0000000000000320      0x118 ./SRC/Peripheral/src/ch32v00X_flash.o
 .debug_aranges
                0x0000000000000438       0x98 ./SRC/Peripheral/src/ch32v00X_gpio.o
 .debug_aranges
                0x00000000000004d0      0x118 ./SRC/Peripheral/src/ch32v00X_i2c.o
 .debug_aranges
                0x00000000000005e8       0x48 ./SRC/Peripheral/src/ch32v00X_iwdg.o
 .debug_aranges
                0x0000000000000630       0x28 ./SRC/Peripheral/src/ch32v00X_misc.o
 .debug_aranges
                0x0000000000000658       0xc0 ./SRC/Peripheral/src/ch32v00X_opa.o
 .debug_aranges
                0x0000000000000718      0x108 ./SRC/Peripheral/src/ch32v00X_rcc.o
 .debug_aranges
                0x0000000000000820       0xc0 ./SRC/Peripheral/src/ch32v00X_spi.o
 .debug_aranges
                0x00000000000008e0      0x2f0 ./SRC/Peripheral/src/ch32v00X_tim.o
 .debug_aranges
                0x0000000000000bd0       0xc8 ./SRC/Peripheral/src/ch32v00X_usart.o
 .debug_aranges
                0x0000000000000c98       0x50 ./SRC/Debug/debug.o
 .debug_aranges
                0x0000000000000ce8       0xa0 ./SRC/Core/core_riscv.o
 .debug_aranges
                0x0000000000000d88       0x58 ./Drivers/D_adc.o
 .debug_aranges
                0x0000000000000de0       0x58 ./Drivers/D_i2c.o
 .debug_aranges
                0x0000000000000e38       0x28 ./Drivers/D_iwdg.o
 .debug_aranges
                0x0000000000000e60       0x28 ./Drivers/D_motor.o
 .debug_aranges
                0x0000000000000e88       0x30 ./Drivers/D_mt6701.o
 .debug_aranges
                0x0000000000000eb8       0x20 ./Drivers/D_opa.o
 .debug_aranges
                0x0000000000000ed8       0x30 ./Drivers/D_spi.o
 .debug_aranges
                0x0000000000000f08       0x58 ./Drivers/D_tim.o
 .debug_aranges
                0x0000000000000f60       0x28 ./Drivers/D_tmp112.o
 .debug_aranges
                0x0000000000000f88       0x68 ./Drivers/D_uart.o
 .debug_aranges
                0x0000000000000ff0       0x38 ./Drivers/D_ws2812.o
 .debug_aranges
                0x0000000000001028       0x40 ./Common/C_Pos_Ctrl.o
 .debug_aranges
                0x0000000000001068       0x38 ./Common/C_Ring_Buf.o
 .debug_aranges
                0x00000000000010a0       0x28 ./Common/C_Speed_Observer.o
 .debug_aranges
                0x00000000000010c8       0x48 ./Common/C_Task_Scheduler.o
 .debug_aranges
                0x0000000000001110       0x90 ./Common/C_Traj_Planner.o
 .debug_aranges
                0x00000000000011a0       0x48 ./Application/A_Config.o
 .debug_aranges
                0x00000000000011e8       0x58 ./Application/A_Protect.o
 .debug_aranges
                0x0000000000001240       0x38 ./Application/A_Sensor.o
 .debug_aranges
                0x0000000000001278      0x140 ./Application/A_Servo.o
 .debug_aranges
                0x00000000000013b8       0x40 ./Application/A_Tasks.o
 .debug_aranges
                0x00000000000013f8       0x68 ./Application/A_UartCmd.o

.debug_rnglists
                0x0000000000000000     0x1b81
 .debug_rnglists
                0x0000000000000000       0x43 ./User/ch32v00X_it.o
 .debug_rnglists
                0x0000000000000043       0x16 ./User/main.o
 .debug_rnglists
                0x0000000000000059       0x31 ./System/flash.o
 .debug_rnglists
                0x000000000000008a       0x31 ./System/iap.o
 .debug_rnglists
                0x00000000000000bb       0x1f ./System/system_ch32v00X.o
 .debug_rnglists
                0x00000000000000da       0x21 ./SRC/Startup/startup_ch32v00X.o
 .debug_rnglists
                0x00000000000000fb      0x1a2 ./SRC/Peripheral/src/ch32v00X_adc.o
 .debug_rnglists
                0x000000000000029d       0x70 ./SRC/Peripheral/src/ch32v00X_dma.o
 .debug_rnglists
                0x000000000000030d      0x12d ./SRC/Peripheral/src/ch32v00X_flash.o
 .debug_rnglists
                0x000000000000043a       0x9d ./SRC/Peripheral/src/ch32v00X_gpio.o
 .debug_rnglists
                0x00000000000004d7      0x12d ./SRC/Peripheral/src/ch32v00X_i2c.o
 .debug_rnglists
                0x0000000000000604       0x43 ./SRC/Peripheral/src/ch32v00X_iwdg.o
 .debug_rnglists
                0x0000000000000647       0x45 ./SRC/Peripheral/src/ch32v00X_misc.o
 .debug_rnglists
                0x000000000000068c       0xca ./SRC/Peripheral/src/ch32v00X_opa.o
 .debug_rnglists
                0x0000000000000756      0x11b ./SRC/Peripheral/src/ch32v00X_rcc.o
 .debug_rnglists
                0x0000000000000871       0xca ./SRC/Peripheral/src/ch32v00X_spi.o
 .debug_rnglists
                0x000000000000093b      0x340 ./SRC/Peripheral/src/ch32v00X_tim.o
 .debug_rnglists
                0x0000000000000c7b       0xd3 ./SRC/Peripheral/src/ch32v00X_usart.o
 .debug_rnglists
                0x0000000000000d4e       0x4c ./SRC/Debug/debug.o
 .debug_rnglists
                0x0000000000000d9a       0xa6 ./SRC/Core/core_riscv.o
 .debug_rnglists
                0x0000000000000e40       0xa9 ./Drivers/D_adc.o
 .debug_rnglists
                0x0000000000000ee9       0x97 ./Drivers/D_i2c.o
 .debug_rnglists
                0x0000000000000f80       0x1f ./Drivers/D_iwdg.o
 .debug_rnglists
                0x0000000000000f9f       0x1f ./Drivers/D_motor.o
 .debug_rnglists
                0x0000000000000fbe       0x28 ./Drivers/D_mt6701.o
 .debug_rnglists
                0x0000000000000fe6       0x16 ./Drivers/D_opa.o
 .debug_rnglists
                0x0000000000000ffc       0x3b ./Drivers/D_spi.o
 .debug_rnglists
                0x0000000000001037       0x68 ./Drivers/D_tim.o
 .debug_rnglists
                0x000000000000109f       0x4e ./Drivers/D_tmp112.o
 .debug_rnglists
                0x00000000000010ed       0x67 ./Drivers/D_uart.o
 .debug_rnglists
                0x0000000000001154       0x31 ./Drivers/D_ws2812.o
 .debug_rnglists
                0x0000000000001185       0xf4 ./Common/C_Pos_Ctrl.o
 .debug_rnglists
                0x0000000000001279       0x31 ./Common/C_Ring_Buf.o
 .debug_rnglists
                0x00000000000012aa       0x5f ./Common/C_Speed_Observer.o
 .debug_rnglists
                0x0000000000001309       0x43 ./Common/C_Task_Scheduler.o
 .debug_rnglists
                0x000000000000134c      0x271 ./Common/C_Traj_Planner.o
 .debug_rnglists
                0x00000000000015bd       0x43 ./Application/A_Config.o
 .debug_rnglists
                0x0000000000001600      0x105 ./Application/A_Protect.o
 .debug_rnglists
                0x0000000000001705       0x31 ./Application/A_Sensor.o
 .debug_rnglists
                0x0000000000001736      0x330 ./Application/A_Servo.o
 .debug_rnglists
                0x0000000000001a66       0x3a ./Application/A_Tasks.o
 .debug_rnglists
                0x0000000000001aa0       0xe1 ./Application/A_UartCmd.o

.debug_line     0x0000000000000000    0x1ade1
 .debug_line    0x0000000000000000      0x1dd ./User/ch32v00X_it.o
 .debug_line    0x00000000000001dd      0x177 ./User/main.o
 .debug_line    0x0000000000000354      0x597 ./System/flash.o
 .debug_line    0x00000000000008eb      0x5c2 ./System/iap.o
 .debug_line    0x0000000000000ead      0x41b ./System/system_ch32v00X.o
 .debug_line    0x00000000000012c8      0x10e ./SRC/Startup/startup_ch32v00X.o
 .debug_line    0x00000000000013d6     0x1440 ./SRC/Peripheral/src/ch32v00X_adc.o
 .debug_line    0x0000000000002816      0x5bc ./SRC/Peripheral/src/ch32v00X_dma.o
 .debug_line    0x0000000000002dd2     0x1d3b ./SRC/Peripheral/src/ch32v00X_flash.o
 .debug_line    0x0000000000004b0d      0xec3 ./SRC/Peripheral/src/ch32v00X_gpio.o
 .debug_line    0x00000000000059d0      0xe9c ./SRC/Peripheral/src/ch32v00X_i2c.o
 .debug_line    0x000000000000686c      0x1c0 ./SRC/Peripheral/src/ch32v00X_iwdg.o
 .debug_line    0x0000000000006a2c      0x1d7 ./SRC/Peripheral/src/ch32v00X_misc.o
 .debug_line    0x0000000000006c03      0xaca ./SRC/Peripheral/src/ch32v00X_opa.o
 .debug_line    0x00000000000076cd      0xe41 ./SRC/Peripheral/src/ch32v00X_rcc.o
 .debug_line    0x000000000000850e      0x827 ./SRC/Peripheral/src/ch32v00X_spi.o
 .debug_line    0x0000000000008d35     0x39b8 ./SRC/Peripheral/src/ch32v00X_tim.o
 .debug_line    0x000000000000c6ed      0xa78 ./SRC/Peripheral/src/ch32v00X_usart.o
 .debug_line    0x000000000000d165      0x57c ./SRC/Debug/debug.o
 .debug_line    0x000000000000d6e1      0x332 ./SRC/Core/core_riscv.o
 .debug_line    0x000000000000da13      0xbc5 ./Drivers/D_adc.o
 .debug_line    0x000000000000e5d8      0xcfb ./Drivers/D_i2c.o
 .debug_line    0x000000000000f2d3      0x11b ./Drivers/D_iwdg.o
 .debug_line    0x000000000000f3ee      0x292 ./Drivers/D_motor.o
 .debug_line    0x000000000000f680      0x176 ./Drivers/D_mt6701.o
 .debug_line    0x000000000000f7f6      0x19f ./Drivers/D_opa.o
 .debug_line    0x000000000000f995      0x2bd ./Drivers/D_spi.o
 .debug_line    0x000000000000fc52      0xbb1 ./Drivers/D_tim.o
 .debug_line    0x0000000000010803      0x1ab ./Drivers/D_tmp112.o
 .debug_line    0x00000000000109ae      0x888 ./Drivers/D_uart.o
 .debug_line    0x0000000000011236      0x1a6 ./Drivers/D_ws2812.o
 .debug_line    0x00000000000113dc      0xf44 ./Common/C_Pos_Ctrl.o
 .debug_line    0x0000000000012320      0x2cf ./Common/C_Ring_Buf.o
 .debug_line    0x00000000000125ef      0x4a0 ./Common/C_Speed_Observer.o
 .debug_line    0x0000000000012a8f      0x63f ./Common/C_Task_Scheduler.o
 .debug_line    0x00000000000130ce     0x2826 ./Common/C_Traj_Planner.o
 .debug_line    0x00000000000158f4      0x4da ./Application/A_Config.o
 .debug_line    0x0000000000015dce      0x8a9 ./Application/A_Protect.o
 .debug_line    0x0000000000016677      0x2e7 ./Application/A_Sensor.o
 .debug_line    0x000000000001695e     0x308b ./Application/A_Servo.o
 .debug_line    0x00000000000199e9      0x171 ./Application/A_Tasks.o
 .debug_line    0x0000000000019b5a     0x1287 ./Application/A_UartCmd.o

.debug_str      0x0000000000000000     0x598a
 .debug_str     0x0000000000000000      0x3e2 ./User/ch32v00X_it.o
                                        0x481 (size before relaxing)
 .debug_str     0x00000000000003e2      0x146 ./User/main.o
                                        0x2d2 (size before relaxing)
 .debug_str     0x0000000000000528      0x17c ./System/flash.o
                                        0x342 (size before relaxing)
 .debug_str     0x00000000000006a4      0x139 ./System/iap.o
                                        0x3c1 (size before relaxing)
 .debug_str     0x00000000000007dd       0xd6 ./System/system_ch32v00X.o
                                        0x2df (size before relaxing)
 .debug_str     0x00000000000008b3       0x60 ./SRC/Startup/startup_ch32v00X.o
 .debug_str     0x0000000000000913      0x6cb ./SRC/Peripheral/src/ch32v00X_adc.o
                                        0x8b5 (size before relaxing)
 .debug_str     0x0000000000000fde      0x1d5 ./SRC/Peripheral/src/ch32v00X_dma.o
                                        0x3ca (size before relaxing)
 .debug_str     0x00000000000011b3      0x324 ./SRC/Peripheral/src/ch32v00X_flash.o
                                        0x67b (size before relaxing)
 .debug_str     0x00000000000014d7      0x2c5 ./SRC/Peripheral/src/ch32v00X_gpio.o
                                        0x509 (size before relaxing)
 .debug_str     0x000000000000179c      0x403 ./SRC/Peripheral/src/ch32v00X_i2c.o
                                        0x692 (size before relaxing)
 .debug_str     0x0000000000001b9f       0xa8 ./SRC/Peripheral/src/ch32v00X_iwdg.o
                                        0x2ca (size before relaxing)
 .debug_str     0x0000000000001c47      0x288 ./SRC/Peripheral/src/ch32v00X_misc.o
                                        0x4fd (size before relaxing)
 .debug_str     0x0000000000001ecf      0xa23 ./SRC/Peripheral/src/ch32v00X_opa.o
                                        0xc3d (size before relaxing)
 .debug_str     0x00000000000028f2      0x2a6 ./SRC/Peripheral/src/ch32v00X_rcc.o
                                        0x64c (size before relaxing)
 .debug_str     0x0000000000002b98      0x274 ./SRC/Peripheral/src/ch32v00X_spi.o
                                        0x51d (size before relaxing)
 .debug_str     0x0000000000002e0c      0xaa6 ./SRC/Peripheral/src/ch32v00X_tim.o
                                        0xec3 (size before relaxing)
 .debug_str     0x00000000000038b2      0x2ed ./SRC/Peripheral/src/ch32v00X_usart.o
                                        0x5eb (size before relaxing)
 .debug_str     0x0000000000003b9f       0x98 ./SRC/Debug/debug.o
                                        0x51f (size before relaxing)
 .debug_str     0x0000000000003c37       0xda ./SRC/Core/core_riscv.o
                                        0x25c (size before relaxing)
 .debug_str     0x0000000000003d11      0x1e2 ./Drivers/D_adc.o
                                        0xb67 (size before relaxing)
 .debug_str     0x0000000000003ef3       0xc0 ./Drivers/D_i2c.o
                                        0x65a (size before relaxing)
 .debug_str     0x0000000000003fb3        0xc ./Drivers/D_iwdg.o
                                        0x261 (size before relaxing)
 .debug_str     0x0000000000003fbf       0x95 ./Drivers/D_motor.o
                                        0x41b (size before relaxing)
 .debug_str     0x0000000000004054       0x26 ./Drivers/D_mt6701.o
                                        0x1df (size before relaxing)
 .debug_str     0x000000000000407a       0x12 ./Drivers/D_opa.o
                                        0x8d2 (size before relaxing)
 .debug_str     0x000000000000408c       0x2f ./Drivers/D_spi.o
                                        0x4b5 (size before relaxing)
 .debug_str     0x00000000000040bb      0x124 ./Drivers/D_tim.o
                                        0xc10 (size before relaxing)
 .debug_str     0x00000000000041df       0x6b ./Drivers/D_tmp112.o
                                        0x247 (size before relaxing)
 .debug_str     0x000000000000424a      0x11b ./Drivers/D_uart.o
                                        0x8d2 (size before relaxing)
 .debug_str     0x0000000000004365       0x37 ./Drivers/D_ws2812.o
                                        0x1fe (size before relaxing)
 .debug_str     0x000000000000439c      0x22f ./Common/C_Pos_Ctrl.o
                                        0x412 (size before relaxing)
 .debug_str     0x00000000000045cb        0x5 ./Common/C_Ring_Buf.o
                                        0x1ee (size before relaxing)
 .debug_str     0x00000000000045d0       0xf9 ./Common/C_Speed_Observer.o
                                        0x2d0 (size before relaxing)
 .debug_str     0x00000000000046c9       0x98 ./Common/C_Task_Scheduler.o
                                        0x2a7 (size before relaxing)
 .debug_str     0x0000000000004761      0x3e3 ./Common/C_Traj_Planner.o
                                        0x61c (size before relaxing)
 .debug_str     0x0000000000004b44      0x282 ./Application/A_Config.o
                                        0x4a2 (size before relaxing)
 .debug_str     0x0000000000004dc6      0x240 ./Application/A_Protect.o
                                        0x516 (size before relaxing)
 .debug_str     0x0000000000005006       0x38 ./Application/A_Sensor.o
                                        0x28c (size before relaxing)
 .debug_str     0x000000000000503e      0x63e ./Application/A_Servo.o
                                        0xd7b (size before relaxing)
 .debug_str     0x000000000000567c       0x4a ./Application/A_Tasks.o
                                        0x2b3 (size before relaxing)
 .debug_str     0x00000000000056c6      0x2c4 ./Application/A_UartCmd.o
                                        0x8e1 (size before relaxing)

.debug_line_str
                0x0000000000000000      0xaf3
 .debug_line_str
                0x0000000000000000      0x2b8 ./User/ch32v00X_it.o
                                        0x311 (size before relaxing)
 .debug_line_str
                0x00000000000002b8      0x15c ./User/main.o
                                        0x3eb (size before relaxing)
 .debug_line_str
                0x0000000000000414      0x16f ./System/flash.o
                                        0x361 (size before relaxing)
 .debug_line_str
                0x0000000000000583       0x16 ./System/iap.o
                                        0x2bc (size before relaxing)
 .debug_line_str
                0x0000000000000599       0x2c ./System/system_ch32v00X.o
                                        0x28e (size before relaxing)
 .debug_line_str
                0x00000000000005c5       0x22 ./SRC/Startup/startup_ch32v00X.o
                                         0x67 (size before relaxing)
 .debug_line_str
                0x00000000000005e7       0x4a ./SRC/Peripheral/src/ch32v00X_adc.o
                                        0x2a8 (size before relaxing)
 .debug_line_str
                0x0000000000000631       0x34 ./SRC/Peripheral/src/ch32v00X_dma.o
                                        0x299 (size before relaxing)
 .debug_line_str
                0x0000000000000665       0x27 ./SRC/Peripheral/src/ch32v00X_flash.o
                                        0x2a1 (size before relaxing)
 .debug_line_str
                0x000000000000068c       0x26 ./SRC/Peripheral/src/ch32v00X_gpio.o
                                        0x2ac (size before relaxing)
 .debug_line_str
                0x00000000000006b2       0x34 ./SRC/Peripheral/src/ch32v00X_i2c.o
                                        0x2a8 (size before relaxing)
 .debug_line_str
                0x00000000000006e6       0x26 ./SRC/Peripheral/src/ch32v00X_iwdg.o
                                        0x28d (size before relaxing)
 .debug_line_str
                0x000000000000070c       0x26 ./SRC/Peripheral/src/ch32v00X_misc.o
                                        0x29d (size before relaxing)
 .debug_line_str
                0x0000000000000732       0x34 ./SRC/Peripheral/src/ch32v00X_opa.o
                                        0x299 (size before relaxing)
 .debug_line_str
                0x0000000000000766       0x25 ./SRC/Peripheral/src/ch32v00X_rcc.o
                                        0x299 (size before relaxing)
 .debug_line_str
                0x000000000000078b       0x34 ./SRC/Peripheral/src/ch32v00X_spi.o
                                        0x2a8 (size before relaxing)
 .debug_line_str
                0x00000000000007bf       0x25 ./SRC/Peripheral/src/ch32v00X_tim.o
                                        0x2a8 (size before relaxing)
 .debug_line_str
                0x00000000000007e4       0x38 ./SRC/Peripheral/src/ch32v00X_usart.o
                                        0x2b0 (size before relaxing)
 .debug_line_str
                0x000000000000081c       0x22 ./SRC/Debug/debug.o
                                        0x37d (size before relaxing)
 .debug_line_str
                0x000000000000083e       0x25 ./SRC/Core/core_riscv.o
                                        0x1e0 (size before relaxing)
 .debug_line_str
                0x0000000000000863       0x1e ./Drivers/D_adc.o
                                        0x2f7 (size before relaxing)
 .debug_line_str
                0x0000000000000881       0x13 ./Drivers/D_i2c.o
                                        0x28d (size before relaxing)
 .debug_line_str
                0x0000000000000894       0x24 ./Drivers/D_iwdg.o
                                        0x276 (size before relaxing)
 .debug_line_str
                0x00000000000008b8       0x15 ./Drivers/D_motor.o
                                        0x240 (size before relaxing)
 .debug_line_str
                0x00000000000008cd       0x16 ./Drivers/D_mt6701.o
                                        0x1e0 (size before relaxing)
 .debug_line_str
                0x00000000000008e3       0x13 ./Drivers/D_opa.o
                                        0x298 (size before relaxing)
 .debug_line_str
                0x00000000000008f6       0x13 ./Drivers/D_spi.o
                                        0x28d (size before relaxing)
 .debug_line_str
                0x0000000000000909       0x13 ./Drivers/D_tim.o
                                        0x29d (size before relaxing)
 .debug_line_str
                0x000000000000091c       0x16 ./Drivers/D_tmp112.o
                                        0x1e0 (size before relaxing)
 .debug_line_str
                0x0000000000000932       0x21 ./Drivers/D_uart.o
                                        0x2e4 (size before relaxing)
 .debug_line_str
                0x0000000000000953       0x16 ./Drivers/D_ws2812.o
                                        0x220 (size before relaxing)
 .debug_line_str
                0x0000000000000969       0x52 ./Common/C_Pos_Ctrl.o
                                        0x20d (size before relaxing)
 .debug_line_str
                0x00000000000009bb       0x17 ./Common/C_Ring_Buf.o
                                        0x1e9 (size before relaxing)
 .debug_line_str
                0x00000000000009d2       0x1d ./Common/C_Speed_Observer.o
                                        0x201 (size before relaxing)
 .debug_line_str
                0x00000000000009ef       0x1d ./Common/C_Task_Scheduler.o
                                        0x245 (size before relaxing)
 .debug_line_str
                0x0000000000000a0c       0x1b ./Common/C_Traj_Planner.o
                                        0x1f9 (size before relaxing)
 .debug_line_str
                0x0000000000000a27       0x29 ./Application/A_Config.o
                                        0x36a (size before relaxing)
 .debug_line_str
                0x0000000000000a50       0x26 ./Application/A_Protect.o
                                        0x33a (size before relaxing)
 .debug_line_str
                0x0000000000000a76       0x1a ./Application/A_Sensor.o
                                        0x229 (size before relaxing)
 .debug_line_str
                0x0000000000000a90       0x23 ./Application/A_Servo.o
                                        0x442 (size before relaxing)
 .debug_line_str
                0x0000000000000ab3       0x25 ./Application/A_Tasks.o
                                        0x2d7 (size before relaxing)
 .debug_line_str
                0x0000000000000ad8       0x1b ./Application/A_UartCmd.o
                                        0x3cb (size before relaxing)

.comment        0x0000000000000000       0x31
 .comment       0x0000000000000000       0x31 ./User/ch32v00X_it.o
                                         0x32 (size before relaxing)
 .comment       0x0000000000000031       0x32 ./User/main.o
 .comment       0x0000000000000031       0x32 ./System/flash.o
 .comment       0x0000000000000031       0x32 ./System/iap.o
 .comment       0x0000000000000031       0x32 ./System/system_ch32v00X.o
 .comment       0x0000000000000031       0x32 ./SRC/Peripheral/src/ch32v00X_adc.o
 .comment       0x0000000000000031       0x32 ./SRC/Peripheral/src/ch32v00X_dma.o
 .comment       0x0000000000000031       0x32 ./SRC/Peripheral/src/ch32v00X_flash.o
 .comment       0x0000000000000031       0x32 ./SRC/Peripheral/src/ch32v00X_gpio.o
 .comment       0x0000000000000031       0x32 ./SRC/Peripheral/src/ch32v00X_i2c.o
 .comment       0x0000000000000031       0x32 ./SRC/Peripheral/src/ch32v00X_iwdg.o
 .comment       0x0000000000000031       0x32 ./SRC/Peripheral/src/ch32v00X_misc.o
 .comment       0x0000000000000031       0x32 ./SRC/Peripheral/src/ch32v00X_opa.o
 .comment       0x0000000000000031       0x32 ./SRC/Peripheral/src/ch32v00X_rcc.o
 .comment       0x0000000000000031       0x32 ./SRC/Peripheral/src/ch32v00X_spi.o
 .comment       0x0000000000000031       0x32 ./SRC/Peripheral/src/ch32v00X_tim.o
 .comment       0x0000000000000031       0x32 ./SRC/Peripheral/src/ch32v00X_usart.o
 .comment       0x0000000000000031       0x32 ./SRC/Debug/debug.o
 .comment       0x0000000000000031       0x32 ./SRC/Core/core_riscv.o
 .comment       0x0000000000000031       0x32 ./Drivers/D_adc.o
 .comment       0x0000000000000031       0x32 ./Drivers/D_i2c.o
 .comment       0x0000000000000031       0x32 ./Drivers/D_iwdg.o
 .comment       0x0000000000000031       0x32 ./Drivers/D_motor.o
 .comment       0x0000000000000031       0x32 ./Drivers/D_mt6701.o
 .comment       0x0000000000000031       0x32 ./Drivers/D_opa.o
 .comment       0x0000000000000031       0x32 ./Drivers/D_spi.o
 .comment       0x0000000000000031       0x32 ./Drivers/D_tim.o
 .comment       0x0000000000000031       0x32 ./Drivers/D_tmp112.o
 .comment       0x0000000000000031       0x32 ./Drivers/D_uart.o
 .comment       0x0000000000000031       0x32 ./Drivers/D_ws2812.o
 .comment       0x0000000000000031       0x32 ./Common/C_Pos_Ctrl.o
 .comment       0x0000000000000031       0x32 ./Common/C_Ring_Buf.o
 .comment       0x0000000000000031       0x32 ./Common/C_Speed_Observer.o
 .comment       0x0000000000000031       0x32 ./Common/C_Task_Scheduler.o
 .comment       0x0000000000000031       0x32 ./Common/C_Traj_Planner.o
 .comment       0x0000000000000031       0x32 ./Application/A_Config.o
 .comment       0x0000000000000031       0x32 ./Application/A_Protect.o